<html>
<body>
<pre>
<h1>µVision Build Log</h1>
<h2>Project:</h2>
C:\Keil_project\GD32CDC\Project\USB_Device_Examples\VCP\MDK-ARM\usbd_vcp.uvproj
Project File Date:  03/10/2017

<h2>Output:</h2>
Build target 'GD3210C-EVAL_USBD-VCP'
compiling app.c...
..\MDK-ARM\shell.h(20): warning:  #1-D: last line of file ends without a newline
  int getSpeed();
..\MDK-ARM\shell.h(20): warning:  #1295-D: Deprecated declaration getSpeed - give arg types
  int getSpeed();
..\MDK-ARM\shell.h(20): warning:  #1-D: last line of file ends without a newline
  int getSpeed();
..\MDK-ARM\shell.h(20): warning:  #1295-D: Deprecated declaration getSpeed - give arg types
  int getSpeed();
..\src\app.c(53): warning:  #177-D: variable "Count" was declared but never referenced
                        uint16_t Count = 0;
..\src\app.c: 5 warnings, 0 errors
compiling shell.c...
shell.h(20): warning:  #1-D: last line of file ends without a newline
  int getSpeed();
shell.h(20): warning:  #1295-D: Deprecated declaration getSpeed - give arg types
  int getSpeed();
shell.c(163): warning:  #940-D: missing return statement at end of non-void function "getSpeed"
        }
shell.c: 3 warnings, 0 errors
linking...
Program Size: Code=13396 RO-data=368 RW-data=380 ZI-data=4100  
FromELF: creating hex file...
".\GD3210C-OBJ\USBD-VCP.axf" - 0 Error(s), 8 Warning(s).
Load "C:\\Keil_project\\GD32CDC\\Project\\USB_Device_Examples\\VCP\\MDK-ARM\\GD3210C-OBJ\\USBD-VCP.axf" 
Erase Done.
Programming Done.
Verify OK.
</pre>
</body>
</html>
raries\GD32_USB_Device_Library\Class\cdc\src\usbd_cdc_core.c(532): warning:  #177-D: variable "i" was declared but never referenced
                int i;
..\..\..\..\Libraries\GD32_USB_Device_Library\Class\cdc\src\usbd_cdc_core.c: 4 warnings, 0 errors
compiling system_gd32f10x.c...
compiling gd32f10x_exmc.c...
compiling gd32f10x_exti.c...
compiling gd32f10x_gpio.c...
compiling gd32f10x_misc.c...
compiling gd32f10x_rcc.c...
compiling gd32f10x_usart.c...
compiling gd32f10x_timer.c...
compiling gd32f10x_pwr.c...
compiling gd32f10x_can.c...
compiling can_init.c...
..\MDK-ARM\shell.h(20): warning:  #1-D: last line of file ends without a newline
  int getSpeed();
..\MDK-ARM\shell.h(20): warning:  #1295-D: Deprecated declaration getSpeed - give arg types
  int getSpeed();
..\MDK-ARM\shell.h(20): warning:  #1-D: last line of file ends without a newline
  int getSpeed();
..\MDK-ARM\shell.h(20): warning:  #1295-D: Deprecated declaration getSpeed - give arg types
  int getSpeed();
src\can_init.c: 4 warnings, 0 errors
compiling hw_conf.c...
compiling shell.c...
shell.h(20): warning:  #1-D: last line of file ends without a newline
  int getSpeed();
shell.h(20): warning:  #1295-D: Deprecated declaration getSpeed - give arg types
  int getSpeed();
shell.c(165): warning:  #940-D: missing return statement at end of non-void function "getSpeed"
        }
shell.c: 3 warnings, 0 errors
linking...
Program Size: Code=13552 RO-data=368 RW-data=380 ZI-data=4124  
FromELF: creating hex file...
".\GD3210C-OBJ\USBD-VCP.axf" - 0 Error(s), 16 Warning(s).
Load "C:\\Keil_project\\GD32CDC\\Project\\USB_Device_Examples\\VCP\\MDK-ARM\\GD3210C-OBJ\\USBD-VCP.axf" 
Erase Done.
Programming Done.
Verify OK.
Load "C:\\Keil_project\\GD32CDC\\Project\\USB_Device_Examples\\VCP\\MDK-ARM\\GD3210C-OBJ\\USBD-VCP.axf" 
Erase Done.
Programming Done.
Verify OK.
