ARM Linker, 5.03 [Build 76] [MDK-ARM Professional]

==============================================================================

Section Cross References

    app.o(i.USB_Send_Data) refers to usbd_cdc_vcp.o(i.CDC_DataTx) for CDC_DataTx
    app.o(i.USB_Send_Data) refers to usbd_cdc_core.o(.bss) for USB_DATA_Buffer
    app.o(i.main) refers to usbd_core.o(i.USBD_Init) for USBD_Init
    app.o(i.main) refers to gd32f10x_rcc.o(i.RCC_GetClocksFreq) for RCC_GetClocksFreq
    app.o(i.main) refers to hw_conf.o(i.LEDs_init) for LEDs_init
    app.o(i.main) refers to can_init.o(i.init_CAN) for init_CAN
    app.o(i.main) refers to usbd_cdc_core.o(.data) for USBD_CDC_cb
    app.o(i.main) refers to usbd_desc.o(.data) for USER_desc
    app.o(i.main) refers to app.o(.bss) for USB_OTG_dev
    usbd_cdc_vcp.o(i.CDC_DataTx) refers to usbd_cdc_core.o(.bss) for APP_DATA_Buffer
    usbd_cdc_vcp.o(i.CDC_DataTx) refers to usbd_cdc_core.o(.data) for AppBufInPtr
    usbd_desc.o(i.USBD_USER_ConfigStrDesc) refers to usbd_enum.o(i.USBD_GetUnicodeString) for USBD_GetUnicodeString
    usbd_desc.o(i.USBD_USER_ConfigStrDesc) refers to usbd_enum.o(.bss) for USBD_StrDesc
    usbd_desc.o(i.USBD_USER_DevDesc) refers to usbd_desc.o(.data) for USBD_DeviceDesc
    usbd_desc.o(i.USBD_USER_ItfStrDesc) refers to usbd_enum.o(i.USBD_GetUnicodeString) for USBD_GetUnicodeString
    usbd_desc.o(i.USBD_USER_ItfStrDesc) refers to usbd_enum.o(.bss) for USBD_StrDesc
    usbd_desc.o(i.USBD_USER_LANGIDStrDesc) refers to usbd_desc.o(.data) for USBD_LANGIDDesc
    usbd_desc.o(i.USBD_USER_MFCStrDesc) refers to usbd_enum.o(i.USBD_GetUnicodeString) for USBD_GetUnicodeString
    usbd_desc.o(i.USBD_USER_MFCStrDesc) refers to usbd_enum.o(.bss) for USBD_StrDesc
    usbd_desc.o(i.USBD_USER_ProdStrDesc) refers to usbd_enum.o(i.USBD_GetUnicodeString) for USBD_GetUnicodeString
    usbd_desc.o(i.USBD_USER_ProdStrDesc) refers to usbd_enum.o(.bss) for USBD_StrDesc
    usbd_desc.o(i.USBD_USER_SerialStrDesc) refers to usbd_enum.o(i.USBD_GetUnicodeString) for USBD_GetUnicodeString
    usbd_desc.o(i.USBD_USER_SerialStrDesc) refers to usbd_enum.o(.bss) for USBD_StrDesc
    usbd_desc.o(.data) refers to usbd_desc.o(i.USBD_USER_DevDesc) for USBD_USER_DevDesc
    usbd_desc.o(.data) refers to usbd_desc.o(i.USBD_USER_LANGIDStrDesc) for USBD_USER_LANGIDStrDesc
    usbd_desc.o(.data) refers to usbd_desc.o(i.USBD_USER_MFCStrDesc) for USBD_USER_MFCStrDesc
    usbd_desc.o(.data) refers to usbd_desc.o(i.USBD_USER_ProdStrDesc) for USBD_USER_ProdStrDesc
    usbd_desc.o(.data) refers to usbd_desc.o(i.USBD_USER_SerialStrDesc) for USBD_USER_SerialStrDesc
    usbd_desc.o(.data) refers to usbd_desc.o(i.USBD_USER_ConfigStrDesc) for USBD_USER_ConfigStrDesc
    usbd_desc.o(.data) refers to usbd_desc.o(i.USBD_USER_ItfStrDesc) for USBD_USER_ItfStrDesc
    usb_hwp.o(i.HWP_Delay) refers to usb_hwp.o(i.HWP_SetTime) for HWP_SetTime
    usb_hwp.o(i.HWP_Delay) refers to gd32f10x_timer.o(i.TIMER_Enable) for TIMER_Enable
    usb_hwp.o(i.HWP_Delay) refers to usb_hwp.o(.data) for HWP_delay
    usb_hwp.o(i.HWP_SetTime) refers to gd32f10x_timer.o(i.TIMER_Enable) for TIMER_Enable
    usb_hwp.o(i.HWP_SetTime) refers to gd32f10x_timer.o(i.TIMER_INTConfig) for TIMER_INTConfig
    usb_hwp.o(i.HWP_SetTime) refers to gd32f10x_timer.o(i.TIMER_BaseInit) for TIMER_BaseInit
    usb_hwp.o(i.HWP_SetTime) refers to gd32f10x_timer.o(i.TIMER_ClearIntBitState) for TIMER_ClearIntBitState
    usb_hwp.o(i.HWP_SetTime) refers to gd32f10x_timer.o(i.TIMER_CARLPreloadConfig) for TIMER_CARLPreloadConfig
    usb_hwp.o(i.HWP_SetTime) refers to usb_hwp.o(.data) for Timer_Prescaler
    usb_hwp.o(i.USB_OTG_HWP_EnableInterrupt) refers to gd32f10x_misc.o(i.NVIC_PRIGroup_Enable) for NVIC_PRIGroup_Enable
    usb_hwp.o(i.USB_OTG_HWP_EnableInterrupt) refers to gd32f10x_misc.o(i.NVIC_Init) for NVIC_Init
    usb_hwp.o(i.USB_OTG_HWP_Init) refers to gd32f10x_rcc.o(i.RCC_GetClocksFreq) for RCC_GetClocksFreq
    usb_hwp.o(i.USB_OTG_HWP_Init) refers to gd32f10x_rcc.o(i.RCC_OTGFSCLKConfig) for RCC_OTGFSCLKConfig
    usb_hwp.o(i.USB_OTG_HWP_Init) refers to gd32f10x_rcc.o(i.RCC_AHBPeriphClock_Enable) for RCC_AHBPeriphClock_Enable
    usb_hwp.o(i.USB_OTG_HWP_Init) refers to usb_hwp.o(i.USB_OTG_HWP_TimeInit) for USB_OTG_HWP_TimeInit
    usb_hwp.o(i.USB_OTG_HWP_Init) refers to usb_hwp.o(.data) for USBOTG_Prescaler
    usb_hwp.o(i.USB_OTG_HWP_TimeInit) refers to gd32f10x_misc.o(i.NVIC_VectTableSet) for NVIC_VectTableSet
    usb_hwp.o(i.USB_OTG_HWP_TimeInit) refers to gd32f10x_misc.o(i.NVIC_PRIGroup_Enable) for NVIC_PRIGroup_Enable
    usb_hwp.o(i.USB_OTG_HWP_TimeInit) refers to gd32f10x_misc.o(i.NVIC_Init) for NVIC_Init
    usb_hwp.o(i.USB_OTG_HWP_TimeInit) refers to gd32f10x_rcc.o(i.RCC_APB1PeriphClock_Enable) for RCC_APB1PeriphClock_Enable
    usb_hwp.o(i.USB_OTG_HWP_TimerIRQ) refers to gd32f10x_timer.o(i.TIMER_GetIntBitState) for TIMER_GetIntBitState
[...]
    Removing gd32f10x_usart.o(i.USART_MuteModeWakeUp_Set), (16 bytes).
    Removing gd32f10x_usart.o(i.USART_MuteMode_Enable), (22 bytes).
    Removing gd32f10x_usart.o(i.USART_ParaInit), (24 bytes).
    Removing gd32f10x_usart.o(i.USART_SendBreak), (10 bytes).
    Removing gd32f10x_usart.o(i.USART_SetLINBDLength), (16 bytes).
    Removing gd32f10x_usart.o(i.USART_SetPrescaler), (16 bytes).
    Removing gd32f10x_usart.o(i.USART_SmartCardNACK_Enable), (22 bytes).
    Removing gd32f10x_usart.o(i.USART_SmartCard_Enable), (22 bytes).
    Removing gd32f10x_timer.o(.rev16_text), (4 bytes).
    Removing gd32f10x_timer.o(.revsh_text), (4 bytes).
    Removing gd32f10x_timer.o(i.TI1_Config), (58 bytes).
    Removing gd32f10x_timer.o(i.TI2_Config), (80 bytes).
    Removing gd32f10x_timer.o(i.TI3_Config), (72 bytes).
    Removing gd32f10x_timer.o(i.TI4_Config), (86 bytes).
    Removing gd32f10x_timer.o(i.TIMER_BKDTConfig), (32 bytes).
    Removing gd32f10x_timer.o(i.TIMER_BKDTStructInit), (18 bytes).
    Removing gd32f10x_timer.o(i.TIMER_BaseStructInit), (18 bytes).
    Removing gd32f10x_timer.o(i.TIMER_CC_DMA), (24 bytes).
    Removing gd32f10x_timer.o(i.TIMER_CC_PreloadControl), (24 bytes).
    Removing gd32f10x_timer.o(i.TIMER_CCxCmd), (30 bytes).
    Removing gd32f10x_timer.o(i.TIMER_CCxNCmd), (30 bytes).
    Removing gd32f10x_timer.o(i.TIMER_ClearBitState), (6 bytes).
    Removing gd32f10x_timer.o(i.TIMER_Compare1Config), (4 bytes).
    Removing gd32f10x_timer.o(i.TIMER_Compare2Config), (4 bytes).
    Removing gd32f10x_timer.o(i.TIMER_Compare3Config), (4 bytes).
    Removing gd32f10x_timer.o(i.TIMER_Compare4Config), (6 bytes).
    Removing gd32f10x_timer.o(i.TIMER_CounterMode), (18 bytes).
    Removing gd32f10x_timer.o(i.TIMER_CtrlPWMOutputs), (30 bytes).
    Removing gd32f10x_timer.o(i.TIMER_DMACmd), (18 bytes).
    Removing gd32f10x_timer.o(i.TIMER_DMAConfig), (10 bytes).
    Removing gd32f10x_timer.o(i.TIMER_DeInit), (476 bytes).
    Removing gd32f10x_timer.o(i.TIMER_ETRClockMode1Config), (54 bytes).
    Removing gd32f10x_timer.o(i.TIMER_ETRClockMode2Config), (32 bytes).
    Removing gd32f10x_timer.o(i.TIMER_ETRConfig), (28 bytes).
    Removing gd32f10x_timer.o(i.TIMER_EncoderInterfaceConfig), (66 bytes).
    Removing gd32f10x_timer.o(i.TIMER_Forced_OC1), (18 bytes).
    Removing gd32f10x_timer.o(i.TIMER_Forced_OC2), (26 bytes).
    Removing gd32f10x_timer.o(i.TIMER_Forced_OC3), (18 bytes).
    Removing gd32f10x_timer.o(i.TIMER_Forced_OC4), (26 bytes).
    Removing gd32f10x_timer.o(i.TIMER_GenerateEvent), (4 bytes).
    Removing gd32f10x_timer.o(i.TIMER_GetBitState), (16 bytes).
    Removing gd32f10x_timer.o(i.TIMER_GetCapture1), (6 bytes).
    Removing gd32f10x_timer.o(i.TIMER_GetCapture2), (6 bytes).
    Removing gd32f10x_timer.o(i.TIMER_GetCapture3), (6 bytes).
    Removing gd32f10x_timer.o(i.TIMER_GetCapture4), (8 bytes).
    Removing gd32f10x_timer.o(i.TIMER_GetCounter), (6 bytes).
    Removing gd32f10x_timer.o(i.TIMER_GetPrescaler), (6 bytes).
    Removing gd32f10x_timer.o(i.TIMER_ICInit), (110 bytes).
    Removing gd32f10x_timer.o(i.TIMER_ICStructInit), (18 bytes).
    Removing gd32f10x_timer.o(i.TIMER_ITRxExtClock), (24 bytes).
    Removing gd32f10x_timer.o(i.TIMER_InternalClockConfig), (12 bytes).
    Removing gd32f10x_timer.o(i.TIMER_OC1N_Polarity), (18 bytes).
    Removing gd32f10x_timer.o(i.TIMER_OC1_FastConfig), (18 bytes).
    Removing gd32f10x_timer.o(i.TIMER_OC1_Init), (124 bytes).
    Removing gd32f10x_timer.o(i.TIMER_OC1_Polarity), (18 bytes).
    Removing gd32f10x_timer.o(i.TIMER_OC1_Preload), (18 bytes).
    Removing gd32f10x_timer.o(i.TIMER_OC1_RefClear), (18 bytes).
    Removing gd32f10x_timer.o(i.TIMER_OC2N_Polarity), (26 bytes).
    Removing gd32f10x_timer.o(i.TIMER_OC2_FastConfig), (26 bytes).
    Removing gd32f10x_timer.o(i.TIMER_OC2_Init), (164 bytes).
    Removing gd32f10x_timer.o(i.TIMER_OC2_Polarity), (26 bytes).
    Removing gd32f10x_timer.o(i.TIMER_OC2_Preload), (26 bytes).
    Removing gd32f10x_timer.o(i.TIMER_OC2_RefClear), (24 bytes).
    Removing gd32f10x_timer.o(i.TIMER_OC3N_Polarity), (26 bytes).
    Removing gd32f10x_timer.o(i.TIMER_OC3_FastConfig), (18 bytes).
    Removing gd32f10x_timer.o(i.TIMER_OC3_Init), (160 bytes).
    Removing gd32f10x_timer.o(i.TIMER_OC3_Polarity), (26 bytes).
    Removing gd32f10x_timer.o(i.TIMER_OC3_Preload), (18 bytes).
    Removing gd32f10x_timer.o(i.TIMER_OC3_RefClear), (18 bytes).
    Removing gd32f10x_timer.o(i.TIMER_OC4_FastConfig), (26 bytes).
    Removing gd32f10x_timer.o(i.TIMER_OC4_Init), (124 bytes).
    Removing gd32f10x_timer.o(i.TIMER_OC4_Polarity), (26 bytes).
    Removing gd32f10x_timer.o(i.TIMER_OC4_Preload), (26 bytes).
    Removing gd32f10x_timer.o(i.TIMER_OC4_RefClear), (24 bytes).
    Removing gd32f10x_timer.o(i.TIMER_OCStructInit), (20 bytes).
    Removing gd32f10x_timer.o(i.TIMER_OCxModeConfig), (82 bytes).
    Removing gd32f10x_timer.o(i.TIMER_PWMCaptureConfig), (124 bytes).
    Removing gd32f10x_timer.o(i.TIMER_PrescalerConfig), (6 bytes).
    Removing gd32f10x_timer.o(i.TIMER_SelectCOM), (24 bytes).
    Removing gd32f10x_timer.o(i.TIMER_SelectHallSensor), (24 bytes).
    Removing gd32f10x_timer.o(i.TIMER_SelectInputTrigger), (18 bytes).
    Removing gd32f10x_timer.o(i.TIMER_SelectMasterSlaveMode), (18 bytes).
    Removing gd32f10x_timer.o(i.TIMER_SelectOutputTrigger), (18 bytes).
    Removing gd32f10x_timer.o(i.TIMER_SelectSlaveMode), (18 bytes).
    Removing gd32f10x_timer.o(i.TIMER_SetAutoreload), (4 bytes).
    Removing gd32f10x_timer.o(i.TIMER_SetClockDivision), (18 bytes).
    Removing gd32f10x_timer.o(i.TIMER_SetCounter), (4 bytes).
    Removing gd32f10x_timer.o(i.TIMER_Set_IC1_Prescaler), (18 bytes).
    Removing gd32f10x_timer.o(i.TIMER_Set_IC2_Prescaler), (26 bytes).
    Removing gd32f10x_timer.o(i.TIMER_Set_IC3_Prescaler), (18 bytes).
    Removing gd32f10x_timer.o(i.TIMER_Set_IC4_Prescaler), (26 bytes).
    Removing gd32f10x_timer.o(i.TIMER_SinglePulseMode), (18 bytes).
    Removing gd32f10x_timer.o(i.TIMER_TIxExtCLkConfig), (62 bytes).
    Removing gd32f10x_timer.o(i.TIMER_UpdateDisableConfig), (24 bytes).
    Removing gd32f10x_timer.o(i.TIMER_UpdateRequestConfig), (24 bytes).
    Removing gd32f10x_pwr.o(.rev16_text), (4 bytes).
    Removing gd32f10x_pwr.o(.revsh_text), (4 bytes).
    Removing gd32f10x_pwr.o(i.PWR_BackupAccess_Enable), (36 bytes).
    Removing gd32f10x_pwr.o(i.PWR_ClearBitState), (20 bytes).
    Removing gd32f10x_pwr.o(i.PWR_DeInit), (22 bytes).
    Removing gd32f10x_pwr.o(i.PWR_GetBitState), (24 bytes).
    Removing gd32f10x_pwr.o(i.PWR_LVDConfig), (52 bytes).
    Removing gd32f10x_pwr.o(i.PWR_SLEEPMode_Entry), (28 bytes).
    Removing gd32f10x_pwr.o(i.PWR_STDBYMode_Entry), (56 bytes).
    Removing gd32f10x_pwr.o(i.PWR_WKUP_Pin_Enable), (36 bytes).
    Removing gd32f10x_can.o(.rev16_text), (4 bytes).
    Removing gd32f10x_can.o(.revsh_text), (4 bytes).
    Removing gd32f10x_can.o(i.CAN_ClearBitState), (56 bytes).
    Removing gd32f10x_can.o(i.CAN_ClearIntBitState), (168 bytes).
    Removing gd32f10x_can.o(i.CAN_DebugFreeze), (22 bytes).
    Removing gd32f10x_can.o(i.CAN_EnterSleep), (32 bytes).
    Removing gd32f10x_can.o(i.CAN_FIFODequeue), (22 bytes).
    Removing gd32f10x_can.o(i.CAN_GetBitState), (116 bytes).
    Removing gd32f10x_can.o(i.CAN_GetErrorType), (12 bytes).
    Removing gd32f10x_can.o(i.CAN_GetReceiveErrorCounter), (10 bytes).
    Removing gd32f10x_can.o(i.CAN_GetTransmitErrorCounter), (12 bytes).
    Removing gd32f10x_can.o(i.CAN_HeaderBank), (52 bytes).
    Removing gd32f10x_can.o(i.CAN_MessageLength), (30 bytes).
    Removing gd32f10x_can.o(i.CAN_StopTransmit), (48 bytes).
    Removing gd32f10x_can.o(i.CAN_TimeTrigComMode_Enable), (118 bytes).
    Removing gd32f10x_can.o(i.CAN_Transmit), (294 bytes).
    Removing gd32f10x_can.o(i.CAN_TransmitState), (160 bytes).
    Removing gd32f10x_can.o(i.CAN_WakeUp), (50 bytes).
    Removing gd32f10x_can.o(i.CAN_WorkingMode), (162 bytes).
    Removing can_init.o(.rev16_text), (4 bytes).
    Removing can_init.o(.revsh_text), (4 bytes).
    Removing can_init.o(i.CAN_Send_Ok), (40 bytes).
    Removing can_init.o(i.CAN_Send_Test), (72 bytes).
    Removing hw_conf.o(.rev16_text), (4 bytes).
    Removing hw_conf.o(.revsh_text), (4 bytes).
    Removing shell.o(.rev16_text), (4 bytes).
    Removing shell.o(.revsh_text), (4 bytes).
    Removing shell.o(i.Delay), (20 bytes).
    Removing shell.o(i.config_adapter), (28 bytes).
    Removing shell.o(i.printcan1), (196 bytes).
    Removing shell.o(.data), (92 bytes).
    Removing dadd.o(.text), (334 bytes).
    Removing dmul.o(.text), (228 bytes).
    Removing ddiv.o(.text), (222 bytes).
    Removing dfixul.o(.text), (48 bytes).
    Removing cdrcmple.o(.text), (40 bytes).
    Removing depilogue.o(.text), (190 bytes).

301 unused section(s) (total 13654 bytes) removed from the image.

==============================================================================

Image Symbol Table

    Local Symbols

    Symbol Name                              Value     Ov Type        Size  Object(Section)

    ../clib/../cmprslib/zerorunl2.c          0x00000000   Number         0  __dczerorl2.o ABSOLUTE
    ../clib/microlib/division.c              0x00000000   Number         0  uldiv.o ABSOLUTE
    ../clib/microlib/division.c              0x00000000   Number         0  uidiv.o ABSOLUTE
    ../clib/microlib/init/entry.s            0x00000000   Number         0  entry11a.o ABSOLUTE
    ../clib/microlib/init/entry.s            0x00000000   Number         0  entry8b.o ABSOLUTE
    ../clib/microlib/init/entry.s            0x00000000   Number         0  entry.o ABSOLUTE
    ../clib/microlib/init/entry.s            0x00000000   Number         0  entry8a.o ABSOLUTE
    ../clib/microlib/init/entry.s            0x00000000   Number         0  entry11b.o ABSOLUTE
    ../clib/microlib/init/entry.s            0x00000000   Number         0  entry7a.o ABSOLUTE
    ../clib/microlib/init/entry.s            0x00000000   Number         0  entry7b.o ABSOLUTE
    ../clib/microlib/init/entry.s            0x00000000   Number         0  entry5.o ABSOLUTE
    ../clib/microlib/init/entry.s            0x00000000   Number         0  entry9a.o ABSOLUTE
    ../clib/microlib/init/entry.s            0x00000000   Number         0  entry9b.o ABSOLUTE
    ../clib/microlib/init/entry.s            0x00000000   Number         0  entry10a.o ABSOLUTE
    ../clib/microlib/init/entry.s            0x00000000   Number         0  entry2.o ABSOLUTE
    ../clib/microlib/init/entry.s            0x00000000   Number         0  entry10b.o ABSOLUTE
    ../clib/microlib/longlong.c              0x00000000   Number         0  llsshr.o ABSOLUTE
    ../clib/microlib/longlong.c              0x00000000   Number         0  llshl.o ABSOLUTE
    ../clib/microlib/longlong.c              0x00000000   Number         0  llushr.o ABSOLUTE
    ../clib/microlib/printf/printf.c         0x00000000   Number         0  printf5.o ABSOLUTE
    ../clib/microlib/printf/printf.c         0x00000000   Number         0  printf6.o ABSOLUTE
    ../clib/microlib/printf/printf.c         0x00000000   Number         0  printf8.o ABSOLUTE
    ../clib/microlib/printf/printf.c         0x00000000   Number         0  printfa.o ABSOLUTE
    ../clib/microlib/printf/printf.c         0x00000000   Number         0  printfb.o ABSOLUTE
    ../clib/microlib/printf/printf.c         0x00000000   Number         0  printf0.o ABSOLUTE
    ../clib/microlib/printf/printf.c         0x00000000   Number         0  printf7.o ABSOLUTE
    ../clib/microlib/printf/printf.c         0x00000000   Number         0  printf1.o ABSOLUTE
    ../clib/microlib/printf/printf.c         0x00000000   Number         0  printf2.o ABSOLUTE
    ../clib/microlib/printf/printf.c         0x00000000   Number         0  printf3.o ABSOLUTE
    ../clib/microlib/printf/printf.c         0x00000000   Number         0  printf4.o ABSOLUTE
    ../clib/microlib/stdio/fputc.c           0x00000000   Number         0  fputc.o ABSOLUTE
    ../clib/microlib/stdio/semi.s            0x00000000   Number         0  semi.o ABSOLUTE
    ../clib/microlib/stdio/streams.c         0x00000000   Number         0  stdout.o ABSOLUTE
    ../clib/microlib/stubs.s                 0x00000000   Number         0  iusefp.o ABSOLUTE
    ../clib/microlib/stubs.s                 0x00000000   Number         0  iusesemip.o ABSOLUTE
    ../fplib/microlib/fpadd.c                0x00000000   Number         0  dadd.o ABSOLUTE
    ../fplib/microlib/fpdiv.c                0x00000000   Number         0  ddiv.o ABSOLUTE
    ../fplib/microlib/fpepilogue.c           0x00000000   Number         0  depilogue.o ABSOLUTE
    ../fplib/microlib/fpfix.c                0x00000000   Number         0  dfixul.o ABSOLUTE
    ../fplib/microlib/fpmul.c                0x00000000   Number         0  dmul.o ABSOLUTE
    ..\..\..\..\Libraries\CMSIS\system_gd32f10x.c 0x00000000   Number         0  system_gd32f10x.o ABSOLUTE
    ..\..\..\..\Libraries\GD32F10x_StdPeriph_Driver\src\gd32f10x_can.c 0x00000000   Number         0  gd32f10x_can.o ABSOLUTE
    ..\..\..\..\Libraries\GD32F10x_StdPeriph_Driver\src\gd32f10x_exmc.c 0x00000000   Number         0  gd32f10x_exmc.o ABSOLUTE
    ..\..\..\..\Libraries\GD32F10x_StdPeriph_Driver\src\gd32f10x_exti.c 0x00000000   Number         0  gd32f10x_exti.o ABSOLUTE
    ..\..\..\..\Libraries\GD32F10x_StdPeriph_Driver\src\gd32f10x_gpio.c 0x00000000   Number         0  gd32f10x_gpio.o ABSOLUTE
    ..\..\..\..\Libraries\GD32F10x_StdPeriph_Driver\src\gd32f10x_misc.c 0x00000000   Number         0  gd32f10x_misc.o ABSOLUTE
    ..\..\..\..\Libraries\GD32F10x_StdPeriph_Driver\src\gd32f10x_pwr.c 0x00000000   Number         0  gd32f10x_pwr.o ABSOLUTE
    ..\..\..\..\Libraries\GD32F10x_StdPeriph_Driver\src\gd32f10x_rcc.c 0x00000000   Number         0  gd32f10x_rcc.o ABSOLUTE
    ..\..\..\..\Libraries\GD32F10x_StdPeriph_Driver\src\gd32f10x_timer.c 0x00000000   Number         0  gd32f10x_timer.o ABSOLUTE
    ..\..\..\..\Libraries\GD32F10x_StdPeriph_Driver\src\gd32f10x_usart.c 0x00000000   Number         0  gd32f10x_usart.o ABSOLUTE
    ..\..\..\..\Libraries\GD32_USB_Device_Library\Class\cdc\src\usbd_cdc_core.c 0x00000000   Number         0  usbd_cdc_core.o ABSOLUTE
    ..\..\..\..\Libraries\GD32_USB_Device_Library\Core\src\usbd_core.c 0x00000000   Number         0  usbd_core.o ABSOLUTE
    ..\..\..\..\Libraries\GD32_USB_Device_Library\Core\src\usbd_ctlx.c 0x00000000   Number         0  usbd_ctlx.o ABSOLUTE
    ..\..\..\..\Libraries\GD32_USB_Device_Library\Core\src\usbd_enum.c 0x00000000   Number         0  usbd_enum.o ABSOLUTE
    ..\..\..\..\Libraries\GD32_USB_OTG_Driver\src\usb_core.c 0x00000000   Number         0  usb_core.o ABSOLUTE
    ..\..\..\..\Libraries\GD32_USB_OTG_Driver\src\usb_dcd.c 0x00000000   Number         0  usb_dcd.o ABSOLUTE
    ..\..\..\..\Libraries\GD32_USB_OTG_Driver\src\usb_dcd_int.c 0x00000000   Number         0  usb_dcd_int.o ABSOLUTE
    ..\..\..\..\Libraries\StartUp\startup_gd32f10x_cl.s 0x00000000   Number         0  startup_gd32f10x_cl.o ABSOLUTE
    ..\\..\\..\\..\\Libraries\\CMSIS\\system_gd32f10x.c 0x00000000   Number         0  system_gd32f10x.o ABSOLUTE
    ..\\..\\..\\..\\Libraries\\GD32F10x_StdPeriph_Driver\\src\\gd32f10x_can.c 0x00000000   Number         0  gd32f10x_can.o ABSOLUTE
    ..\\..\\..\\..\\Libraries\\GD32F10x_StdPeriph_Driver\\src\\gd32f10x_exmc.c 0x00000000   Number         0  gd32f10x_exmc.o ABSOLUTE
    ..\\..\\..\\..\\Libraries\\GD32F10x_StdPeriph_Driver\\src\\gd32f10x_exti.c 0x00000000   Number         0  gd32f10x_exti.o ABSOLUTE
    ..\\..\\..\\..\\Libraries\\GD32F10x_StdPeriph_Driver\\src\\gd32f10x_gpio.c 0x00000000   Number         0  gd32f10x_gpio.o ABSOLUTE
    ..\\..\\..\\..\\Libraries\\GD32F10x_StdPeriph_Driver\\src\\gd32f10x_misc.c 0x00000000   Number         0  gd32f10x_misc.o ABSOLUTE
    ..\\..\\..\\..\\Libraries\\GD32F10x_StdPeriph_Driver\\src\\gd32f10x_pwr.c 0x00000000   Number         0  gd32f10x_pwr.o ABSOLUTE
    ..\\..\\..\\..\\Libraries\\GD32F10x_StdPeriph_Driver\\src\\gd32f10x_rcc.c 0x00000000   Number         0  gd32f10x_rcc.o ABSOLUTE
    ..\\..\\..\\..\\Libraries\\GD32F10x_StdPeriph_Driver\\src\\gd32f10x_timer.c 0x00000000   Number         0  gd32f10x_timer.o ABSOLUTE
    ..\\..\\..\\..\\Libraries\\GD32F10x_StdPeriph_Driver\\src\\gd32f10x_usart.c 0x00000000   Number         0  gd32f10x_usart.o ABSOLUTE
    ..\\..\\..\\..\\Libraries\\GD32_USB_Device_Library\\Class\\cdc\\src\\usbd_cdc_core.c 0x00000000   Number         0  usbd_cdc_core.o ABSOLUTE
    ..\\..\\..\\..\\Libraries\\GD32_USB_Device_Library\\Core\\src\\usbd_core.c 0x00000000   Number         0  usbd_core.o ABSOLUTE
    ..\\..\\..\\..\\Libraries\\GD32_USB_Device_Library\\Core\\src\\usbd_ctlx.c 0x00000000   Number         0  usbd_ctlx.o ABSOLUTE
    ..\\..\\..\\..\\Libraries\\GD32_USB_Device_Library\\Core\\src\\usbd_enum.c 0x00000000   Number         0  usbd_enum.o ABSOLUTE
    ..\\..\\..\\..\\Libraries\\GD32_USB_OTG_Driver\\src\\usb_core.c 0x00000000   Number         0  usb_core.o ABSOLUTE
    ..\\..\\..\\..\\Libraries\\GD32_USB_OTG_Driver\\src\\usb_dcd.c 0x00000000   Number         0  usb_dcd.o ABSOLUTE
    ..\\..\\..\\..\\Libraries\\GD32_USB_OTG_Driver\\src\\usb_dcd_int.c 0x00000000   Number         0  usb_dcd_int.o ABSOLUTE
    ..\\src\\app.c                           0x00000000   Number         0  app.o ABSOLUTE
    ..\\src\\gd32f10x_it.c                   0x00000000   Number         0  gd32f10x_it.o ABSOLUTE
    ..\\src\\usb_hwp.c                       0x00000000   Number         0  usb_hwp.o ABSOLUTE
    ..\\src\\usbd_cdc_vcp.c                  0x00000000   Number         0  usbd_cdc_vcp.o ABSOLUTE
    ..\\src\\usbd_desc.c                     0x00000000   Number         0  usbd_desc.o ABSOLUTE
    ..\src\app.c                             0x00000000   Number         0  app.o ABSOLUTE
    ..\src\gd32f10x_it.c                     0x00000000   Number         0  gd32f10x_it.o ABSOLUTE
    ..\src\usb_hwp.c                         0x00000000   Number         0  usb_hwp.o ABSOLUTE
    ..\src\usbd_cdc_vcp.c                    0x00000000   Number         0  usbd_cdc_vcp.o ABSOLUTE
    ..\src\usbd_desc.c                       0x00000000   Number         0  usbd_desc.o ABSOLUTE
    cdrcmple.s                               0x00000000   Number         0  cdrcmple.o ABSOLUTE
    dc.s                                     0x00000000   Number         0  dc.o ABSOLUTE
    handlers.s                               0x00000000   Number         0  handlers.o ABSOLUTE
    hw_conf.c                                0x00000000   Number         0  hw_conf.o ABSOLUTE
    hw_conf.c                                0x00000000   Number         0  hw_conf.o ABSOLUTE
    init.s                                   0x00000000   Number         0  init.o ABSOLUTE
    shell.c                                  0x00000000   Number         0  shell.o ABSOLUTE
    shell.c                                  0x00000000   Number         0  shell.o ABSOLUTE
    src\\can_init.c                          0x00000000   Number         0  can_init.o ABSOLUTE
    src\can_init.c                           0x00000000   Number         0  can_init.o ABSOLUTE
    RESET                                    0x08000000   Section      336  startup_gd32f10x_cl.o(RESET)
    .ARM.Collect$$$$00000000                 0x08000150   Section        0  entry.o(.ARM.Collect$$$$00000000)
    .ARM.Collect$$$$00000001                 0x08000150   Section        4  entry2.o(.ARM.Collect$$$$00000001)
    .ARM.Collect$$$$00000004                 0x08000154   Section        4  entry5.o(.ARM.Collect$$$$00000004)
    .ARM.Collect$$$$00000008                 0x08000158   Section        0  entry7b.o(.ARM.Collect$$$$00000008)
    .ARM.Collect$$$$0000000A                 0x08000158   Section        0  entry8b.o(.ARM.Collect$$$$0000000A)
    .ARM.Collect$$$$0000000B                 0x08000158   Section        8  entry9a.o(.ARM.Collect$$$$0000000B)
    .ARM.Collect$$$$0000000D                 0x08000160   Section        0  entry10a.o(.ARM.Collect$$$$0000000D)
    .ARM.Collect$$$$0000000F                 0x08000160   Section        0  entry11a.o(.ARM.Collect$$$$0000000F)
    .ARM.Collect$$$$00002712                 0x08000160   Section        4  entry2.o(.ARM.Collect$$$$00002712)
    __lit__00000000                          0x08000160   Data           4  entry2.o(.ARM.Collect$$$$00002712)
    .text                                    0x08000164   Section       36  startup_gd32f10x_cl.o(.text)
    .text                                    0x08000188   Section       36  init.o(.text)
    .text                                    0x080001ac   Section        0  __dczerorl2.o(.text)
    i.BusFault_Handler                       0x08000208   Section        0  gd32f10x_it.o(i.BusFault_Handler)
    i.CAN1_RX0_IRQHandler                    0x0800020c   Section        0  can_init.o(i.CAN1_RX0_IRQHandler)
    i.CAN_DeInit                             0x08000278   Section        0  gd32f10x_can.o(i.CAN_DeInit)
    i.CAN_FilterInit                         0x080002b0   Section        0  gd32f10x_can.o(i.CAN_FilterInit)
    i.CAN_GetIntBitState                     0x080003b8   Section        0  gd32f10x_can.o(i.CAN_GetIntBitState)
    i.CAN_INTConfig                          0x080004d8   Section        0  gd32f10x_can.o(i.CAN_INTConfig)
    i.CAN_Init                               0x080004ea   Section        0  gd32f10x_can.o(i.CAN_Init)
    i.CAN_Receive                            0x080005fc   Section        0  gd32f10x_can.o(i.CAN_Receive)
    i.CAN_StructInit                         0x080006ec   Section        0  gd32f10x_can.o(i.CAN_StructInit)
    i.CDC_DataTx                             0x08000710   Section        0  usbd_cdc_vcp.o(i.CDC_DataTx)
    i.CheckINTState                          0x08000754   Section        0  gd32f10x_can.o(i.CheckINTState)
    CheckINTState                            0x08000755   Thumb Code    14  gd32f10x_can.o(i.CheckINTState)
    i.DCD_EP_ClrStall                        0x08000762   Section        0  usb_dcd.o(i.DCD_EP_ClrStall)
    i.DCD_EP_DeInit                          0x0800079a   Section        0  usb_dcd.o(i.DCD_EP_DeInit)
    i.DCD_EP_Init                            0x080007ce   Section        0  usb_dcd.o(i.DCD_EP_Init)
    i.DCD_EP_Rx                              0x0800081c   Section        0  usb_dcd.o(i.DCD_EP_Rx)
    i.DCD_EP_SetAddress                      0x08000860   Section        0  usb_dcd.o(i.DCD_EP_SetAddress)
    i.DCD_EP_SetStall                        0x08000874   Section        0  usb_dcd.o(i.DCD_EP_SetStall)
    i.DCD_EP_Tx                              0x080008ac   Section        0  usb_dcd.o(i.DCD_EP_Tx)
    i.DCD_EarlySuspend_ISR                   0x080008ee   Section        0  usb_dcd_int.o(i.DCD_EarlySuspend_ISR)
    DCD_EarlySuspend_ISR                     0x080008ef   Thumb Code    28  usb_dcd_int.o(i.DCD_EarlySuspend_ISR)
    i.DCD_EnumFinish_ISR                     0x0800090a   Section        0  usb_dcd_int.o(i.DCD_EnumFinish_ISR)
    DCD_EnumFinish_ISR                       0x0800090b   Thumb Code    64  usb_dcd_int.o(i.DCD_EnumFinish_ISR)
    i.DCD_InEP_ISR                           0x0800094c   Section        0  usb_dcd_int.o(i.DCD_InEP_ISR)
    DCD_InEP_ISR                             0x0800094d   Thumb Code   204  usb_dcd_int.o(i.DCD_InEP_ISR)
    i.DCD_Init                               0x08000a20   Section        0  usb_dcd.o(i.DCD_Init)
    i.DCD_IsoINIncomplete_ISR                0x08000acc   Section        0  usb_dcd_int.o(i.DCD_IsoINIncomplete_ISR)
    DCD_IsoINIncomplete_ISR                  0x08000acd   Thumb Code    28  usb_dcd_int.o(i.DCD_IsoINIncomplete_ISR)
    i.DCD_IsoOUTIncomplete_ISR               0x08000aec   Section        0  usb_dcd_int.o(i.DCD_IsoOUTIncomplete_ISR)
    DCD_IsoOUTIncomplete_ISR                 0x08000aed   Thumb Code    28  usb_dcd_int.o(i.DCD_IsoOUTIncomplete_ISR)
    i.DCD_OTG_ISR                            0x08000b0c   Section        0  usb_dcd_int.o(i.DCD_OTG_ISR)
    DCD_OTG_ISR                              0x08000b0d   Thumb Code    46  usb_dcd_int.o(i.DCD_OTG_ISR)
    i.DCD_OutEP_ISR                          0x08000b40   Section        0  usb_dcd_int.o(i.DCD_OutEP_ISR)
    DCD_OutEP_ISR                            0x08000b41   Thumb Code   162  usb_dcd_int.o(i.DCD_OutEP_ISR)
    i.DCD_RxFifoStatus_ISR                   0x08000bec   Section        0  usb_dcd_int.o(i.DCD_RxFifoStatus_ISR)
    DCD_RxFifoStatus_ISR                     0x08000bed   Thumb Code   172  usb_dcd_int.o(i.DCD_RxFifoStatus_ISR)
    i.DCD_SOF_ISR                            0x08000c9c   Section        0  usb_dcd_int.o(i.DCD_SOF_ISR)
    DCD_SOF_ISR                              0x08000c9d   Thumb Code    26  usb_dcd_int.o(i.DCD_SOF_ISR)
    i.DCD_SessionRequest_ISR                 0x08000cbc   Section        0  usb_dcd_int.o(i.DCD_SessionRequest_ISR)
    DCD_SessionRequest_ISR                   0x08000cbd   Thumb Code    28  usb_dcd_int.o(i.DCD_SessionRequest_ISR)
    i.DCD_UsbReset_ISR                       0x08000cdc   Section        0  usb_dcd_int.o(i.DCD_UsbReset_ISR)
    DCD_UsbReset_ISR                         0x08000cdd   Thumb Code   160  usb_dcd_int.o(i.DCD_UsbReset_ISR)
    i.DCD_UsbResume_ISR                      0x08000d8c   Section        0  usb_dcd_int.o(i.DCD_UsbResume_ISR)
    DCD_UsbResume_ISR                        0x08000d8d   Thumb Code    28  usb_dcd_int.o(i.DCD_UsbResume_ISR)
    i.DCD_UsbSuspend_ISR                     0x08000dac   Section        0  usb_dcd_int.o(i.DCD_UsbSuspend_ISR)
    DCD_UsbSuspend_ISR                       0x08000dad   Thumb Code    92  usb_dcd_int.o(i.DCD_UsbSuspend_ISR)
    i.DCD_WriteEmptyTxFifo                   0x08000e14   Section        0  usb_dcd_int.o(i.DCD_WriteEmptyTxFifo)
    DCD_WriteEmptyTxFifo                     0x08000e15   Thumb Code   136  usb_dcd_int.o(i.DCD_WriteEmptyTxFifo)
    i.DebugMon_Handler                       0x08000ea0   Section        0  gd32f10x_it.o(i.DebugMon_Handler)
    i.EXTI_ClearIntBitState                  0x08000ea4   Section        0  gd32f10x_exti.o(i.EXTI_ClearIntBitState)
    i.GPIO_Init                              0x08000eb0   Section        0  gd32f10x_gpio.o(i.GPIO_Init)
    i.GPIO_PinRemapConfig                    0x08000fc4   Section        0  gd32f10x_gpio.o(i.GPIO_PinRemapConfig)
    i.HWP_Delay                              0x08001054   Section        0  usb_hwp.o(i.HWP_Delay)
    HWP_Delay                                0x08001055   Thumb Code    38  usb_hwp.o(i.HWP_Delay)
    i.HWP_SetTime                            0x08001080   Section        0  usb_hwp.o(i.HWP_SetTime)
    HWP_SetTime                              0x08001081   Thumb Code   110  usb_hwp.o(i.HWP_SetTime)
    i.HardFault_Handler                      0x080010f4   Section        0  gd32f10x_it.o(i.HardFault_Handler)
    i.LEDs_init                              0x080010f8   Section        0  hw_conf.o(i.LEDs_init)
    i.MemManage_Handler                      0x08001138   Section        0  gd32f10x_it.o(i.MemManage_Handler)
    i.NMI_Handler                            0x0800113c   Section        0  gd32f10x_it.o(i.NMI_Handler)
    i.NVIC_Init                              0x08001140   Section        0  gd32f10x_misc.o(i.NVIC_Init)
    i.NVIC_PRIGroup_Enable                   0x08001210   Section        0  gd32f10x_misc.o(i.NVIC_PRIGroup_Enable)
    i.NVIC_VectTableSet                      0x08001224   Section        0  gd32f10x_misc.o(i.NVIC_VectTableSet)
    i.OTG_FS_IRQHandler                      0x08001238   Section        0  gd32f10x_it.o(i.OTG_FS_IRQHandler)
    i.OTG_FS_WKUP_IRQHandler                 0x08001248   Section        0  gd32f10x_it.o(i.OTG_FS_WKUP_IRQHandler)
    i.PWR_DEEPSLEEPMode_Entry                0x0800128c   Section        0  gd32f10x_pwr.o(i.PWR_DEEPSLEEPMode_Entry)
    i.PendSV_Handler                         0x080012d0   Section        0  gd32f10x_it.o(i.PendSV_Handler)
    i.RCC_AHBPeriphClock_Enable              0x080012d4   Section        0  gd32f10x_rcc.o(i.RCC_AHBPeriphClock_Enable)
    i.RCC_APB1PeriphClock_Enable             0x080012f4   Section        0  gd32f10x_rcc.o(i.RCC_APB1PeriphClock_Enable)
    i.RCC_APB1PeriphReset_Enable             0x08001314   Section        0  gd32f10x_rcc.o(i.RCC_APB1PeriphReset_Enable)
    i.RCC_APB2PeriphClock_Enable             0x08001334   Section        0  gd32f10x_rcc.o(i.RCC_APB2PeriphClock_Enable)
    i.RCC_GetClocksFreq                      0x08001354   Section        0  gd32f10x_rcc.o(i.RCC_GetClocksFreq)
    i.RCC_OTGFSCLKConfig                     0x080014ec   Section        0  gd32f10x_rcc.o(i.RCC_OTGFSCLKConfig)
    i.SVC_Handler                            0x08001508   Section        0  gd32f10x_it.o(i.SVC_Handler)
    i.SetSysClock                            0x0800150a   Section        0  system_gd32f10x.o(i.SetSysClock)
    SetSysClock                              0x0800150b   Thumb Code     8  system_gd32f10x.o(i.SetSysClock)
    i.SetSysClockTo48                        0x08001514   Section        0  system_gd32f10x.o(i.SetSysClockTo48)
    SetSysClockTo48                          0x08001515   Thumb Code   184  system_gd32f10x.o(i.SetSysClockTo48)
    i.SysTick_Handler                        0x080015d4   Section        0  gd32f10x_it.o(i.SysTick_Handler)
    i.SystemInit                             0x080015d8   Section        0  system_gd32f10x.o(i.SystemInit)
    i.TIMER2_IRQHandler                      0x08001640   Section        0  gd32f10x_it.o(i.TIMER2_IRQHandler)
    i.TIMER_BaseInit                         0x08001648   Section        0  gd32f10x_timer.o(i.TIMER_BaseInit)
    i.TIMER_CARLPreloadConfig                0x08001708   Section        0  gd32f10x_timer.o(i.TIMER_CARLPreloadConfig)
    i.TIMER_ClearIntBitState                 0x08001720   Section        0  gd32f10x_timer.o(i.TIMER_ClearIntBitState)
    i.TIMER_Enable                           0x08001726   Section        0  gd32f10x_timer.o(i.TIMER_Enable)
    i.TIMER_GetIntBitState                   0x0800173e   Section        0  gd32f10x_timer.o(i.TIMER_GetIntBitState)
    i.TIMER_INTConfig                        0x0800175e   Section        0  gd32f10x_timer.o(i.TIMER_INTConfig)
    i.USBD_CDC_AsynchXferHandle              0x08001770   Section        0  usbd_cdc_core.o(i.USBD_CDC_AsynchXferHandle)
    USBD_CDC_AsynchXferHandle                0x08001771   Thumb Code   158  usbd_cdc_core.o(i.USBD_CDC_AsynchXferHandle)
    i.USBD_CDC_ClassReqHandle                0x08001828   Section        0  usbd_cdc_core.o(i.USBD_CDC_ClassReqHandle)
    USBD_CDC_ClassReqHandle                  0x08001829   Thumb Code    50  usbd_cdc_core.o(i.USBD_CDC_ClassReqHandle)
    i.USBD_CDC_DataIn                        0x08001864   Section        0  usbd_cdc_core.o(i.USBD_CDC_DataIn)
    USBD_CDC_DataIn                          0x08001865   Thumb Code   130  usbd_cdc_core.o(i.USBD_CDC_DataIn)
    i.USBD_CDC_DataOut                       0x080018fc   Section        0  usbd_cdc_core.o(i.USBD_CDC_DataOut)
    USBD_CDC_DataOut                         0x080018fd   Thumb Code    46  usbd_cdc_core.o(i.USBD_CDC_DataOut)
    i.USBD_CDC_DeInit                        0x08001930   Section        0  usbd_cdc_core.o(i.USBD_CDC_DeInit)
    USBD_CDC_DeInit                          0x08001931   Thumb Code    34  usbd_cdc_core.o(i.USBD_CDC_DeInit)
    i.USBD_CDC_EP0_RxReady                   0x08001954   Section        0  usbd_cdc_core.o(i.USBD_CDC_EP0_RxReady)
    USBD_CDC_EP0_RxReady                     0x08001955   Thumb Code    20  usbd_cdc_core.o(i.USBD_CDC_EP0_RxReady)
    i.USBD_CDC_GetCfgDesc                    0x0800196c   Section        0  usbd_cdc_core.o(i.USBD_CDC_GetCfgDesc)
    USBD_CDC_GetCfgDesc                      0x0800196d   Thumb Code    10  usbd_cdc_core.o(i.USBD_CDC_GetCfgDesc)
    i.USBD_CDC_GetClassDescriptor            0x0800197c   Section        0  usbd_cdc_core.o(i.USBD_CDC_GetClassDescriptor)
    USBD_CDC_GetClassDescriptor              0x0800197d   Thumb Code    56  usbd_cdc_core.o(i.USBD_CDC_GetClassDescriptor)
    i.USBD_CDC_GetInterface                  0x080019b8   Section        0  usbd_cdc_core.o(i.USBD_CDC_GetInterface)
    USBD_CDC_GetInterface                    0x080019b9   Thumb Code    20  usbd_cdc_core.o(i.USBD_CDC_GetInterface)
    i.USBD_CDC_Init                          0x080019d0   Section        0  usbd_cdc_core.o(i.USBD_CDC_Init)
    USBD_CDC_Init                            0x080019d1   Thumb Code    58  usbd_cdc_core.o(i.USBD_CDC_Init)
    i.USBD_CDC_SOF                           0x08001a10   Section        0  usbd_cdc_core.o(i.USBD_CDC_SOF)
    USBD_CDC_SOF                             0x08001a11   Thumb Code    36  usbd_cdc_core.o(i.USBD_CDC_SOF)
    i.USBD_CDC_SetInterface                  0x08001a38   Section        0  usbd_cdc_core.o(i.USBD_CDC_SetInterface)
    USBD_CDC_SetInterface                    0x08001a39   Thumb Code    32  usbd_cdc_core.o(i.USBD_CDC_SetInterface)
    i.USBD_ClrCfg                            0x08001a5c   Section        0  usbd_core.o(i.USBD_ClrCfg)
    i.USBD_ClrFeature                        0x08001a72   Section        0  usbd_enum.o(i.USBD_ClrFeature)
    USBD_ClrFeature                          0x08001a73   Thumb Code   248  usbd_enum.o(i.USBD_ClrFeature)
    i.USBD_CtlContinueRx                     0x08001b6a   Section        0  usbd_ctlx.o(i.USBD_CtlContinueRx)
    i.USBD_CtlContinueTx                     0x08001b88   Section        0  usbd_ctlx.o(i.USBD_CtlContinueTx)
    i.USBD_CtlError                          0x08001ba6   Section        0  usbd_enum.o(i.USBD_CtlError)
    i.USBD_CtlReceiveStatus                  0x08001bc4   Section        0  usbd_ctlx.o(i.USBD_CtlReceiveStatus)
    i.USBD_CtlRx                             0x08001be4   Section        0  usbd_ctlx.o(i.USBD_CtlRx)
    i.USBD_CtlTransmitStatus                 0x08001c0e   Section        0  usbd_ctlx.o(i.USBD_CtlTransmitStatus)
    i.USBD_CtlTx                             0x08001c2e   Section        0  usbd_ctlx.o(i.USBD_CtlTx)
    i.USBD_DataInStage                       0x08001c54   Section        0  usbd_core.o(i.USBD_DataInStage)
    USBD_DataInStage                         0x08001c55   Thumb Code   174  usbd_core.o(i.USBD_DataInStage)
    i.USBD_DataOutStage                      0x08001d02   Section        0  usbd_core.o(i.USBD_DataOutStage)
    USBD_DataOutStage                        0x08001d03   Thumb Code   122  usbd_core.o(i.USBD_DataOutStage)
    i.USBD_DeInit                            0x08001d7c   Section        0  usbd_core.o(i.USBD_DeInit)
    i.USBD_DevClsReq                         0x08001d82   Section        0  usbd_enum.o(i.USBD_DevClsReq)
    i.USBD_DevConnected                      0x08001dd4   Section        0  usbd_core.o(i.USBD_DevConnected)
    USBD_DevConnected                        0x08001dd5   Thumb Code    10  usbd_core.o(i.USBD_DevConnected)
    i.USBD_DevDisconnected                   0x08001dde   Section        0  usbd_core.o(i.USBD_DevDisconnected)
    USBD_DevDisconnected                     0x08001ddf   Thumb Code    24  usbd_core.o(i.USBD_DevDisconnected)
    i.USBD_GetConfig                         0x08001df6   Section        0  usbd_enum.o(i.USBD_GetConfig)
    USBD_GetConfig                           0x08001df7   Thumb Code    78  usbd_enum.o(i.USBD_GetConfig)
    i.USBD_GetDescriptor                     0x08001e44   Section        0  usbd_enum.o(i.USBD_GetDescriptor)
    USBD_GetDescriptor                       0x08001e45   Thumb Code   324  usbd_enum.o(i.USBD_GetDescriptor)
    i.USBD_GetInterface                      0x08001f88   Section        0  usbd_enum.o(i.USBD_GetInterface)
    USBD_GetInterface                        0x08001f89   Thumb Code    72  usbd_enum.o(i.USBD_GetInterface)
    i.USBD_GetStatus                         0x08001fd0   Section        0  usbd_enum.o(i.USBD_GetStatus)
    USBD_GetStatus                           0x08001fd1   Thumb Code   260  usbd_enum.o(i.USBD_GetStatus)
    i.USBD_GetUnicodeString                  0x080020d4   Section        0  usbd_enum.o(i.USBD_GetUnicodeString)
    i.USBD_Init                              0x0800210c   Section        0  usbd_core.o(i.USBD_Init)
    i.USBD_IsoINIncomplete                   0x0800213e   Section        0  usbd_core.o(i.USBD_IsoINIncomplete)
    USBD_IsoINIncomplete                     0x0800213f   Thumb Code    18  usbd_core.o(i.USBD_IsoINIncomplete)
    i.USBD_IsoOUTIncomplete                  0x08002150   Section        0  usbd_core.o(i.USBD_IsoOUTIncomplete)
    USBD_IsoOUTIncomplete                    0x08002151   Thumb Code    18  usbd_core.o(i.USBD_IsoOUTIncomplete)
    i.USBD_OTG_ISR_Handler                   0x08002162   Section        0  usb_dcd_int.o(i.USBD_OTG_ISR_Handler)
    i.USBD_ParseSetupRequest                 0x08002252   Section        0  usbd_enum.o(i.USBD_ParseSetupRequest)
    i.USBD_Reserved                          0x08002292   Section        0  usbd_enum.o(i.USBD_Reserved)
    USBD_Reserved                            0x08002293   Thumb Code     2  usbd_enum.o(i.USBD_Reserved)
    i.USBD_Reset                             0x08002294   Section        0  usbd_core.o(i.USBD_Reset)
    USBD_Reset                               0x08002295   Thumb Code    36  usbd_core.o(i.USBD_Reset)
    i.USBD_Resume                            0x080022b8   Section        0  usbd_core.o(i.USBD_Resume)
    USBD_Resume                              0x080022b9   Thumb Code    14  usbd_core.o(i.USBD_Resume)
    i.USBD_RunTestMode                       0x080022c6   Section        0  usbd_core.o(i.USBD_RunTestMode)
    USBD_RunTestMode                         0x080022c7   Thumb Code     6  usbd_core.o(i.USBD_RunTestMode)
    i.USBD_SOF                               0x080022cc   Section        0  usbd_core.o(i.USBD_SOF)
    USBD_SOF                                 0x080022cd   Thumb Code    26  usbd_core.o(i.USBD_SOF)
    i.USBD_SetAddress                        0x080022e6   Section        0  usbd_enum.o(i.USBD_SetAddress)
    USBD_SetAddress                          0x080022e7   Thumb Code    76  usbd_enum.o(i.USBD_SetAddress)
    i.USBD_SetCfg                            0x08002332   Section        0  usbd_core.o(i.USBD_SetCfg)
    i.USBD_SetConfig                         0x08002348   Section        0  usbd_enum.o(i.USBD_SetConfig)
    USBD_SetConfig                           0x08002349   Thumb Code   182  usbd_enum.o(i.USBD_SetConfig)
    i.USBD_SetDescriptor                     0x08002404   Section        0  usbd_enum.o(i.USBD_SetDescriptor)
    USBD_SetDescriptor                       0x08002405   Thumb Code     2  usbd_enum.o(i.USBD_SetDescriptor)
    i.USBD_SetFeature                        0x08002408   Section        0  usbd_enum.o(i.USBD_SetFeature)
    USBD_SetFeature                          0x08002409   Thumb Code   284  usbd_enum.o(i.USBD_SetFeature)
    i.USBD_SetInterface                      0x08002528   Section        0  usbd_enum.o(i.USBD_SetInterface)
    USBD_SetInterface                        0x08002529   Thumb Code    72  usbd_enum.o(i.USBD_SetInterface)
    i.USBD_SetupStage                        0x08002570   Section        0  usbd_core.o(i.USBD_SetupStage)
    USBD_SetupStage                          0x08002571   Thumb Code    84  usbd_core.o(i.USBD_SetupStage)
    i.USBD_StdDevReq                         0x080025c4   Section        0  usbd_enum.o(i.USBD_StdDevReq)
    i.USBD_Suspend                           0x080025e0   Section        0  usbd_core.o(i.USBD_Suspend)
    USBD_Suspend                             0x080025e1   Thumb Code    14  usbd_core.o(i.USBD_Suspend)
    i.USBD_SynchFrame                        0x080025ee   Section        0  usbd_enum.o(i.USBD_SynchFrame)
    USBD_SynchFrame                          0x080025ef   Thumb Code     2  usbd_enum.o(i.USBD_SynchFrame)
    i.USBD_USER_ConfigStrDesc                0x080025f0   Section        0  usbd_desc.o(i.USBD_USER_ConfigStrDesc)
    i.USBD_USER_DevDesc                      0x08002628   Section        0  usbd_desc.o(i.USBD_USER_DevDesc)
    i.USBD_USER_ItfStrDesc                   0x08002638   Section        0  usbd_desc.o(i.USBD_USER_ItfStrDesc)
    i.USBD_USER_LANGIDStrDesc                0x08002674   Section        0  usbd_desc.o(i.USBD_USER_LANGIDStrDesc)
    i.USBD_USER_MFCStrDesc                   0x08002684   Section        0  usbd_desc.o(i.USBD_USER_MFCStrDesc)
    i.USBD_USER_ProdStrDesc                  0x080026b4   Section        0  usbd_desc.o(i.USBD_USER_ProdStrDesc)
    i.USBD_USER_SerialStrDesc                0x080026f4   Section        0  usbd_desc.o(i.USBD_USER_SerialStrDesc)
    i.USBD_VdrDefReq                         0x08002724   Section        0  usbd_enum.o(i.USBD_VdrDefReq)
    i.USB_OTG_CoreInit                       0x0800272a   Section        0  usb_core.o(i.USB_OTG_CoreInit)
    i.USB_OTG_CoreInitDev                    0x0800277c   Section        0  usb_core.o(i.USB_OTG_CoreInitDev)
    i.USB_OTG_CoreReset                      0x080029a4   Section        0  usb_core.o(i.USB_OTG_CoreReset)
    USB_OTG_CoreReset                        0x080029a5   Thumb Code    98  usb_core.o(i.USB_OTG_CoreReset)
    i.USB_OTG_EP0Activate                    0x08002a0c   Section        0  usb_core.o(i.USB_OTG_EP0Activate)
    i.USB_OTG_EP0StartXfer                   0x08002a68   Section        0  usb_core.o(i.USB_OTG_EP0StartXfer)
    i.USB_OTG_EP0_StartOut                   0x08002b9c   Section        0  usb_core.o(i.USB_OTG_EP0_StartOut)
    i.USB_OTG_EPActivate                     0x08002be0   Section        0  usb_core.o(i.USB_OTG_EPActivate)
    i.USB_OTG_EPClrStall                     0x08002cc0   Section        0  usb_core.o(i.USB_OTG_EPClrStall)
    i.USB_OTG_EPDeactivate                   0x08002d44   Section        0  usb_core.o(i.USB_OTG_EPDeactivate)
    i.USB_OTG_EPSetStall                     0x08002db4   Section        0  usb_core.o(i.USB_OTG_EPSetStall)
    i.USB_OTG_EPStartXfer                    0x08002e20   Section        0  usb_core.o(i.USB_OTG_EPStartXfer)
    i.USB_OTG_EnableCommonInt                0x08002ff4   Section        0  usb_core.o(i.USB_OTG_EnableCommonInt)
    USB_OTG_EnableCommonInt                  0x08002ff5   Thumb Code    22  usb_core.o(i.USB_OTG_EnableCommonInt)
    i.USB_OTG_EnableDevInt                   0x08003010   Section        0  usb_core.o(i.USB_OTG_EnableDevInt)
    i.USB_OTG_FlushRxFifo                    0x08003058   Section        0  usb_core.o(i.USB_OTG_FlushRxFifo)
    i.USB_OTG_FlushTxFifo                    0x0800309c   Section        0  usb_core.o(i.USB_OTG_FlushTxFifo)
    i.USB_OTG_GetCurrentMode                 0x080030f4   Section        0  usb_core.o(i.USB_OTG_GetCurrentMode)
    i.USB_OTG_GetDevSpeed                    0x08003104   Section        0  usb_core.o(i.USB_OTG_GetDevSpeed)
    i.USB_OTG_HWP_EnableInterrupt            0x08003138   Section        0  usb_hwp.o(i.USB_OTG_HWP_EnableInterrupt)
    i.USB_OTG_HWP_Init                       0x08003164   Section        0  usb_hwp.o(i.USB_OTG_HWP_Init)
    i.USB_OTG_HWP_TimeInit                   0x080031fc   Section        0  usb_hwp.o(i.USB_OTG_HWP_TimeInit)
    USB_OTG_HWP_TimeInit                     0x080031fd   Thumb Code    56  usb_hwp.o(i.USB_OTG_HWP_TimeInit)
    i.USB_OTG_HWP_TimerIRQ                   0x08003234   Section        0  usb_hwp.o(i.USB_OTG_HWP_TimerIRQ)
    i.USB_OTG_HWP_mDelay                     0x0800326c   Section        0  usb_hwp.o(i.USB_OTG_HWP_mDelay)
    i.USB_OTG_HWP_uDelay                     0x0800327a   Section        0  usb_hwp.o(i.USB_OTG_HWP_uDelay)
    i.USB_OTG_IsDeviceMode                   0x08003288   Section        0  usb_core.o(i.USB_OTG_IsDeviceMode)
    i.USB_OTG_ReadDevAllInEPIntr             0x080032a0   Section        0  usb_core.o(i.USB_OTG_ReadDevAllInEPIntr)
    i.USB_OTG_ReadDevAllOutEpIntr            0x080032b8   Section        0  usb_core.o(i.USB_OTG_ReadDevAllOutEpIntr)
    i.USB_OTG_ReadDevInEPIntr                0x080032d0   Section        0  usb_core.o(i.USB_OTG_ReadDevInEPIntr)
    i.USB_OTG_ReadDevOutEPIntr               0x08003300   Section        0  usb_core.o(i.USB_OTG_ReadDevOutEPIntr)
    i.USB_OTG_ReadPacket                     0x0800331c   Section        0  usb_core.o(i.USB_OTG_ReadPacket)
    i.USB_OTG_SelectCore                     0x08003348   Section        0  usb_core.o(i.USB_OTG_SelectCore)
    i.USB_OTG_SetCurrentMode                 0x08003370   Section        0  usb_core.o(i.USB_OTG_SetCurrentMode)
    i.USB_OTG_UngateClock                    0x080033b4   Section        0  usb_core.o(i.USB_OTG_UngateClock)
    i.USB_OTG_WritePacket                    0x080033ec   Section        0  usb_core.o(i.USB_OTG_WritePacket)
    i.UsageFault_Handler                     0x08003428   Section        0  gd32f10x_it.o(i.UsageFault_Handler)
    i.__scatterload_copy                     0x0800342c   Section       14  handlers.o(i.__scatterload_copy)
    i.__scatterload_null                     0x0800343a   Section        2  handlers.o(i.__scatterload_null)
    i.__scatterload_zeroinit                 0x0800343c   Section       14  handlers.o(i.__scatterload_zeroinit)
    i.init_CAN                               0x0800344c   Section        0  can_init.o(i.init_CAN)
    i.main                                   0x0800355c   Section        0  app.o(i.main)
    .data                                    0x20000000   Section       60  usbd_desc.o(.data)
    .data                                    0x2000003c   Section       12  usb_hwp.o(.data)
    .data                                    0x20000048   Section       48  usbd_core.o(.data)
    .data                                    0x20000078   Section       53  usbd_enum.o(.data)
    StandardDeviceRequest                    0x20000078   Data          52  usbd_enum.o(.data)
    cfgidx                                   0x200000ac   Data           1  usbd_enum.o(.data)
    .data                                    0x200000b0   Section      172  usbd_cdc_core.o(.data)
    USBD_CDC_AltSet                          0x200000b0   Data           4  usbd_cdc_core.o(.data)
    CDCCmd                                   0x200000c8   Data           4  usbd_cdc_core.o(.data)
    FrameCount                               0x20000150   Data           4  usbd_cdc_core.o(.data)
    .data                                    0x2000015c   Section       24  gd32f10x_rcc.o(.data)
    AHBPrescTable                            0x2000015c   Data          16  gd32f10x_rcc.o(.data)
    APBPrescTable                            0x2000016c   Data           8  gd32f10x_rcc.o(.data)
    .data                                    0x20000174   Section        8  can_init.o(.data)
    .bss                                     0x2000017c   Section     1160  app.o(.bss)
    .bss                                     0x20000604   Section      255  usbd_enum.o(.bss)
    .bss                                     0x20000703   Section      576  usbd_cdc_core.o(.bss)
    .bss                                     0x20000944   Section       60  can_init.o(.bss)
    STACK                                    0x20000980   Section     2048  startup_gd32f10x_cl.o(STACK)

    Global Symbols

    Symbol Name                              Value     Ov Type        Size  Object(Section)

    BuildAttributes$$THM_ISAv4$P$D$K$B$S$PE$A:L22UL41UL21$X:L11$S22US41US21$IEEE1$IW$USESV6$~STKCKD$USESV7$~SHL$OSPACE$ROPI$EBA8$MICROLIB$REQ8$PRES8$EABIv2 0x00000000   Number         0  anon$$obj.o ABSOLUTE
    __ARM_use_no_argv                        0x00000000   Number         0  app.o ABSOLUTE
    __cpp_initialize__aeabi_                  - Undefined Weak Reference
    __cxa_finalize                            - Undefined Weak Reference
    _clock_init                               - Undefined Weak Reference
    _microlib_exit                            - Undefined Weak Reference
    __Vectors_Size                           0x00000150   Number         0  startup_gd32f10x_cl.o ABSOLUTE
    __Vectors                                0x08000000   Data           4  startup_gd32f10x_cl.o(RESET)
    __Vectors_End                            0x08000150   Data           0  startup_gd32f10x_cl.o(RESET)
    __main                                   0x08000151   Thumb Code     0  entry.o(.ARM.Collect$$$$00000000)
    _main_stk                                0x08000151   Thumb Code     0  entry2.o(.ARM.Collect$$$$00000001)
    _main_scatterload                        0x08000155   Thumb Code     0  entry5.o(.ARM.Collect$$$$00000004)
    __main_after_scatterload                 0x08000159   Thumb Code     0  entry5.o(.ARM.Collect$$$$00000004)
    _main_clock                              0x08000159   Thumb Code     0  entry7b.o(.ARM.Collect$$$$00000008)
    _main_cpp_init                           0x08000159   Thumb Code     0  entry8b.o(.ARM.Collect$$$$0000000A)
    _main_init                               0x08000159   Thumb Code     0  entry9a.o(.ARM.Collect$$$$0000000B)
    __rt_final_cpp                           0x08000161   Thumb Code     0  entry10a.o(.ARM.Collect$$$$0000000D)
    __rt_final_exit                          0x08000161   Thumb Code     0  entry11a.o(.ARM.Collect$$$$0000000F)
    Reset_Handler                            0x08000165   Thumb Code     8  startup_gd32f10x_cl.o(.text)
    ADC1_2_IRQHandler                        0x0800017f   Thumb Code     0  startup_gd32f10x_cl.o(.text)
    CAN1_RX1_IRQHandler                      0x0800017f   Thumb Code     0  startup_gd32f10x_cl.o(.text)
    CAN1_SCE_IRQHandler                      0x0800017f   Thumb Code     0  startup_gd32f10x_cl.o(.text)
    CAN1_TX_IRQHandler                       0x0800017f   Thumb Code     0  startup_gd32f10x_cl.o(.text)
    CAN2_RX0_IRQHandler                      0x0800017f   Thumb Code     0  startup_gd32f10x_cl.o(.text)
    CAN2_RX1_IRQHandler                      0x0800017f   Thumb Code     0  startup_gd32f10x_cl.o(.text)
    CAN2_SCE_IRQHandler                      0x0800017f   Thumb Code     0  startup_gd32f10x_cl.o(.text)
    CAN2_TX_IRQHandler                       0x0800017f   Thumb Code     0  startup_gd32f10x_cl.o(.text)
    DMA1_Channel1_IRQHandler                 0x0800017f   Thumb Code     0  startup_gd32f10x_cl.o(.text)
    DMA1_Channel2_IRQHandler                 0x0800017f   Thumb Code     0  startup_gd32f10x_cl.o(.text)
    DMA1_Channel3_IRQHandler                 0x0800017f   Thumb Code     0  startup_gd32f10x_cl.o(.text)
    DMA1_Channel4_IRQHandler                 0x0800017f   Thumb Code     0  startup_gd32f10x_cl.o(.text)
    DMA1_Channel5_IRQHandler                 0x0800017f   Thumb Code     0  startup_gd32f10x_cl.o(.text)
    DMA1_Channel6_IRQHandler                 0x0800017f   Thumb Code     0  startup_gd32f10x_cl.o(.text)
    DMA1_Channel7_IRQHandler                 0x0800017f   Thumb Code     0  startup_gd32f10x_cl.o(.text)
    DMA2_Channel1_IRQHandler                 0x0800017f   Thumb Code     0  startup_gd32f10x_cl.o(.text)
    DMA2_Channel2_IRQHandler                 0x0800017f   Thumb Code     0  startup_gd32f10x_cl.o(.text)
    DMA2_Channel3_IRQHandler                 0x0800017f   Thumb Code     0  startup_gd32f10x_cl.o(.text)
    DMA2_Channel4_IRQHandler                 0x0800017f   Thumb Code     0  startup_gd32f10x_cl.o(.text)
    DMA2_Channel5_IRQHandler                 0x0800017f   Thumb Code     0  startup_gd32f10x_cl.o(.text)
    ETH_IRQHandler                           0x0800017f   Thumb Code     0  startup_gd32f10x_cl.o(.text)
    ETH_WKUP_IRQHandler                      0x0800017f   Thumb Code     0  startup_gd32f10x_cl.o(.text)
    EXMC_IRQHandler                          0x0800017f   Thumb Code     0  startup_gd32f10x_cl.o(.text)
    EXTI0_IRQHandler                         0x0800017f   Thumb Code     0  startup_gd32f10x_cl.o(.text)
    EXTI15_10_IRQHandler                     0x0800017f   Thumb Code     0  startup_gd32f10x_cl.o(.text)
    EXTI1_IRQHandler                         0x0800017f   Thumb Code     0  startup_gd32f10x_cl.o(.text)
    EXTI2_IRQHandler                         0x0800017f   Thumb Code     0  startup_gd32f10x_cl.o(.text)
    EXTI3_IRQHandler                         0x0800017f   Thumb Code     0  startup_gd32f10x_cl.o(.text)
    EXTI4_IRQHandler                         0x0800017f   Thumb Code     0  startup_gd32f10x_cl.o(.text)
    EXTI9_5_IRQHandler                       0x0800017f   Thumb Code     0  startup_gd32f10x_cl.o(.text)
    FMC_IRQHandler                           0x0800017f   Thumb Code     0  startup_gd32f10x_cl.o(.text)
    I2C1_ER_IRQHandler                       0x0800017f   Thumb Code     0  startup_gd32f10x_cl.o(.text)
    I2C1_EV_IRQHandler                       0x0800017f   Thumb Code     0  startup_gd32f10x_cl.o(.text)
    I2C2_ER_IRQHandler                       0x0800017f   Thumb Code     0  startup_gd32f10x_cl.o(.text)
    I2C2_EV_IRQHandler                       0x0800017f   Thumb Code     0  startup_gd32f10x_cl.o(.text)
    LVD_IRQHandler                           0x0800017f   Thumb Code     0  startup_gd32f10x_cl.o(.text)
    RCC_IRQHandler                           0x0800017f   Thumb Code     0  startup_gd32f10x_cl.o(.text)
    RTCAlarm_IRQHandler                      0x0800017f   Thumb Code     0  startup_gd32f10x_cl.o(.text)
    RTC_IRQHandler                           0x0800017f   Thumb Code     0  startup_gd32f10x_cl.o(.text)
    SPI1_IRQHandler                          0x0800017f   Thumb Code     0  startup_gd32f10x_cl.o(.text)
    SPI2_IRQHandler                          0x0800017f   Thumb Code     0  startup_gd32f10x_cl.o(.text)
    SPI3_IRQHandler                          0x0800017f   Thumb Code     0  startup_gd32f10x_cl.o(.text)
    TAMPER_IRQHandler                        0x0800017f   Thumb Code     0  startup_gd32f10x_cl.o(.text)
    TIMER1_BRK_IRQHandler                    0x0800017f   Thumb Code     0  startup_gd32f10x_cl.o(.text)
    TIMER1_CC_IRQHandler                     0x0800017f   Thumb Code     0  startup_gd32f10x_cl.o(.text)
    TIMER1_TRG_COM_IRQHandler                0x0800017f   Thumb Code     0  startup_gd32f10x_cl.o(.text)
    TIMER1_UP_IRQHandler                     0x0800017f   Thumb Code     0  startup_gd32f10x_cl.o(.text)
    TIMER3_IRQHandler                        0x0800017f   Thumb Code     0  startup_gd32f10x_cl.o(.text)
    TIMER4_IRQHandler                        0x0800017f   Thumb Code     0  startup_gd32f10x_cl.o(.text)
    TIMER5_IRQHandler                        0x0800017f   Thumb Code     0  startup_gd32f10x_cl.o(.text)
    TIMER6_IRQHandler                        0x0800017f   Thumb Code     0  startup_gd32f10x_cl.o(.text)
    TIMER7_IRQHandler                        0x0800017f   Thumb Code     0  startup_gd32f10x_cl.o(.text)
    TIMER8_BRK_TIMER12_IRQHandler            0x0800017f   Thumb Code     0  startup_gd32f10x_cl.o(.text)
    TIMER8_CC_IRQHandler                     0x0800017f   Thumb Code     0  startup_gd32f10x_cl.o(.text)
    TIMER8_TRG_COM_TIMER14_IRQHandler        0x0800017f   Thumb Code     0  startup_gd32f10x_cl.o(.text)
    TIMER8_UP_TIMER13_IRQHandler             0x0800017f   Thumb Code     0  startup_gd32f10x_cl.o(.text)
    UART4_IRQHandler                         0x0800017f   Thumb Code     0  startup_gd32f10x_cl.o(.text)
    UART5_IRQHandler                         0x0800017f   Thumb Code     0  startup_gd32f10x_cl.o(.text)
    USART1_IRQHandler                        0x0800017f   Thumb Code     0  startup_gd32f10x_cl.o(.text)
    USART2_IRQHandler                        0x0800017f   Thumb Code     0  startup_gd32f10x_cl.o(.text)
    USART3_IRQHandler                        0x0800017f   Thumb Code     0  startup_gd32f10x_cl.o(.text)
    WWDG_IRQHandler                          0x0800017f   Thumb Code     0  startup_gd32f10x_cl.o(.text)
    __scatterload                            0x08000189   Thumb Code    28  init.o(.text)
    __scatterload_rt2                        0x08000189   Thumb Code     0  init.o(.text)
    __decompress                             0x080001ad   Thumb Code     0  __dczerorl2.o(.text)
    __decompress1                            0x080001ad   Thumb Code    92  __dczerorl2.o(.text)
    BusFault_Handler                         0x08000209   Thumb Code     4  gd32f10x_it.o(i.BusFault_Handler)
    CAN1_RX0_IRQHandler                      0x0800020d   Thumb Code    92  can_init.o(i.CAN1_RX0_IRQHandler)
    CAN_DeInit                               0x08000279   Thumb Code    50  gd32f10x_can.o(i.CAN_DeInit)
    CAN_FilterInit                           0x080002b1   Thumb Code   258  gd32f10x_can.o(i.CAN_FilterInit)
    CAN_GetIntBitState                       0x080003b9   Thumb Code   282  gd32f10x_can.o(i.CAN_GetIntBitState)
    CAN_INTConfig                            0x080004d9   Thumb Code    18  gd32f10x_can.o(i.CAN_INTConfig)
    CAN_Init                                 0x080004eb   Thumb Code   274  gd32f10x_can.o(i.CAN_Init)
    CAN_Receive                              0x080005fd   Thumb Code   240  gd32f10x_can.o(i.CAN_Receive)
    CAN_StructInit                           0x080006ed   Thumb Code    36  gd32f10x_can.o(i.CAN_StructInit)
    CDC_DataTx                               0x08000711   Thumb Code    58  usbd_cdc_vcp.o(i.CDC_DataTx)
    DCD_EP_ClrStall                          0x08000763   Thumb Code    56  usb_dcd.o(i.DCD_EP_ClrStall)
    DCD_EP_DeInit                            0x0800079b   Thumb Code    52  usb_dcd.o(i.DCD_EP_DeInit)
    DCD_EP_Init                              0x080007cf   Thumb Code    78  usb_dcd.o(i.DCD_EP_Init)
    DCD_EP_Rx                                0x0800081d   Thumb Code    66  usb_dcd.o(i.DCD_EP_Rx)
    DCD_EP_SetAddress                        0x08000861   Thumb Code    14  usb_dcd.o(i.DCD_EP_SetAddress)
    DCD_EP_SetStall                          0x08000875   Thumb Code    56  usb_dcd.o(i.DCD_EP_SetStall)
    DCD_EP_Tx                                0x080008ad   Thumb Code    66  usb_dcd.o(i.DCD_EP_Tx)
    DCD_Init                                 0x08000a21   Thumb Code   170  usb_dcd.o(i.DCD_Init)
    DebugMon_Handler                         0x08000ea1   Thumb Code     2  gd32f10x_it.o(i.DebugMon_Handler)
    EXTI_ClearIntBitState                    0x08000ea5   Thumb Code     6  gd32f10x_exti.o(i.EXTI_ClearIntBitState)
    GPIO_Init                                0x08000eb1   Thumb Code   274  gd32f10x_gpio.o(i.GPIO_Init)
    GPIO_PinRemapConfig                      0x08000fc5   Thumb Code   138  gd32f10x_gpio.o(i.GPIO_PinRemapConfig)
    HardFault_Handler                        0x080010f5   Thumb Code     4  gd32f10x_it.o(i.HardFault_Handler)
    LEDs_init                                0x080010f9   Thumb Code    56  hw_conf.o(i.LEDs_init)
    MemManage_Handler                        0x08001139   Thumb Code     4  gd32f10x_it.o(i.MemManage_Handler)
    NMI_Handler                              0x0800113d   Thumb Code     2  gd32f10x_it.o(i.NMI_Handler)
    NVIC_Init                                0x08001141   Thumb Code   194  gd32f10x_misc.o(i.NVIC_Init)
    NVIC_PRIGroup_Enable                     0x08001211   Thumb Code    10  gd32f10x_misc.o(i.NVIC_PRIGroup_Enable)
    NVIC_VectTableSet                        0x08001225   Thumb Code    12  gd32f10x_misc.o(i.NVIC_VectTableSet)
    OTG_FS_IRQHandler                        0x08001239   Thumb Code    10  gd32f10x_it.o(i.OTG_FS_IRQHandler)
    OTG_FS_WKUP_IRQHandler                   0x08001249   Thumb Code    56  gd32f10x_it.o(i.OTG_FS_WKUP_IRQHandler)
    PWR_DEEPSLEEPMode_Entry                  0x0800128d   Thumb Code    58  gd32f10x_pwr.o(i.PWR_DEEPSLEEPMode_Entry)
    PendSV_Handler                           0x080012d1   Thumb Code     2  gd32f10x_it.o(i.PendSV_Handler)
    RCC_AHBPeriphClock_Enable                0x080012d5   Thumb Code    26  gd32f10x_rcc.o(i.RCC_AHBPeriphClock_Enable)
    RCC_APB1PeriphClock_Enable               0x080012f5   Thumb Code    26  gd32f10x_rcc.o(i.RCC_APB1PeriphClock_Enable)
    RCC_APB1PeriphReset_Enable               0x08001315   Thumb Code    26  gd32f10x_rcc.o(i.RCC_APB1PeriphReset_Enable)
    RCC_APB2PeriphClock_Enable               0x08001335   Thumb Code    26  gd32f10x_rcc.o(i.RCC_APB2PeriphClock_Enable)
    RCC_GetClocksFreq                        0x08001355   Thumb Code   382  gd32f10x_rcc.o(i.RCC_GetClocksFreq)
    RCC_OTGFSCLKConfig                       0x080014ed   Thumb Code    22  gd32f10x_rcc.o(i.RCC_OTGFSCLKConfig)
    SVC_Handler                              0x08001509   Thumb Code     2  gd32f10x_it.o(i.SVC_Handler)
    SysTick_Handler                          0x080015d5   Thumb Code     2  gd32f10x_it.o(i.SysTick_Handler)
    SystemInit                               0x080015d9   Thumb Code    86  system_gd32f10x.o(i.SystemInit)
    TIMER2_IRQHandler                        0x08001641   Thumb Code     8  gd32f10x_it.o(i.TIMER2_IRQHandler)
    TIMER_BaseInit                           0x08001649   Thumb Code   140  gd32f10x_timer.o(i.TIMER_BaseInit)
    TIMER_CARLPreloadConfig                  0x08001709   Thumb Code    24  gd32f10x_timer.o(i.TIMER_CARLPreloadConfig)
    TIMER_ClearIntBitState                   0x08001721   Thumb Code     6  gd32f10x_timer.o(i.TIMER_ClearIntBitState)
    TIMER_Enable                             0x08001727   Thumb Code    24  gd32f10x_timer.o(i.TIMER_Enable)
    TIMER_GetIntBitState                     0x0800173f   Thumb Code    32  gd32f10x_timer.o(i.TIMER_GetIntBitState)
    TIMER_INTConfig                          0x0800175f   Thumb Code    18  gd32f10x_timer.o(i.TIMER_INTConfig)
    USBD_ClrCfg                              0x08001a5d   Thumb Code    22  usbd_core.o(i.USBD_ClrCfg)
    USBD_CtlContinueRx                       0x08001b6b   Thumb Code    30  usbd_ctlx.o(i.USBD_CtlContinueRx)
    USBD_CtlContinueTx                       0x08001b89   Thumb Code    30  usbd_ctlx.o(i.USBD_CtlContinueTx)
    USBD_CtlError                            0x08001ba7   Thumb Code    30  usbd_enum.o(i.USBD_CtlError)
    USBD_CtlReceiveStatus                    0x08001bc5   Thumb Code    32  usbd_ctlx.o(i.USBD_CtlReceiveStatus)
    USBD_CtlRx                               0x08001be5   Thumb Code    42  usbd_ctlx.o(i.USBD_CtlRx)
    USBD_CtlTransmitStatus                   0x08001c0f   Thumb Code    32  usbd_ctlx.o(i.USBD_CtlTransmitStatus)
    USBD_CtlTx                               0x08001c2f   Thumb Code    38  usbd_ctlx.o(i.USBD_CtlTx)
    USBD_DeInit                              0x08001d7d   Thumb Code     6  usbd_core.o(i.USBD_DeInit)
    USBD_DevClsReq                           0x08001d83   Thumb Code    82  usbd_enum.o(i.USBD_DevClsReq)
    USBD_GetUnicodeString                    0x080020d5   Thumb Code    56  usbd_enum.o(i.USBD_GetUnicodeString)
    USBD_Init                                0x0800210d   Thumb Code    50  usbd_core.o(i.USBD_Init)
    USBD_OTG_ISR_Handler                     0x08002163   Thumb Code   240  usb_dcd_int.o(i.USBD_OTG_ISR_Handler)
    USBD_ParseSetupRequest                   0x08002253   Thumb Code    64  usbd_enum.o(i.USBD_ParseSetupRequest)
    USBD_SetCfg                              0x08002333   Thumb Code    22  usbd_core.o(i.USBD_SetCfg)
    USBD_StdDevReq                           0x080025c5   Thumb Code    24  usbd_enum.o(i.USBD_StdDevReq)
    USBD_USER_ConfigStrDesc                  0x080025f1   Thumb Code    26  usbd_desc.o(i.USBD_USER_ConfigStrDesc)
    USBD_USER_DevDesc                        0x08002629   Thumb Code    10  usbd_desc.o(i.USBD_USER_DevDesc)
    USBD_USER_ItfStrDesc                     0x08002639   Thumb Code    26  usbd_desc.o(i.USBD_USER_ItfStrDesc)
    USBD_USER_LANGIDStrDesc                  0x08002675   Thumb Code    10  usbd_desc.o(i.USBD_USER_LANGIDStrDesc)
    USBD_USER_MFCStrDesc                     0x08002685   Thumb Code    20  usbd_desc.o(i.USBD_USER_MFCStrDesc)
    USBD_USER_ProdStrDesc                    0x080026b5   Thumb Code    26  usbd_desc.o(i.USBD_USER_ProdStrDesc)
    USBD_USER_SerialStrDesc                  0x080026f5   Thumb Code    26  usbd_desc.o(i.USBD_USER_SerialStrDesc)
    USBD_VdrDefReq                           0x08002725   Thumb Code     6  usbd_enum.o(i.USBD_VdrDefReq)
    USB_OTG_CoreInit                         0x0800272b   Thumb Code    82  usb_core.o(i.USB_OTG_CoreInit)
    USB_OTG_CoreInitDev                      0x0800277d   Thumb Code   524  usb_core.o(i.USB_OTG_CoreInitDev)
    USB_OTG_EP0Activate                      0x08002a0d   Thumb Code    88  usb_core.o(i.USB_OTG_EP0Activate)
    USB_OTG_EP0StartXfer                     0x08002a69   Thumb Code   298  usb_core.o(i.USB_OTG_EP0StartXfer)
    USB_OTG_EP0_StartOut                     0x08002b9d   Thumb Code    62  usb_core.o(i.USB_OTG_EP0_StartOut)
    USB_OTG_EPActivate                       0x08002be1   Thumb Code   214  usb_core.o(i.USB_OTG_EPActivate)
    USB_OTG_EPClrStall                       0x08002cc1   Thumb Code   124  usb_core.o(i.USB_OTG_EPClrStall)
    USB_OTG_EPDeactivate                     0x08002d45   Thumb Code   102  usb_core.o(i.USB_OTG_EPDeactivate)
    USB_OTG_EPSetStall                       0x08002db5   Thumb Code   100  usb_core.o(i.USB_OTG_EPSetStall)
    USB_OTG_EPStartXfer                      0x08002e21   Thumb Code   454  usb_core.o(i.USB_OTG_EPStartXfer)
    USB_OTG_EnableDevInt                     0x08003011   Thumb Code    64  usb_core.o(i.USB_OTG_EnableDevInt)
    USB_OTG_FlushRxFifo                      0x08003059   Thumb Code    62  usb_core.o(i.USB_OTG_FlushRxFifo)
    USB_OTG_FlushTxFifo                      0x0800309d   Thumb Code    82  usb_core.o(i.USB_OTG_FlushTxFifo)
    USB_OTG_GetCurrentMode                   0x080030f5   Thumb Code    14  usb_core.o(i.USB_OTG_GetCurrentMode)
    USB_OTG_GetDevSpeed                      0x08003105   Thumb Code    46  usb_core.o(i.USB_OTG_GetDevSpeed)
    USB_OTG_HWP_EnableInterrupt              0x08003139   Thumb Code    44  usb_hwp.o(i.USB_OTG_HWP_EnableInterrupt)
    USB_OTG_HWP_Init                         0x08003165   Thumb Code   128  usb_hwp.o(i.USB_OTG_HWP_Init)
    USB_OTG_HWP_TimerIRQ                     0x08003235   Thumb Code    50  usb_hwp.o(i.USB_OTG_HWP_TimerIRQ)
    USB_OTG_HWP_mDelay                       0x0800326d   Thumb Code    14  usb_hwp.o(i.USB_OTG_HWP_mDelay)
    USB_OTG_HWP_uDelay                       0x0800327b   Thumb Code    14  usb_hwp.o(i.USB_OTG_HWP_uDelay)
    USB_OTG_IsDeviceMode                     0x08003289   Thumb Code    22  usb_core.o(i.USB_OTG_IsDeviceMode)
    USB_OTG_ReadDevAllInEPIntr               0x080032a1   Thumb Code    18  usb_core.o(i.USB_OTG_ReadDevAllInEPIntr)
    USB_OTG_ReadDevAllOutEpIntr              0x080032b9   Thumb Code    18  usb_core.o(i.USB_OTG_ReadDevAllOutEpIntr)
    USB_OTG_ReadDevInEPIntr                  0x080032d1   Thumb Code    44  usb_core.o(i.USB_OTG_ReadDevInEPIntr)
    USB_OTG_ReadDevOutEPIntr                 0x08003301   Thumb Code    18  usb_core.o(i.USB_OTG_ReadDevOutEPIntr)
    USB_OTG_ReadPacket                       0x0800331d   Thumb Code    38  usb_core.o(i.USB_OTG_ReadPacket)
    USB_OTG_SelectCore                       0x08003349   Thumb Code    40  usb_core.o(i.USB_OTG_SelectCore)
    USB_OTG_SetCurrentMode                   0x08003371   Thumb Code    66  usb_core.o(i.USB_OTG_SetCurrentMode)
    USB_OTG_UngateClock                      0x080033b5   Thumb Code    48  usb_core.o(i.USB_OTG_UngateClock)
    USB_OTG_WritePacket                      0x080033ed   Thumb Code    56  usb_core.o(i.USB_OTG_WritePacket)
    UsageFault_Handler                       0x08003429   Thumb Code     4  gd32f10x_it.o(i.UsageFault_Handler)
    __scatterload_copy                       0x0800342d   Thumb Code    14  handlers.o(i.__scatterload_copy)
    __scatterload_null                       0x0800343b   Thumb Code     2  handlers.o(i.__scatterload_null)
    __scatterload_zeroinit                   0x0800343d   Thumb Code    14  handlers.o(i.__scatterload_zeroinit)
    init_CAN                                 0x0800344d   Thumb Code   264  can_init.o(i.init_CAN)
    main                                     0x0800355d   Thumb Code    32  app.o(i.main)
    Region$$Table$$Base                      0x0800358c   Number         0  anon$$obj.o(Region$$Table)
    Region$$Table$$Limit                     0x080035ac   Number         0  anon$$obj.o(Region$$Table)
    USER_desc                                0x20000000   Data          28  usbd_desc.o(.data)
    USBD_DeviceDesc                          0x2000001c   Data          18  usbd_desc.o(.data)
    USBD_DeviceQualifierDesc                 0x2000002e   Data          10  usbd_desc.o(.data)
    USBD_LANGIDDesc                          0x20000038   Data           4  usbd_desc.o(.data)
    HWP_delay                                0x2000003c   Data           4  usb_hwp.o(.data)
    USBOTG_Prescaler                         0x20000040   Data           4  usb_hwp.o(.data)
    Timer_Prescaler                          0x20000044   Data           4  usb_hwp.o(.data)
    USBD_DCD_INT_cb                          0x20000048   Data          44  usbd_core.o(.data)
    USBD_DCD_INT_fops                        0x20000074   Data           4  usbd_core.o(.data)
    end_packet                               0x200000b4   Data           4  usbd_cdc_core.o(.data)
    AppBufInPtr                              0x200000b8   Data           4  usbd_cdc_core.o(.data)
    AppBufOutPtr                             0x200000bc   Data           4  usbd_cdc_core.o(.data)
    AppRxLength                              0x200000c0   Data           4  usbd_cdc_core.o(.data)
    USB_Tx_State                             0x200000c4   Data           1  usbd_cdc_core.o(.data)
    USBD_CDC_cb                              0x200000cc   Data          64  usbd_cdc_core.o(.data)
    USBD_CDC_CfgDesc                         0x2000010c   Data          67  usbd_cdc_core.o(.data)
    USB_CMD_Buffer                           0x20000154   Data           8  usbd_cdc_core.o(.data)
    can1_resive0                             0x20000174   Data           4  can_init.o(.data)
    can1_resive1                             0x20000178   Data           4  can_init.o(.data)
    USB_OTG_dev                              0x2000017c   Data        1140  app.o(.bss)
    RCC_Clocks                               0x200005f0   Data          20  app.o(.bss)
    USBD_StrDesc                             0x20000604   Data         255  usbd_enum.o(.bss)
    USB_DATA_Buffer                          0x20000703   Data          64  usbd_cdc_core.o(.bss)
    APP_DATA_Buffer                          0x20000743   Data         512  usbd_cdc_core.o(.bss)
    msg_buf_can                              0x20000944   Data          20  can_init.o(.bss)
    TxMessage                                0x20000958   Data          20  can_init.o(.bss)
    RxMessage                                0x2000096c   Data          20  can_init.o(.bss)
    __initial_sp                             0x20001180   Data           0  startup_gd32f10x_cl.o(STACK)



==============================================================================

Memory Map of the image

  Image Entry point : 0x08000151

  Load Region LR_IROM1 (Base: 0x08000000, Size: 0x00003728, Max: 0x00100000, ABSOLUTE, COMPRESSED[0x000036a4])

    Execution Region ER_IROM1 (Base: 0x08000000, Size: 0x000035ac, Max: 0x00100000, ABSOLUTE)

    Base Addr    Size         Type   Attr      Idx    E Section Name        Object

    0x08000000   0x00000150   Data   RO         1268    RESET               startup_gd32f10x_cl.o
    0x08000150   0x00000000   Code   RO         2963  * .ARM.Collect$$$$00000000  mc_w.l(entry.o)
    0x08000150   0x00000004   Code   RO         3226    .ARM.Collect$$$$00000001  mc_w.l(entry2.o)
    0x08000154   0x00000004   Code   RO         3229    .ARM.Collect$$$$00000004  mc_w.l(entry5.o)
    0x08000158   0x00000000   Code   RO         3231    .ARM.Collect$$$$00000008  mc_w.l(entry7b.o)
    0x08000158   0x00000000   Code   RO         3233    .ARM.Collect$$$$0000000A  mc_w.l(entry8b.o)
    0x08000158   0x00000008   Code   RO         3234    .ARM.Collect$$$$0000000B  mc_w.l(entry9a.o)
    0x08000160   0x00000000   Code   RO         3236    .ARM.Collect$$$$0000000D  mc_w.l(entry10a.o)
    0x08000160   0x00000000   Code   RO         3238    .ARM.Collect$$$$0000000F  mc_w.l(entry11a.o)
    0x08000160   0x00000004   Code   RO         3227    .ARM.Collect$$$$00002712  mc_w.l(entry2.o)
    0x08000164   0x00000024   Code   RO         1269    .text               startup_gd32f10x_cl.o
    0x08000188   0x00000024   Code   RO         3258    .text               mc_w.l(init.o)
    0x080001ac   0x0000005c   Code   RO         3278    .text               mc_w.l(__dczerorl2.o)
    0x08000208   0x00000004   Code   RO          345    i.BusFault_Handler  gd32f10x_it.o
    0x0800020c   0x0000006c   Code   RO         2856    i.CAN1_RX0_IRQHandler  can_init.o
    0x08000278   0x00000038   Code   RO         2695    i.CAN_DeInit        gd32f10x_can.o
    0x080002b0   0x00000108   Code   RO         2699    i.CAN_FilterInit    gd32f10x_can.o
    0x080003b8   0x00000120   Code   RO         2702    i.CAN_GetIntBitState  gd32f10x_can.o
    0x080004d8   0x00000012   Code   RO         2706    i.CAN_INTConfig     gd32f10x_can.o
    0x080004ea   0x00000112   Code   RO         2707    i.CAN_Init          gd32f10x_can.o
    0x080005fc   0x000000f0   Code   RO         2709    i.CAN_Receive       gd32f10x_can.o
    0x080006ec   0x00000024   Code   RO         2711    i.CAN_StructInit    gd32f10x_can.o
    0x08000710   0x00000044   Code   RO          190    i.CDC_DataTx        usbd_cdc_vcp.o
    0x08000754   0x0000000e   Code   RO         2717    i.CheckINTState     gd32f10x_can.o
    0x08000762   0x00000038   Code   RO          683    i.DCD_EP_ClrStall   usb_dcd.o
    0x0800079a   0x00000034   Code   RO          684    i.DCD_EP_DeInit     usb_dcd.o
    0x080007ce   0x0000004e   Code   RO          687    i.DCD_EP_Init       usb_dcd.o
    0x0800081c   0x00000042   Code   RO          688    i.DCD_EP_Rx         usb_dcd.o
    0x0800085e   0x00000002   PAD
    0x08000860   0x00000014   Code   RO          689    i.DCD_EP_SetAddress  usb_dcd.o
    0x08000874   0x00000038   Code   RO          690    i.DCD_EP_SetStall   usb_dcd.o
    0x080008ac   0x00000042   Code   RO          692    i.DCD_EP_Tx         usb_dcd.o
    0x080008ee   0x0000001c   Code   RO          773    i.DCD_EarlySuspend_ISR  usb_dcd_int.o
    0x0800090a   0x00000040   Code   RO          774    i.DCD_EnumFinish_ISR  usb_dcd_int.o
    0x0800094a   0x00000002   PAD
    0x0800094c   0x000000d4   Code   RO          775    i.DCD_InEP_ISR      usb_dcd_int.o
    0x08000a20   0x000000aa   Code   RO          693    i.DCD_Init          usb_dcd.o
    0x08000aca   0x00000002   PAD
    0x08000acc   0x00000020   Code   RO          776    i.DCD_IsoINIncomplete_ISR  usb_dcd_int.o
    0x08000aec   0x00000020   Code   RO          777    i.DCD_IsoOUTIncomplete_ISR  usb_dcd_int.o
    0x08000b0c   0x00000034   Code   RO          778    i.DCD_OTG_ISR       usb_dcd_int.o
    0x08000b40   0x000000ac   Code   RO          779    i.DCD_OutEP_ISR     usb_dcd_int.o
    0x08000bec   0x000000b0   Code   RO          780    i.DCD_RxFifoStatus_ISR  usb_dcd_int.o
    0x08000c9c   0x00000020   Code   RO          781    i.DCD_SOF_ISR       usb_dcd_int.o
    0x08000cbc   0x00000020   Code   RO          782    i.DCD_SessionRequest_ISR  usb_dcd_int.o
    0x08000cdc   0x000000b0   Code   RO          783    i.DCD_UsbReset_ISR  usb_dcd_int.o
    0x08000d8c   0x00000020   Code   RO          784    i.DCD_UsbResume_ISR  usb_dcd_int.o
    0x08000dac   0x00000068   Code   RO          785    i.DCD_UsbSuspend_ISR  usb_dcd_int.o
    0x08000e14   0x0000008c   Code   RO          786    i.DCD_WriteEmptyTxFifo  usb_dcd_int.o
    0x08000ea0   0x00000002   Code   RO          346    i.DebugMon_Handler  gd32f10x_it.o
    0x08000ea2   0x00000002   PAD
    0x08000ea4   0x0000000c   Code   RO         1404    i.EXTI_ClearIntBitState  gd32f10x_exti.o
    0x08000eb0   0x00000112   Code   RO         1465    i.GPIO_Init         gd32f10x_gpio.o
    0x08000fc2   0x00000002   PAD
    0x08000fc4   0x00000090   Code   RO         1468    i.GPIO_PinRemapConfig  gd32f10x_gpio.o
    0x08001054   0x0000002c   Code   RO          280    i.HWP_Delay         usb_hwp.o
    0x08001080   0x00000074   Code   RO          281    i.HWP_SetTime       usb_hwp.o
    0x080010f4   0x00000004   Code   RO          347    i.HardFault_Handler  gd32f10x_it.o
    0x080010f8   0x00000040   Code   RO         2902    i.LEDs_init         hw_conf.o
    0x08001138   0x00000004   Code   RO          348    i.MemManage_Handler  gd32f10x_it.o
    0x0800113c   0x00000002   Code   RO          349    i.NMI_Handler       gd32f10x_it.o
    0x0800113e   0x00000002   PAD
    0x08001140   0x000000d0   Code   RO         1581    i.NVIC_Init         gd32f10x_misc.o
    0x08001210   0x00000014   Code   RO         1582    i.NVIC_PRIGroup_Enable  gd32f10x_misc.o
    0x08001224   0x00000014   Code   RO         1584    i.NVIC_VectTableSet  gd32f10x_misc.o
    0x08001238   0x00000010   Code   RO          350    i.OTG_FS_IRQHandler  gd32f10x_it.o
    0x08001248   0x00000044   Code   RO          351    i.OTG_FS_WKUP_IRQHandler  gd32f10x_it.o
    0x0800128c   0x00000044   Code   RO         2627    i.PWR_DEEPSLEEPMode_Entry  gd32f10x_pwr.o
    0x080012d0   0x00000002   Code   RO          352    i.PendSV_Handler    gd32f10x_it.o
    0x080012d2   0x00000002   PAD
    0x080012d4   0x00000020   Code   RO         1627    i.RCC_AHBPeriphClock_Enable  gd32f10x_rcc.o
    0x080012f4   0x00000020   Code   RO         1630    i.RCC_APB1PeriphClock_Enable  gd32f10x_rcc.o
    0x08001314   0x00000020   Code   RO         1631    i.RCC_APB1PeriphReset_Enable  gd32f10x_rcc.o
    0x08001334   0x00000020   Code   RO         1633    i.RCC_APB2PeriphClock_Enable  gd32f10x_rcc.o
    0x08001354   0x00000198   Code   RO         1644    i.RCC_GetClocksFreq  gd32f10x_rcc.o
    0x080014ec   0x0000001c   Code   RO         1655    i.RCC_OTGFSCLKConfig  gd32f10x_rcc.o
    0x08001508   0x00000002   Code   RO          353    i.SVC_Handler       gd32f10x_it.o
    0x0800150a   0x00000008   Code   RO         1226    i.SetSysClock       system_gd32f10x.o
    0x08001512   0x00000002   PAD
    0x08001514   0x000000c0   Code   RO         1227    i.SetSysClockTo48   system_gd32f10x.o
    0x080015d4   0x00000002   Code   RO          354    i.SysTick_Handler   gd32f10x_it.o
    0x080015d6   0x00000002   PAD
    0x080015d8   0x00000068   Code   RO         1229    i.SystemInit        system_gd32f10x.o
    0x08001640   0x00000008   Code   RO          355    i.TIMER2_IRQHandler  gd32f10x_it.o
    0x08001648   0x000000c0   Code   RO         2075    i.TIMER_BaseInit    gd32f10x_timer.o
    0x08001708   0x00000018   Code   RO         2077    i.TIMER_CARLPreloadConfig  gd32f10x_timer.o
    0x08001720   0x00000006   Code   RO         2083    i.TIMER_ClearIntBitState  gd32f10x_timer.o
    0x08001726   0x00000018   Code   RO         2096    i.TIMER_Enable      gd32f10x_timer.o
    0x0800173e   0x00000020   Code   RO         2109    i.TIMER_GetIntBitState  gd32f10x_timer.o
    0x0800175e   0x00000012   Code   RO         2113    i.TIMER_INTConfig   gd32f10x_timer.o
    0x08001770   0x000000b8   Code   RO         1145    i.USBD_CDC_AsynchXferHandle  usbd_cdc_core.o
    0x08001828   0x0000003c   Code   RO         1146    i.USBD_CDC_ClassReqHandle  usbd_cdc_core.o
    0x08001864   0x00000098   Code   RO         1147    i.USBD_CDC_DataIn   usbd_cdc_core.o
    0x080018fc   0x00000034   Code   RO         1148    i.USBD_CDC_DataOut  usbd_cdc_core.o
    0x08001930   0x00000022   Code   RO         1149    i.USBD_CDC_DeInit   usbd_cdc_core.o
    0x08001952   0x00000002   PAD
    0x08001954   0x00000018   Code   RO         1150    i.USBD_CDC_EP0_RxReady  usbd_cdc_core.o
    0x0800196c   0x00000010   Code   RO         1151    i.USBD_CDC_GetCfgDesc  usbd_cdc_core.o
    0x0800197c   0x0000003c   Code   RO         1152    i.USBD_CDC_GetClassDescriptor  usbd_cdc_core.o
    0x080019b8   0x00000018   Code   RO         1153    i.USBD_CDC_GetInterface  usbd_cdc_core.o
    0x080019d0   0x00000040   Code   RO         1154    i.USBD_CDC_Init     usbd_cdc_core.o
    0x08001a10   0x00000028   Code   RO         1155    i.USBD_CDC_SOF      usbd_cdc_core.o
    0x08001a38   0x00000024   Code   RO         1156    i.USBD_CDC_SetInterface  usbd_cdc_core.o
    0x08001a5c   0x00000016   Code   RO          867    i.USBD_ClrCfg       usbd_core.o
    0x08001a72   0x000000f8   Code   RO         1027    i.USBD_ClrFeature   usbd_enum.o
    0x08001b6a   0x0000001e   Code   RO          971    i.USBD_CtlContinueRx  usbd_ctlx.o
    0x08001b88   0x0000001e   Code   RO          972    i.USBD_CtlContinueTx  usbd_ctlx.o
    0x08001ba6   0x0000001e   Code   RO         1028    i.USBD_CtlError     usbd_enum.o
    0x08001bc4   0x00000020   Code   RO          973    i.USBD_CtlReceiveStatus  usbd_ctlx.o
    0x08001be4   0x0000002a   Code   RO          974    i.USBD_CtlRx        usbd_ctlx.o
    0x08001c0e   0x00000020   Code   RO          975    i.USBD_CtlTransmitStatus  usbd_ctlx.o
    0x08001c2e   0x00000026   Code   RO          976    i.USBD_CtlTx        usbd_ctlx.o
    0x08001c54   0x000000ae   Code   RO          868    i.USBD_DataInStage  usbd_core.o
    0x08001d02   0x0000007a   Code   RO          869    i.USBD_DataOutStage  usbd_core.o
    0x08001d7c   0x00000006   Code   RO          870    i.USBD_DeInit       usbd_core.o
    0x08001d82   0x00000052   Code   RO         1029    i.USBD_DevClsReq    usbd_enum.o
    0x08001dd4   0x0000000a   Code   RO          871    i.USBD_DevConnected  usbd_core.o
    0x08001dde   0x00000018   Code   RO          872    i.USBD_DevDisconnected  usbd_core.o
    0x08001df6   0x0000004e   Code   RO         1030    i.USBD_GetConfig    usbd_enum.o
    0x08001e44   0x00000144   Code   RO         1031    i.USBD_GetDescriptor  usbd_enum.o
    0x08001f88   0x00000048   Code   RO         1032    i.USBD_GetInterface  usbd_enum.o
    0x08001fd0   0x00000104   Code   RO         1033    i.USBD_GetStatus    usbd_enum.o
    0x080020d4   0x00000038   Code   RO         1034    i.USBD_GetUnicodeString  usbd_enum.o
    0x0800210c   0x00000032   Code   RO          873    i.USBD_Init         usbd_core.o
    0x0800213e   0x00000012   Code   RO          874    i.USBD_IsoINIncomplete  usbd_core.o
    0x08002150   0x00000012   Code   RO          875    i.USBD_IsoOUTIncomplete  usbd_core.o
    0x08002162   0x000000f0   Code   RO          787    i.USBD_OTG_ISR_Handler  usb_dcd_int.o
    0x08002252   0x00000040   Code   RO         1035    i.USBD_ParseSetupRequest  usbd_enum.o
    0x08002292   0x00000002   Code   RO         1036    i.USBD_Reserved     usbd_enum.o
    0x08002294   0x00000024   Code   RO          876    i.USBD_Reset        usbd_core.o
    0x080022b8   0x0000000e   Code   RO          877    i.USBD_Resume       usbd_core.o
    0x080022c6   0x00000006   Code   RO          878    i.USBD_RunTestMode  usbd_core.o
    0x080022cc   0x0000001a   Code   RO          879    i.USBD_SOF          usbd_core.o
    0x080022e6   0x0000004c   Code   RO         1037    i.USBD_SetAddress   usbd_enum.o
    0x08002332   0x00000016   Code   RO          880    i.USBD_SetCfg       usbd_core.o
    0x08002348   0x000000bc   Code   RO         1038    i.USBD_SetConfig    usbd_enum.o
    0x08002404   0x00000002   Code   RO         1039    i.USBD_SetDescriptor  usbd_enum.o
    0x08002406   0x00000002   PAD
    0x08002408   0x00000120   Code   RO         1040    i.USBD_SetFeature   usbd_enum.o
    0x08002528   0x00000048   Code   RO         1041    i.USBD_SetInterface  usbd_enum.o
    0x08002570   0x00000054   Code   RO          881    i.USBD_SetupStage   usbd_core.o
    0x080025c4   0x0000001c   Code   RO         1042    i.USBD_StdDevReq    usbd_enum.o
    0x080025e0   0x0000000e   Code   RO          882    i.USBD_Suspend      usbd_core.o
    0x080025ee   0x00000002   Code   RO         1043    i.USBD_SynchFrame   usbd_enum.o
    0x080025f0   0x00000038   Code   RO          214    i.USBD_USER_ConfigStrDesc  usbd_desc.o
    0x08002628   0x00000010   Code   RO          215    i.USBD_USER_DevDesc  usbd_desc.o
    0x08002638   0x0000003c   Code   RO          216    i.USBD_USER_ItfStrDesc  usbd_desc.o
    0x08002674   0x00000010   Code   RO          217    i.USBD_USER_LANGIDStrDesc  usbd_desc.o
    0x08002684   0x00000030   Code   RO          218    i.USBD_USER_MFCStrDesc  usbd_desc.o
    0x080026b4   0x00000040   Code   RO          219    i.USBD_USER_ProdStrDesc  usbd_desc.o
    0x080026f4   0x00000030   Code   RO          220    i.USBD_USER_SerialStrDesc  usbd_desc.o
    0x08002724   0x00000006   Code   RO         1044    i.USBD_VdrDefReq    usbd_enum.o
    0x0800272a   0x00000052   Code   RO          436    i.USB_OTG_CoreInit  usb_core.o
    0x0800277c   0x00000228   Code   RO          437    i.USB_OTG_CoreInitDev  usb_core.o
    0x080029a4   0x00000068   Code   RO          438    i.USB_OTG_CoreReset  usb_core.o
    0x08002a0c   0x0000005c   Code   RO          440    i.USB_OTG_EP0Activate  usb_core.o
    0x08002a68   0x00000134   Code   RO          441    i.USB_OTG_EP0StartXfer  usb_core.o
    0x08002b9c   0x00000044   Code   RO          442    i.USB_OTG_EP0_StartOut  usb_core.o
    0x08002be0   0x000000e0   Code   RO          443    i.USB_OTG_EPActivate  usb_core.o
    0x08002cc0   0x00000084   Code   RO          444    i.USB_OTG_EPClrStall  usb_core.o
    0x08002d44   0x00000070   Code   RO          445    i.USB_OTG_EPDeactivate  usb_core.o
    0x08002db4   0x0000006c   Code   RO          446    i.USB_OTG_EPSetStall  usb_core.o
    0x08002e20   0x000001d4   Code   RO          447    i.USB_OTG_EPStartXfer  usb_core.o
    0x08002ff4   0x0000001c   Code   RO          448    i.USB_OTG_EnableCommonInt  usb_core.o
    0x08003010   0x00000048   Code   RO          449    i.USB_OTG_EnableDevInt  usb_core.o
    0x08003058   0x00000044   Code   RO          451    i.USB_OTG_FlushRxFifo  usb_core.o
    0x0800309c   0x00000058   Code   RO          452    i.USB_OTG_FlushTxFifo  usb_core.o
    0x080030f4   0x0000000e   Code   RO          453    i.USB_OTG_GetCurrentMode  usb_core.o
    0x08003102   0x00000002   PAD
    0x08003104   0x00000034   Code   RO          454    i.USB_OTG_GetDevSpeed  usb_core.o
    0x08003138   0x0000002c   Code   RO          282    i.USB_OTG_HWP_EnableInterrupt  usb_hwp.o
    0x08003164   0x00000098   Code   RO          283    i.USB_OTG_HWP_Init  usb_hwp.o
    0x080031fc   0x00000038   Code   RO          284    i.USB_OTG_HWP_TimeInit  usb_hwp.o
    0x08003234   0x00000038   Code   RO          285    i.USB_OTG_HWP_TimerIRQ  usb_hwp.o
    0x0800326c   0x0000000e   Code   RO          286    i.USB_OTG_HWP_mDelay  usb_hwp.o
    0x0800327a   0x0000000e   Code   RO          287    i.USB_OTG_HWP_uDelay  usb_hwp.o
    0x08003288   0x00000016   Code   RO          457    i.USB_OTG_IsDeviceMode  usb_core.o
    0x0800329e   0x00000002   PAD
    0x080032a0   0x00000018   Code   RO          460    i.USB_OTG_ReadDevAllInEPIntr  usb_core.o
    0x080032b8   0x00000018   Code   RO          461    i.USB_OTG_ReadDevAllOutEpIntr  usb_core.o
    0x080032d0   0x00000030   Code   RO          462    i.USB_OTG_ReadDevInEPIntr  usb_core.o
    0x08003300   0x0000001c   Code   RO          463    i.USB_OTG_ReadDevOutEPIntr  usb_core.o
    0x0800331c   0x0000002c   Code   RO          465    i.USB_OTG_ReadPacket  usb_core.o
    0x08003348   0x00000028   Code   RO          467    i.USB_OTG_SelectCore  usb_core.o
    0x08003370   0x00000042   Code   RO          468    i.USB_OTG_SetCurrentMode  usb_core.o
    0x080033b2   0x00000002   PAD
    0x080033b4   0x00000038   Code   RO          472    i.USB_OTG_UngateClock  usb_core.o
    0x080033ec   0x0000003c   Code   RO          473    i.USB_OTG_WritePacket  usb_core.o
    0x08003428   0x00000004   Code   RO          356    i.UsageFault_Handler  gd32f10x_it.o
    0x0800342c   0x0000000e   Code   RO         3272    i.__scatterload_copy  mc_w.l(handlers.o)
    0x0800343a   0x00000002   Code   RO         3273    i.__scatterload_null  mc_w.l(handlers.o)
    0x0800343c   0x0000000e   Code   RO         3274    i.__scatterload_zeroinit  mc_w.l(handlers.o)
    0x0800344a   0x00000002   PAD
    0x0800344c   0x00000110   Code   RO         2859    i.init_CAN          can_init.o
    0x0800355c   0x00000030   Code   RO            4    i.main              app.o
    0x0800358c   0x00000020   Data   RO         3270    Region$$Table       anon$$obj.o


    Execution Region RW_IRAM1 (Base: 0x20000000, Size: 0x00001180, Max: 0x00018000, ABSOLUTE, COMPRESSED[0x000000f8])

    Base Addr    Size         Type   Attr      Idx    E Section Name        Object

    0x20000000   0x0000003c   Data   RW          221    .data               usbd_desc.o
    0x2000003c   0x0000000c   Data   RW          288    .data               usb_hwp.o
    0x20000048   0x00000030   Data   RW          883    .data               usbd_core.o
    0x20000078   0x00000035   Data   RW         1046    .data               usbd_enum.o
    0x200000ad   0x00000003   PAD
    0x200000b0   0x000000ac   Data   RW         1158    .data               usbd_cdc_core.o
    0x2000015c   0x00000018   Data   RW         1667    .data               gd32f10x_rcc.o
    0x20000174   0x00000008   Data   RW         2861    .data               can_init.o
    0x2000017c   0x00000488   Zero   RW            5    .bss                app.o
    0x20000604   0x000000ff   Zero   RW         1045    .bss                usbd_enum.o
    0x20000703   0x00000240   Zero   RW         1157    .bss                usbd_cdc_core.o
    0x20000943   0x00000001   PAD
    0x20000944   0x0000003c   Zero   RW         2860    .bss                can_init.o
    0x20000980   0x00000800   Zero   RW         1266    STACK               startup_gd32f10x_cl.o


==============================================================================

Image component sizes


      Code (inc. data)   RO Data    RW Data    ZI Data      Debug   Object Name

        48         16          0          0       1160     286496   app.o
       380         24          0          8         60       1517   can_init.o
      1190         18          0          0          0       6329   gd32f10x_can.o
        12          6          0          0          0        540   gd32f10x_exti.o
       418          6          0          0          0       2878   gd32f10x_gpio.o
       118         18          0          0          0       4779   gd32f10x_it.o
       248         32          0          0          0       2303   gd32f10x_misc.o
        68         10          0          0          0        662   gd32f10x_pwr.o
       564         64          0         24          0       5432   gd32f10x_rcc.o
       296         52          0          0          0       4388   gd32f10x_timer.o
        64          8          0          0          0        372   hw_conf.o
        36          8        336          0       2048        796   startup_gd32f10x_cl.o
       304         26          0          0          0       2641   system_gd32f10x.o
      2984        180          0          0          0      18109   usb_core.o
       564          6          0          0          0       5637   usb_dcd.o
      1524         90          0          0          0       9531   usb_dcd_int.o
       496         42          0         12          0       4471   usb_hwp.o
       746         96          0        172        576       8871   usbd_cdc_core.o
        68         10          0          0          0        935   usbd_cdc_vcp.o
       646          0          0         48          0      10838   usbd_core.o
       204          0          0          0          0       4277   usbd_ctlx.o
       308        164          0         60          0       4793   usbd_desc.o
      1878         34          0         53        255      12335   usbd_enum.o

    ----------------------------------------------------------------------
     13192        910        368        380       4100     398930   Object Totals
         0          0         32          0          0          0   (incl. Generated)
        28          0          0          3          1          0   (incl. Padding)

    ----------------------------------------------------------------------

      Code (inc. data)   RO Data    RW Data    ZI Data      Debug   Library Member Name

        92          0          0          0          0          0   __dczerorl2.o
         0          0          0          0          0          0   entry.o
         0          0          0          0          0          0   entry10a.o
         0          0          0          0          0          0   entry11a.o
         8          4          0          0          0          0   entry2.o
         4          0          0          0          0          0   entry5.o
         0          0          0          0          0          0   entry7b.o
         0          0          0          0          0          0   entry8b.o
         8          4          0          0          0          0   entry9a.o
        30          0          0          0          0          0   handlers.o
        36          8          0          0          0         68   init.o

    ----------------------------------------------------------------------
       180         16          0          0          0         68   Library Totals
         2          0          0          0          0          0   (incl. Padding)

    ----------------------------------------------------------------------

      Code (inc. data)   RO Data    RW Data    ZI Data      Debug   Library Name

       178         16          0          0          0         68   mc_w.l

    ----------------------------------------------------------------------
       180         16          0          0          0         68   Library Totals

    ----------------------------------------------------------------------

==============================================================================


      Code (inc. data)   RO Data    RW Data    ZI Data      Debug   

     13372        926        368        380       4100     390626   Grand Totals
     13372        926        368        248       4100     390626   ELF Image Totals (compressed)
     13372        926        368        248          0          0   ROM Totals

==============================================================================

    Total RO  Size (Code + RO Data)                13740 (  13.42kB)
    Total RW  Size (RW Data + ZI Data)              4480 (   4.38kB)
    Total ROM Size (Code + RO Data + RW Data)      13988 (  13.66kB)

==============================================================================

