ARM Linker, 5.03 [Build 76] [MDK-ARM Professional]

==============================================================================

Section Cross References

    app.o(i.USB_Send_Data) refers to usbd_cdc_vcp.o(i.CDC_DataTx) for CDC_DataTx
    app.o(i.USB_Send_Data) refers to usbd_cdc_core.o(.bss) for USB_DATA_Buffer
    app.o(i.main) refers to usbd_core.o(i.USBD_Init) for USBD_Init
    app.o(i.main) refers to gd32f10x_rcc.o(i.RCC_GetClocksFreq) for RCC_GetClocksFreq
    app.o(i.main) refers to hw_conf.o(i.LEDs_init) for LEDs_init
    app.o(i.main) refers to can_init.o(i.init_CAN) for init_CAN
    app.o(i.main) refers to shell.o(i.Delay) for Delay
    app.o(i.main) refers to usbd_cdc_core.o(.data) for USBD_CDC_cb
    app.o(i.main) refers to usbd_desc.o(.data) for USER_desc
    app.o(i.main) refers to app.o(.bss) for USB_OTG_dev
    usbd_cdc_vcp.o(i.CDC_DataTx) refers to usbd_cdc_core.o(.bss) for APP_DATA_Buffer
    usbd_cdc_vcp.o(i.CDC_DataTx) refers to usbd_cdc_core.o(.data) for AppBufInPtr
    usbd_cdc_vcp.o(i.VCP_Ctrl) refers to usbd_cdc_vcp.o(.data) for linecoding
    usbd_cdc_vcp.o(.data) refers to usbd_cdc_vcp.o(i.VCP_Init) for VCP_Init
    usbd_cdc_vcp.o(.data) refers to usbd_cdc_vcp.o(i.VCP_DeInit) for VCP_DeInit
    usbd_cdc_vcp.o(.data) refers to usbd_cdc_vcp.o(i.VCP_Ctrl) for VCP_Ctrl
    usbd_desc.o(i.USBD_USER_ConfigStrDesc) refers to usbd_enum.o(i.USBD_GetUnicodeString) for USBD_GetUnicodeString
    usbd_desc.o(i.USBD_USER_ConfigStrDesc) refers to usbd_enum.o(.bss) for USBD_StrDesc
    usbd_desc.o(i.USBD_USER_DevDesc) refers to usbd_desc.o(.data) for USBD_DeviceDesc
    usbd_desc.o(i.USBD_USER_ItfStrDesc) refers to usbd_enum.o(i.USBD_GetUnicodeString) for USBD_GetUnicodeString
    usbd_desc.o(i.USBD_USER_ItfStrDesc) refers to usbd_enum.o(.bss) for USBD_StrDesc
    usbd_desc.o(i.USBD_USER_LANGIDStrDesc) refers to usbd_desc.o(.data) for USBD_LANGIDDesc
    usbd_desc.o(i.USBD_USER_MFCStrDesc) refers to usbd_enum.o(i.USBD_GetUnicodeString) for USBD_GetUnicodeString
    usbd_desc.o(i.USBD_USER_MFCStrDesc) refers to usbd_enum.o(.bss) for USBD_StrDesc
    usbd_desc.o(i.USBD_USER_ProdStrDesc) refers to usbd_enum.o(i.USBD_GetUnicodeString) for USBD_GetUnicodeString
    usbd_desc.o(i.USBD_USER_ProdStrDesc) refers to usbd_enum.o(.bss) for USBD_StrDesc
    usbd_desc.o(i.USBD_USER_SerialStrDesc) refers to usbd_enum.o(i.USBD_GetUnicodeString) for USBD_GetUnicodeString
    usbd_desc.o(i.USBD_USER_SerialStrDesc) refers to usbd_enum.o(.bss) for USBD_StrDesc
    usbd_desc.o(.data) refers to usbd_desc.o(i.USBD_USER_DevDesc) for USBD_USER_DevDesc
    usbd_desc.o(.data) refers to usbd_desc.o(i.USBD_USER_LANGIDStrDesc) for USBD_USER_LANGIDStrDesc
    usbd_desc.o(.data) refers to usbd_desc.o(i.USBD_USER_MFCStrDesc) for USBD_USER_MFCStrDesc
    usbd_desc.o(.data) refers to usbd_desc.o(i.USBD_USER_ProdStrDesc) for USBD_USER_ProdStrDesc
    usbd_desc.o(.data) refers to usbd_desc.o(i.USBD_USER_SerialStrDesc) for USBD_USER_SerialStrDesc
    usbd_desc.o(.data) refers to usbd_desc.o(i.USBD_USER_ConfigStrDesc) for USBD_USER_ConfigStrDesc
    usbd_desc.o(.data) refers to usbd_desc.o(i.USBD_USER_ItfStrDesc) for USBD_USER_ItfStrDesc
    usb_hwp.o(i.HWP_Delay) refers to usb_hwp.o(i.HWP_SetTime) for HWP_SetTime
    usb_hwp.o(i.HWP_Delay) refers to gd32f10x_timer.o(i.TIMER_Enable) for TIMER_Enable
    usb_hwp.o(i.HWP_Delay) refers to usb_hwp.o(.data) for HWP_delay
    usb_hwp.o(i.HWP_SetTime) refers to gd32f10x_timer.o(i.TIMER_Enable) for TIMER_Enable
    usb_hwp.o(i.HWP_SetTime) refers to gd32f10x_timer.o(i.TIMER_INTConfig) for TIMER_INTConfig
    usb_hwp.o(i.HWP_SetTime) refers to gd32f10x_timer.o(i.TIMER_BaseInit) for TIMER_BaseInit
    usb_hwp.o(i.HWP_SetTime) refers to gd32f10x_timer.o(i.TIMER_ClearIntBitState) for TIMER_ClearIntBitState
    usb_hwp.o(i.HWP_SetTime) refers to gd32f10x_timer.o(i.TIMER_CARLPreloadConfig) for TIMER_CARLPreloadConfig
    usb_hwp.o(i.HWP_SetTime) refers to usb_hwp.o(.data) for Timer_Prescaler
    usb_hwp.o(i.USB_OTG_HWP_EnableInterrupt) refers to gd32f10x_misc.o(i.NVIC_PRIGroup_Enable) for NVIC_PRIGroup_Enable
    usb_hwp.o(i.USB_OTG_HWP_EnableInterrupt) refers to gd32f10x_misc.o(i.NVIC_Init) for NVIC_Init
    usb_hwp.o(i.USB_OTG_HWP_Init) refers to gd32f10x_rcc.o(i.RCC_GetClocksFreq) for RCC_GetClocksFreq
    usb_hwp.o(i.USB_OTG_HWP_Init) refers to gd32f10x_rcc.o(i.RCC_OTGFSCLKConfig) for RCC_OTGFSCLKConfig
    usb_hwp.o(i.USB_OTG_HWP_Init) refers to gd32f10x_rcc.o(i.RCC_AHBPeriphClock_Enable) for RCC_AHBPeriphClock_Enable
    usb_hwp.o(i.USB_OTG_HWP_Init) refers to usb_hwp.o(i.USB_OTG_HWP_TimeInit) for USB_OTG_HWP_TimeInit
    usb_hwp.o(i.USB_OTG_HWP_Init) refers to usb_hwp.o(.data) for USBOTG_Prescaler
    usb_hwp.o(i.USB_OTG_HWP_TimeInit) refers to gd32f10x_misc.o(i.NVIC_VectTableSet) for NVIC_VectTableSet
    usb_hwp.o(i.USB_OTG_HWP_TimeInit) refers to gd32f10x_misc.o(i.NVIC_PRIGroup_Enable) for NVIC_PRIGroup_Enable
[...]
    Removing gd32f10x_rcc.o(i.RCC_GetBitState), (56 bytes).
    Removing gd32f10x_rcc.o(i.RCC_GetCK_SYSSource), (16 bytes).
    Removing gd32f10x_rcc.o(i.RCC_GetIntBitState), (24 bytes).
    Removing gd32f10x_rcc.o(i.RCC_HSEClockMonitor_Enable), (36 bytes).
    Removing gd32f10x_rcc.o(i.RCC_HSEConfig), (28 bytes).
    Removing gd32f10x_rcc.o(i.RCC_HSI_Enable), (36 bytes).
    Removing gd32f10x_rcc.o(i.RCC_I2S2CLKConfig), (28 bytes).
    Removing gd32f10x_rcc.o(i.RCC_I2S3CLKConfig), (28 bytes).
    Removing gd32f10x_rcc.o(i.RCC_INTConfig), (32 bytes).
    Removing gd32f10x_rcc.o(i.RCC_KERNELVOLConfig), (28 bytes).
    Removing gd32f10x_rcc.o(i.RCC_LSEConfig), (36 bytes).
    Removing gd32f10x_rcc.o(i.RCC_LSI_Enable), (36 bytes).
    Removing gd32f10x_rcc.o(i.RCC_PLL2Config), (24 bytes).
    Removing gd32f10x_rcc.o(i.RCC_PLL2_Enable), (36 bytes).
    Removing gd32f10x_rcc.o(i.RCC_PLL3Config), (24 bytes).
    Removing gd32f10x_rcc.o(i.RCC_PLL3_Enable), (36 bytes).
    Removing gd32f10x_rcc.o(i.RCC_PLLConfig), (32 bytes).
    Removing gd32f10x_rcc.o(i.RCC_PLL_Enable), (36 bytes).
    Removing gd32f10x_rcc.o(i.RCC_PREDV1Config), (32 bytes).
    Removing gd32f10x_rcc.o(i.RCC_PREDV2Config), (24 bytes).
    Removing gd32f10x_rcc.o(i.RCC_RTCCLKConfig), (28 bytes).
    Removing gd32f10x_rcc.o(i.RCC_RTCCLK_Enable), (36 bytes).
    Removing gd32f10x_rcc.o(i.RCC_WaitForHSEStartUp), (54 bytes).
    Removing gd32f10x_usart.o(.rev16_text), (4 bytes).
    Removing gd32f10x_usart.o(.revsh_text), (4 bytes).
    Removing gd32f10x_usart.o(i.USART_Address), (16 bytes).
    Removing gd32f10x_usart.o(i.USART_ClearBitState), (6 bytes).
    Removing gd32f10x_usart.o(i.USART_ClearINTBitState), (20 bytes).
    Removing gd32f10x_usart.o(i.USART_ClockInit), (32 bytes).
    Removing gd32f10x_usart.o(i.USART_ClockStructInit), (12 bytes).
    Removing gd32f10x_usart.o(i.USART_DMA_Enable), (18 bytes).
    Removing gd32f10x_usart.o(i.USART_DataReceive), (10 bytes).
    Removing gd32f10x_usart.o(i.USART_DataSend), (8 bytes).
    Removing gd32f10x_usart.o(i.USART_DeInit), (156 bytes).
    Removing gd32f10x_usart.o(i.USART_Enable), (22 bytes).
    Removing gd32f10x_usart.o(i.USART_GetBitState), (16 bytes).
    Removing gd32f10x_usart.o(i.USART_GetINTBitState), (74 bytes).
    Removing gd32f10x_usart.o(i.USART_GuardTime_Set), (16 bytes).
    Removing gd32f10x_usart.o(i.USART_HalfDuplex_Enable), (22 bytes).
    Removing gd32f10x_usart.o(i.USART_INT_Set), (64 bytes).
    Removing gd32f10x_usart.o(i.USART_Init), (132 bytes).
    Removing gd32f10x_usart.o(i.USART_IrDA_Enable), (22 bytes).
    Removing gd32f10x_usart.o(i.USART_IrDA_Set), (16 bytes).
    Removing gd32f10x_usart.o(i.USART_LIN_Enable), (22 bytes).
    Removing gd32f10x_usart.o(i.USART_MuteModeWakeUp_Set), (16 bytes).
    Removing gd32f10x_usart.o(i.USART_MuteMode_Enable), (22 bytes).
    Removing gd32f10x_usart.o(i.USART_ParaInit), (24 bytes).
    Removing gd32f10x_usart.o(i.USART_SendBreak), (10 bytes).
    Removing gd32f10x_usart.o(i.USART_SetLINBDLength), (16 bytes).
    Removing gd32f10x_usart.o(i.USART_SetPrescaler), (16 bytes).
    Removing gd32f10x_usart.o(i.USART_SmartCardNACK_Enable), (22 bytes).
    Removing gd32f10x_usart.o(i.USART_SmartCard_Enable), (22 bytes).
    Removing gd32f10x_timer.o(.rev16_text), (4 bytes).
    Removing gd32f10x_timer.o(.revsh_text), (4 bytes).
    Removing gd32f10x_timer.o(i.TI1_Config), (58 bytes).
    Removing gd32f10x_timer.o(i.TI2_Config), (80 bytes).
    Removing gd32f10x_timer.o(i.TI3_Config), (72 bytes).
    Removing gd32f10x_timer.o(i.TI4_Config), (86 bytes).
    Removing gd32f10x_timer.o(i.TIMER_BKDTConfig), (32 bytes).
    Removing gd32f10x_timer.o(i.TIMER_BKDTStructInit), (18 bytes).
    Removing gd32f10x_timer.o(i.TIMER_BaseStructInit), (18 bytes).
    Removing gd32f10x_timer.o(i.TIMER_CC_DMA), (24 bytes).
    Removing gd32f10x_timer.o(i.TIMER_CC_PreloadControl), (24 bytes).
    Removing gd32f10x_timer.o(i.TIMER_CCxCmd), (30 bytes).
    Removing gd32f10x_timer.o(i.TIMER_CCxNCmd), (30 bytes).
    Removing gd32f10x_timer.o(i.TIMER_ClearBitState), (6 bytes).
    Removing gd32f10x_timer.o(i.TIMER_Compare1Config), (4 bytes).
    Removing gd32f10x_timer.o(i.TIMER_Compare2Config), (4 bytes).
    Removing gd32f10x_timer.o(i.TIMER_Compare3Config), (4 bytes).
    Removing gd32f10x_timer.o(i.TIMER_Compare4Config), (6 bytes).
    Removing gd32f10x_timer.o(i.TIMER_CounterMode), (18 bytes).
    Removing gd32f10x_timer.o(i.TIMER_CtrlPWMOutputs), (30 bytes).
    Removing gd32f10x_timer.o(i.TIMER_DMACmd), (18 bytes).
    Removing gd32f10x_timer.o(i.TIMER_DMAConfig), (10 bytes).
    Removing gd32f10x_timer.o(i.TIMER_DeInit), (476 bytes).
    Removing gd32f10x_timer.o(i.TIMER_ETRClockMode1Config), (54 bytes).
    Removing gd32f10x_timer.o(i.TIMER_ETRClockMode2Config), (32 bytes).
    Removing gd32f10x_timer.o(i.TIMER_ETRConfig), (28 bytes).
    Removing gd32f10x_timer.o(i.TIMER_EncoderInterfaceConfig), (66 bytes).
    Removing gd32f10x_timer.o(i.TIMER_Forced_OC1), (18 bytes).
    Removing gd32f10x_timer.o(i.TIMER_Forced_OC2), (26 bytes).
    Removing gd32f10x_timer.o(i.TIMER_Forced_OC3), (18 bytes).
    Removing gd32f10x_timer.o(i.TIMER_Forced_OC4), (26 bytes).
    Removing gd32f10x_timer.o(i.TIMER_GenerateEvent), (4 bytes).
    Removing gd32f10x_timer.o(i.TIMER_GetBitState), (16 bytes).
    Removing gd32f10x_timer.o(i.TIMER_GetCapture1), (6 bytes).
    Removing gd32f10x_timer.o(i.TIMER_GetCapture2), (6 bytes).
    Removing gd32f10x_timer.o(i.TIMER_GetCapture3), (6 bytes).
    Removing gd32f10x_timer.o(i.TIMER_GetCapture4), (8 bytes).
    Removing gd32f10x_timer.o(i.TIMER_GetCounter), (6 bytes).
    Removing gd32f10x_timer.o(i.TIMER_GetPrescaler), (6 bytes).
    Removing gd32f10x_timer.o(i.TIMER_ICInit), (110 bytes).
    Removing gd32f10x_timer.o(i.TIMER_ICStructInit), (18 bytes).
    Removing gd32f10x_timer.o(i.TIMER_ITRxExtClock), (24 bytes).
    Removing gd32f10x_timer.o(i.TIMER_InternalClockConfig), (12 bytes).
    Removing gd32f10x_timer.o(i.TIMER_OC1N_Polarity), (18 bytes).
    Removing gd32f10x_timer.o(i.TIMER_OC1_FastConfig), (18 bytes).
    Removing gd32f10x_timer.o(i.TIMER_OC1_Init), (124 bytes).
    Removing gd32f10x_timer.o(i.TIMER_OC1_Polarity), (18 bytes).
    Removing gd32f10x_timer.o(i.TIMER_OC1_Preload), (18 bytes).
    Removing gd32f10x_timer.o(i.TIMER_OC1_RefClear), (18 bytes).
    Removing gd32f10x_timer.o(i.TIMER_OC2N_Polarity), (26 bytes).
    Removing gd32f10x_timer.o(i.TIMER_OC2_FastConfig), (26 bytes).
    Removing gd32f10x_timer.o(i.TIMER_OC2_Init), (164 bytes).
    Removing gd32f10x_timer.o(i.TIMER_OC2_Polarity), (26 bytes).
    Removing gd32f10x_timer.o(i.TIMER_OC2_Preload), (26 bytes).
    Removing gd32f10x_timer.o(i.TIMER_OC2_RefClear), (24 bytes).
    Removing gd32f10x_timer.o(i.TIMER_OC3N_Polarity), (26 bytes).
    Removing gd32f10x_timer.o(i.TIMER_OC3_FastConfig), (18 bytes).
    Removing gd32f10x_timer.o(i.TIMER_OC3_Init), (160 bytes).
    Removing gd32f10x_timer.o(i.TIMER_OC3_Polarity), (26 bytes).
    Removing gd32f10x_timer.o(i.TIMER_OC3_Preload), (18 bytes).
    Removing gd32f10x_timer.o(i.TIMER_OC3_RefClear), (18 bytes).
    Removing gd32f10x_timer.o(i.TIMER_OC4_FastConfig), (26 bytes).
    Removing gd32f10x_timer.o(i.TIMER_OC4_Init), (124 bytes).
    Removing gd32f10x_timer.o(i.TIMER_OC4_Polarity), (26 bytes).
    Removing gd32f10x_timer.o(i.TIMER_OC4_Preload), (26 bytes).
    Removing gd32f10x_timer.o(i.TIMER_OC4_RefClear), (24 bytes).
    Removing gd32f10x_timer.o(i.TIMER_OCStructInit), (20 bytes).
    Removing gd32f10x_timer.o(i.TIMER_OCxModeConfig), (82 bytes).
    Removing gd32f10x_timer.o(i.TIMER_PWMCaptureConfig), (124 bytes).
    Removing gd32f10x_timer.o(i.TIMER_PrescalerConfig), (6 bytes).
    Removing gd32f10x_timer.o(i.TIMER_SelectCOM), (24 bytes).
    Removing gd32f10x_timer.o(i.TIMER_SelectHallSensor), (24 bytes).
    Removing gd32f10x_timer.o(i.TIMER_SelectInputTrigger), (18 bytes).
    Removing gd32f10x_timer.o(i.TIMER_SelectMasterSlaveMode), (18 bytes).
    Removing gd32f10x_timer.o(i.TIMER_SelectOutputTrigger), (18 bytes).
    Removing gd32f10x_timer.o(i.TIMER_SelectSlaveMode), (18 bytes).
    Removing gd32f10x_timer.o(i.TIMER_SetAutoreload), (4 bytes).
    Removing gd32f10x_timer.o(i.TIMER_SetClockDivision), (18 bytes).
    Removing gd32f10x_timer.o(i.TIMER_SetCounter), (4 bytes).
    Removing gd32f10x_timer.o(i.TIMER_Set_IC1_Prescaler), (18 bytes).
    Removing gd32f10x_timer.o(i.TIMER_Set_IC2_Prescaler), (26 bytes).
    Removing gd32f10x_timer.o(i.TIMER_Set_IC3_Prescaler), (18 bytes).
    Removing gd32f10x_timer.o(i.TIMER_Set_IC4_Prescaler), (26 bytes).
    Removing gd32f10x_timer.o(i.TIMER_SinglePulseMode), (18 bytes).
    Removing gd32f10x_timer.o(i.TIMER_TIxExtCLkConfig), (62 bytes).
    Removing gd32f10x_timer.o(i.TIMER_UpdateDisableConfig), (24 bytes).
    Removing gd32f10x_timer.o(i.TIMER_UpdateRequestConfig), (24 bytes).
    Removing gd32f10x_pwr.o(.rev16_text), (4 bytes).
    Removing gd32f10x_pwr.o(.revsh_text), (4 bytes).
    Removing gd32f10x_pwr.o(i.PWR_BackupAccess_Enable), (36 bytes).
    Removing gd32f10x_pwr.o(i.PWR_ClearBitState), (20 bytes).
    Removing gd32f10x_pwr.o(i.PWR_DeInit), (22 bytes).
    Removing gd32f10x_pwr.o(i.PWR_GetBitState), (24 bytes).
    Removing gd32f10x_pwr.o(i.PWR_LVDConfig), (52 bytes).
    Removing gd32f10x_pwr.o(i.PWR_SLEEPMode_Entry), (28 bytes).
    Removing gd32f10x_pwr.o(i.PWR_STDBYMode_Entry), (56 bytes).
    Removing gd32f10x_pwr.o(i.PWR_WKUP_Pin_Enable), (36 bytes).
    Removing gd32f10x_can.o(.rev16_text), (4 bytes).
    Removing gd32f10x_can.o(.revsh_text), (4 bytes).
    Removing gd32f10x_can.o(i.CAN_ClearBitState), (56 bytes).
    Removing gd32f10x_can.o(i.CAN_ClearIntBitState), (168 bytes).
    Removing gd32f10x_can.o(i.CAN_DebugFreeze), (22 bytes).
    Removing gd32f10x_can.o(i.CAN_EnterSleep), (32 bytes).
    Removing gd32f10x_can.o(i.CAN_FIFODequeue), (22 bytes).
    Removing gd32f10x_can.o(i.CAN_GetBitState), (116 bytes).
    Removing gd32f10x_can.o(i.CAN_GetErrorType), (12 bytes).
    Removing gd32f10x_can.o(i.CAN_GetReceiveErrorCounter), (10 bytes).
    Removing gd32f10x_can.o(i.CAN_GetTransmitErrorCounter), (12 bytes).
    Removing gd32f10x_can.o(i.CAN_HeaderBank), (52 bytes).
    Removing gd32f10x_can.o(i.CAN_MessageLength), (30 bytes).
    Removing gd32f10x_can.o(i.CAN_StopTransmit), (48 bytes).
    Removing gd32f10x_can.o(i.CAN_TimeTrigComMode_Enable), (118 bytes).
    Removing gd32f10x_can.o(i.CAN_Transmit), (294 bytes).
    Removing gd32f10x_can.o(i.CAN_TransmitState), (160 bytes).
    Removing gd32f10x_can.o(i.CAN_WakeUp), (50 bytes).
    Removing gd32f10x_can.o(i.CAN_WorkingMode), (162 bytes).
    Removing can_init.o(.rev16_text), (4 bytes).
    Removing can_init.o(.revsh_text), (4 bytes).
    Removing can_init.o(i.CAN_Send_Ok), (40 bytes).
    Removing can_init.o(i.CAN_Send_Test), (72 bytes).
    Removing hw_conf.o(.rev16_text), (4 bytes).
    Removing hw_conf.o(.revsh_text), (4 bytes).
    Removing shell.o(.rev16_text), (4 bytes).
    Removing shell.o(.revsh_text), (4 bytes).
    Removing shell.o(i.getConfPacked), (176 bytes).
    Removing shell.o(i.getSpeed), (68 bytes).
    Removing shell.o(i.halfbyte_to_hexascii), (26 bytes).
    Removing shell.o(i.hexascii_to_halfbyte), (54 bytes).
    Removing shell.o(i.printcan1), (444 bytes).
    Removing shell.o(.bss), (20 bytes).
    Removing shell.o(.data), (92 bytes).

302 unused section(s) (total 13384 bytes) removed from the image.

==============================================================================

Image Symbol Table

    Local Symbols

    Symbol Name                              Value     Ov Type        Size  Object(Section)

    ../clib/../cmprslib/zerorunl2.c          0x00000000   Number         0  __dczerorl2.o ABSOLUTE
    ../clib/microlib/init/entry.s            0x00000000   Number         0  entry10b.o ABSOLUTE
    ../clib/microlib/init/entry.s            0x00000000   Number         0  entry.o ABSOLUTE
    ../clib/microlib/init/entry.s            0x00000000   Number         0  entry11a.o ABSOLUTE
    ../clib/microlib/init/entry.s            0x00000000   Number         0  entry8a.o ABSOLUTE
    ../clib/microlib/init/entry.s            0x00000000   Number         0  entry11b.o ABSOLUTE
    ../clib/microlib/init/entry.s            0x00000000   Number         0  entry5.o ABSOLUTE
    ../clib/microlib/init/entry.s            0x00000000   Number         0  entry7a.o ABSOLUTE
    ../clib/microlib/init/entry.s            0x00000000   Number         0  entry7b.o ABSOLUTE
    ../clib/microlib/init/entry.s            0x00000000   Number         0  entry8b.o ABSOLUTE
    ../clib/microlib/init/entry.s            0x00000000   Number         0  entry9a.o ABSOLUTE
    ../clib/microlib/init/entry.s            0x00000000   Number         0  entry2.o ABSOLUTE
    ../clib/microlib/init/entry.s            0x00000000   Number         0  entry9b.o ABSOLUTE
    ../clib/microlib/init/entry.s            0x00000000   Number         0  entry10a.o ABSOLUTE
    ..\..\..\..\Libraries\CMSIS\system_gd32f10x.c 0x00000000   Number         0  system_gd32f10x.o ABSOLUTE
    ..\..\..\..\Libraries\GD32F10x_StdPeriph_Driver\src\gd32f10x_can.c 0x00000000   Number         0  gd32f10x_can.o ABSOLUTE
    ..\..\..\..\Libraries\GD32F10x_StdPeriph_Driver\src\gd32f10x_exmc.c 0x00000000   Number         0  gd32f10x_exmc.o ABSOLUTE
    ..\..\..\..\Libraries\GD32F10x_StdPeriph_Driver\src\gd32f10x_exti.c 0x00000000   Number         0  gd32f10x_exti.o ABSOLUTE
    ..\..\..\..\Libraries\GD32F10x_StdPeriph_Driver\src\gd32f10x_gpio.c 0x00000000   Number         0  gd32f10x_gpio.o ABSOLUTE
    ..\..\..\..\Libraries\GD32F10x_StdPeriph_Driver\src\gd32f10x_misc.c 0x00000000   Number         0  gd32f10x_misc.o ABSOLUTE
    ..\..\..\..\Libraries\GD32F10x_StdPeriph_Driver\src\gd32f10x_pwr.c 0x00000000   Number         0  gd32f10x_pwr.o ABSOLUTE
    ..\..\..\..\Libraries\GD32F10x_StdPeriph_Driver\src\gd32f10x_rcc.c 0x00000000   Number         0  gd32f10x_rcc.o ABSOLUTE
    ..\..\..\..\Libraries\GD32F10x_StdPeriph_Driver\src\gd32f10x_timer.c 0x00000000   Number         0  gd32f10x_timer.o ABSOLUTE
    ..\..\..\..\Libraries\GD32F10x_StdPeriph_Driver\src\gd32f10x_usart.c 0x00000000   Number         0  gd32f10x_usart.o ABSOLUTE
    ..\..\..\..\Libraries\GD32_USB_Device_Library\Class\cdc\src\usbd_cdc_core.c 0x00000000   Number         0  usbd_cdc_core.o ABSOLUTE
    ..\..\..\..\Libraries\GD32_USB_Device_Library\Core\src\usbd_core.c 0x00000000   Number         0  usbd_core.o ABSOLUTE
    ..\..\..\..\Libraries\GD32_USB_Device_Library\Core\src\usbd_ctlx.c 0x00000000   Number         0  usbd_ctlx.o ABSOLUTE
    ..\..\..\..\Libraries\GD32_USB_Device_Library\Core\src\usbd_enum.c 0x00000000   Number         0  usbd_enum.o ABSOLUTE
    ..\..\..\..\Libraries\GD32_USB_OTG_Driver\src\usb_core.c 0x00000000   Number         0  usb_core.o ABSOLUTE
    ..\..\..\..\Libraries\GD32_USB_OTG_Driver\src\usb_dcd.c 0x00000000   Number         0  usb_dcd.o ABSOLUTE
    ..\..\..\..\Libraries\GD32_USB_OTG_Driver\src\usb_dcd_int.c 0x00000000   Number         0  usb_dcd_int.o ABSOLUTE
    ..\..\..\..\Libraries\StartUp\startup_gd32f10x_cl.s 0x00000000   Number         0  startup_gd32f10x_cl.o ABSOLUTE
    ..\\..\\..\\..\\Libraries\\CMSIS\\system_gd32f10x.c 0x00000000   Number         0  system_gd32f10x.o ABSOLUTE
    ..\\..\\..\\..\\Libraries\\GD32F10x_StdPeriph_Driver\\src\\gd32f10x_can.c 0x00000000   Number         0  gd32f10x_can.o ABSOLUTE
    ..\\..\\..\\..\\Libraries\\GD32F10x_StdPeriph_Driver\\src\\gd32f10x_exmc.c 0x00000000   Number         0  gd32f10x_exmc.o ABSOLUTE
    ..\\..\\..\\..\\Libraries\\GD32F10x_StdPeriph_Driver\\src\\gd32f10x_exti.c 0x00000000   Number         0  gd32f10x_exti.o ABSOLUTE
    ..\\..\\..\\..\\Libraries\\GD32F10x_StdPeriph_Driver\\src\\gd32f10x_gpio.c 0x00000000   Number         0  gd32f10x_gpio.o ABSOLUTE
    ..\\..\\..\\..\\Libraries\\GD32F10x_StdPeriph_Driver\\src\\gd32f10x_misc.c 0x00000000   Number         0  gd32f10x_misc.o ABSOLUTE
    ..\\..\\..\\..\\Libraries\\GD32F10x_StdPeriph_Driver\\src\\gd32f10x_pwr.c 0x00000000   Number         0  gd32f10x_pwr.o ABSOLUTE
    ..\\..\\..\\..\\Libraries\\GD32F10x_StdPeriph_Driver\\src\\gd32f10x_rcc.c 0x00000000   Number         0  gd32f10x_rcc.o ABSOLUTE
    ..\\..\\..\\..\\Libraries\\GD32F10x_StdPeriph_Driver\\src\\gd32f10x_timer.c 0x00000000   Number         0  gd32f10x_timer.o ABSOLUTE
    ..\\..\\..\\..\\Libraries\\GD32F10x_StdPeriph_Driver\\src\\gd32f10x_usart.c 0x00000000   Number         0  gd32f10x_usart.o ABSOLUTE
    ..\\..\\..\\..\\Libraries\\GD32_USB_Device_Library\\Class\\cdc\\src\\usbd_cdc_core.c 0x00000000   Number         0  usbd_cdc_core.o ABSOLUTE
    ..\\..\\..\\..\\Libraries\\GD32_USB_Device_Library\\Core\\src\\usbd_core.c 0x00000000   Number         0  usbd_core.o ABSOLUTE
    ..\\..\\..\\..\\Libraries\\GD32_USB_Device_Library\\Core\\src\\usbd_ctlx.c 0x00000000   Number         0  usbd_ctlx.o ABSOLUTE
    ..\\..\\..\\..\\Libraries\\GD32_USB_Device_Library\\Core\\src\\usbd_enum.c 0x00000000   Number         0  usbd_enum.o ABSOLUTE
    ..\\..\\..\\..\\Libraries\\GD32_USB_OTG_Driver\\src\\usb_core.c 0x00000000   Number         0  usb_core.o ABSOLUTE
    ..\\..\\..\\..\\Libraries\\GD32_USB_OTG_Driver\\src\\usb_dcd.c 0x00000000   Number         0  usb_dcd.o ABSOLUTE
    ..\\..\\..\\..\\Libraries\\GD32_USB_OTG_Driver\\src\\usb_dcd_int.c 0x00000000   Number         0  usb_dcd_int.o ABSOLUTE
    ..\\src\\app.c                           0x00000000   Number         0  app.o ABSOLUTE
    ..\\src\\gd32f10x_it.c                   0x00000000   Number         0  gd32f10x_it.o ABSOLUTE
    ..\\src\\usb_hwp.c                       0x00000000   Number         0  usb_hwp.o ABSOLUTE
    ..\\src\\usbd_cdc_vcp.c                  0x00000000   Number         0  usbd_cdc_vcp.o ABSOLUTE
    ..\\src\\usbd_desc.c                     0x00000000   Number         0  usbd_desc.o ABSOLUTE
    ..\src\app.c                             0x00000000   Number         0  app.o ABSOLUTE
    ..\src\gd32f10x_it.c                     0x00000000   Number         0  gd32f10x_it.o ABSOLUTE
    ..\src\usb_hwp.c                         0x00000000   Number         0  usb_hwp.o ABSOLUTE
    ..\src\usbd_cdc_vcp.c                    0x00000000   Number         0  usbd_cdc_vcp.o ABSOLUTE
    ..\src\usbd_desc.c                       0x00000000   Number         0  usbd_desc.o ABSOLUTE
    dc.s                                     0x00000000   Number         0  dc.o ABSOLUTE
    handlers.s                               0x00000000   Number         0  handlers.o ABSOLUTE
    hw_conf.c                                0x00000000   Number         0  hw_conf.o ABSOLUTE
    hw_conf.c                                0x00000000   Number         0  hw_conf.o ABSOLUTE
    init.s                                   0x00000000   Number         0  init.o ABSOLUTE
    shell.c                                  0x00000000   Number         0  shell.o ABSOLUTE
    shell.c                                  0x00000000   Number         0  shell.o ABSOLUTE
    src\\can_init.c                          0x00000000   Number         0  can_init.o ABSOLUTE
    src\can_init.c                           0x00000000   Number         0  can_init.o ABSOLUTE
    RESET                                    0x08000000   Section      336  startup_gd32f10x_cl.o(RESET)
    .ARM.Collect$$$$00000000                 0x08000150   Section        0  entry.o(.ARM.Collect$$$$00000000)
    .ARM.Collect$$$$00000001                 0x08000150   Section        4  entry2.o(.ARM.Collect$$$$00000001)
    .ARM.Collect$$$$00000004                 0x08000154   Section        4  entry5.o(.ARM.Collect$$$$00000004)
    .ARM.Collect$$$$00000008                 0x08000158   Section        0  entry7b.o(.ARM.Collect$$$$00000008)
    .ARM.Collect$$$$0000000A                 0x08000158   Section        0  entry8b.o(.ARM.Collect$$$$0000000A)
    .ARM.Collect$$$$0000000B                 0x08000158   Section        8  entry9a.o(.ARM.Collect$$$$0000000B)
    .ARM.Collect$$$$0000000D                 0x08000160   Section        0  entry10a.o(.ARM.Collect$$$$0000000D)
    .ARM.Collect$$$$0000000F                 0x08000160   Section        0  entry11a.o(.ARM.Collect$$$$0000000F)
    .ARM.Collect$$$$00002712                 0x08000160   Section        4  entry2.o(.ARM.Collect$$$$00002712)
    __lit__00000000                          0x08000160   Data           4  entry2.o(.ARM.Collect$$$$00002712)
    .text                                    0x08000164   Section       36  startup_gd32f10x_cl.o(.text)
    .text                                    0x08000188   Section       36  init.o(.text)
    .text                                    0x080001ac   Section        0  __dczerorl2.o(.text)
    i.BusFault_Handler                       0x08000208   Section        0  gd32f10x_it.o(i.BusFault_Handler)
    i.CAN1_RX0_IRQHandler                    0x0800020c   Section        0  can_init.o(i.CAN1_RX0_IRQHandler)
    i.CAN_DeInit                             0x08000278   Section        0  gd32f10x_can.o(i.CAN_DeInit)
    i.CAN_FilterInit                         0x080002b0   Section        0  gd32f10x_can.o(i.CAN_FilterInit)
    i.CAN_GetIntBitState                     0x080003b8   Section        0  gd32f10x_can.o(i.CAN_GetIntBitState)
    i.CAN_INTConfig                          0x080004d8   Section        0  gd32f10x_can.o(i.CAN_INTConfig)
    i.CAN_Init                               0x080004ea   Section        0  gd32f10x_can.o(i.CAN_Init)
    i.CAN_Receive                            0x080005fc   Section        0  gd32f10x_can.o(i.CAN_Receive)
    i.CAN_StructInit                         0x080006ec   Section        0  gd32f10x_can.o(i.CAN_StructInit)
    i.CheckINTState                          0x08000710   Section        0  gd32f10x_can.o(i.CheckINTState)
    CheckINTState                            0x08000711   Thumb Code    14  gd32f10x_can.o(i.CheckINTState)
    i.DCD_EP_ClrStall                        0x0800071e   Section        0  usb_dcd.o(i.DCD_EP_ClrStall)
    i.DCD_EP_DeInit                          0x08000756   Section        0  usb_dcd.o(i.DCD_EP_DeInit)
    i.DCD_EP_Init                            0x0800078a   Section        0  usb_dcd.o(i.DCD_EP_Init)
    i.DCD_EP_Rx                              0x080007d8   Section        0  usb_dcd.o(i.DCD_EP_Rx)
    i.DCD_EP_SetAddress                      0x0800081c   Section        0  usb_dcd.o(i.DCD_EP_SetAddress)
    i.DCD_EP_SetStall                        0x08000830   Section        0  usb_dcd.o(i.DCD_EP_SetStall)
    i.DCD_EP_Tx                              0x08000868   Section        0  usb_dcd.o(i.DCD_EP_Tx)
    i.DCD_EarlySuspend_ISR                   0x080008aa   Section        0  usb_dcd_int.o(i.DCD_EarlySuspend_ISR)
    DCD_EarlySuspend_ISR                     0x080008ab   Thumb Code    28  usb_dcd_int.o(i.DCD_EarlySuspend_ISR)
    i.DCD_EnumFinish_ISR                     0x080008c6   Section        0  usb_dcd_int.o(i.DCD_EnumFinish_ISR)
    DCD_EnumFinish_ISR                       0x080008c7   Thumb Code    64  usb_dcd_int.o(i.DCD_EnumFinish_ISR)
    i.DCD_InEP_ISR                           0x08000908   Section        0  usb_dcd_int.o(i.DCD_InEP_ISR)
    DCD_InEP_ISR                             0x08000909   Thumb Code   204  usb_dcd_int.o(i.DCD_InEP_ISR)
    i.DCD_Init                               0x080009dc   Section        0  usb_dcd.o(i.DCD_Init)
    i.DCD_IsoINIncomplete_ISR                0x08000a88   Section        0  usb_dcd_int.o(i.DCD_IsoINIncomplete_ISR)
    DCD_IsoINIncomplete_ISR                  0x08000a89   Thumb Code    28  usb_dcd_int.o(i.DCD_IsoINIncomplete_ISR)
    i.DCD_IsoOUTIncomplete_ISR               0x08000aa8   Section        0  usb_dcd_int.o(i.DCD_IsoOUTIncomplete_ISR)
    DCD_IsoOUTIncomplete_ISR                 0x08000aa9   Thumb Code    28  usb_dcd_int.o(i.DCD_IsoOUTIncomplete_ISR)
    i.DCD_OTG_ISR                            0x08000ac8   Section        0  usb_dcd_int.o(i.DCD_OTG_ISR)
    DCD_OTG_ISR                              0x08000ac9   Thumb Code    46  usb_dcd_int.o(i.DCD_OTG_ISR)
    i.DCD_OutEP_ISR                          0x08000afc   Section        0  usb_dcd_int.o(i.DCD_OutEP_ISR)
    DCD_OutEP_ISR                            0x08000afd   Thumb Code   162  usb_dcd_int.o(i.DCD_OutEP_ISR)
    i.DCD_RxFifoStatus_ISR                   0x08000ba8   Section        0  usb_dcd_int.o(i.DCD_RxFifoStatus_ISR)
    DCD_RxFifoStatus_ISR                     0x08000ba9   Thumb Code   172  usb_dcd_int.o(i.DCD_RxFifoStatus_ISR)
    i.DCD_SOF_ISR                            0x08000c58   Section        0  usb_dcd_int.o(i.DCD_SOF_ISR)
    DCD_SOF_ISR                              0x08000c59   Thumb Code    26  usb_dcd_int.o(i.DCD_SOF_ISR)
    i.DCD_SessionRequest_ISR                 0x08000c78   Section        0  usb_dcd_int.o(i.DCD_SessionRequest_ISR)
    DCD_SessionRequest_ISR                   0x08000c79   Thumb Code    28  usb_dcd_int.o(i.DCD_SessionRequest_ISR)
    i.DCD_UsbReset_ISR                       0x08000c98   Section        0  usb_dcd_int.o(i.DCD_UsbReset_ISR)
    DCD_UsbReset_ISR                         0x08000c99   Thumb Code   160  usb_dcd_int.o(i.DCD_UsbReset_ISR)
    i.DCD_UsbResume_ISR                      0x08000d48   Section        0  usb_dcd_int.o(i.DCD_UsbResume_ISR)
    DCD_UsbResume_ISR                        0x08000d49   Thumb Code    28  usb_dcd_int.o(i.DCD_UsbResume_ISR)
    i.DCD_UsbSuspend_ISR                     0x08000d68   Section        0  usb_dcd_int.o(i.DCD_UsbSuspend_ISR)
    DCD_UsbSuspend_ISR                       0x08000d69   Thumb Code    92  usb_dcd_int.o(i.DCD_UsbSuspend_ISR)
    i.DCD_WriteEmptyTxFifo                   0x08000dd0   Section        0  usb_dcd_int.o(i.DCD_WriteEmptyTxFifo)
    DCD_WriteEmptyTxFifo                     0x08000dd1   Thumb Code   136  usb_dcd_int.o(i.DCD_WriteEmptyTxFifo)
    i.DebugMon_Handler                       0x08000e5c   Section        0  gd32f10x_it.o(i.DebugMon_Handler)
    i.Delay                                  0x08000e5e   Section        0  shell.o(i.Delay)
    i.EXTI_ClearIntBitState                  0x08000e8c   Section        0  gd32f10x_exti.o(i.EXTI_ClearIntBitState)
    i.GPIO_Init                              0x08000e98   Section        0  gd32f10x_gpio.o(i.GPIO_Init)
    i.GPIO_PinRemapConfig                    0x08000fac   Section        0  gd32f10x_gpio.o(i.GPIO_PinRemapConfig)
    i.HWP_Delay                              0x0800103c   Section        0  usb_hwp.o(i.HWP_Delay)
    HWP_Delay                                0x0800103d   Thumb Code    38  usb_hwp.o(i.HWP_Delay)
    i.HWP_SetTime                            0x08001068   Section        0  usb_hwp.o(i.HWP_SetTime)
    HWP_SetTime                              0x08001069   Thumb Code   110  usb_hwp.o(i.HWP_SetTime)
    i.HardFault_Handler                      0x080010dc   Section        0  gd32f10x_it.o(i.HardFault_Handler)
    i.LEDs_init                              0x080010e0   Section        0  hw_conf.o(i.LEDs_init)
    i.MemManage_Handler                      0x08001120   Section        0  gd32f10x_it.o(i.MemManage_Handler)
    i.NMI_Handler                            0x08001124   Section        0  gd32f10x_it.o(i.NMI_Handler)
    i.NVIC_Init                              0x08001128   Section        0  gd32f10x_misc.o(i.NVIC_Init)
    i.NVIC_PRIGroup_Enable                   0x080011f8   Section        0  gd32f10x_misc.o(i.NVIC_PRIGroup_Enable)
    i.NVIC_VectTableSet                      0x0800120c   Section        0  gd32f10x_misc.o(i.NVIC_VectTableSet)
    i.OTG_FS_IRQHandler                      0x08001220   Section        0  gd32f10x_it.o(i.OTG_FS_IRQHandler)
    i.OTG_FS_WKUP_IRQHandler                 0x08001230   Section        0  gd32f10x_it.o(i.OTG_FS_WKUP_IRQHandler)
    i.PWR_DEEPSLEEPMode_Entry                0x08001274   Section        0  gd32f10x_pwr.o(i.PWR_DEEPSLEEPMode_Entry)
    i.PendSV_Handler                         0x080012b8   Section        0  gd32f10x_it.o(i.PendSV_Handler)
    i.RCC_AHBPeriphClock_Enable              0x080012bc   Section        0  gd32f10x_rcc.o(i.RCC_AHBPeriphClock_Enable)
    i.RCC_APB1PeriphClock_Enable             0x080012dc   Section        0  gd32f10x_rcc.o(i.RCC_APB1PeriphClock_Enable)
    i.RCC_APB1PeriphReset_Enable             0x080012fc   Section        0  gd32f10x_rcc.o(i.RCC_APB1PeriphReset_Enable)
    i.RCC_APB2PeriphClock_Enable             0x0800131c   Section        0  gd32f10x_rcc.o(i.RCC_APB2PeriphClock_Enable)
    i.RCC_GetClocksFreq                      0x0800133c   Section        0  gd32f10x_rcc.o(i.RCC_GetClocksFreq)
    i.RCC_OTGFSCLKConfig                     0x080014d4   Section        0  gd32f10x_rcc.o(i.RCC_OTGFSCLKConfig)
    i.SVC_Handler                            0x080014f0   Section        0  gd32f10x_it.o(i.SVC_Handler)
    i.SetSysClock                            0x080014f2   Section        0  system_gd32f10x.o(i.SetSysClock)
    SetSysClock                              0x080014f3   Thumb Code     8  system_gd32f10x.o(i.SetSysClock)
    i.SetSysClockTo48                        0x080014fc   Section        0  system_gd32f10x.o(i.SetSysClockTo48)
    SetSysClockTo48                          0x080014fd   Thumb Code   184  system_gd32f10x.o(i.SetSysClockTo48)
    i.SysTick_Handler                        0x080015bc   Section        0  gd32f10x_it.o(i.SysTick_Handler)
    i.SystemInit                             0x080015c0   Section        0  system_gd32f10x.o(i.SystemInit)
    i.TIMER2_IRQHandler                      0x08001628   Section        0  gd32f10x_it.o(i.TIMER2_IRQHandler)
    i.TIMER_BaseInit                         0x08001630   Section        0  gd32f10x_timer.o(i.TIMER_BaseInit)
    i.TIMER_CARLPreloadConfig                0x080016f0   Section        0  gd32f10x_timer.o(i.TIMER_CARLPreloadConfig)
    i.TIMER_ClearIntBitState                 0x08001708   Section        0  gd32f10x_timer.o(i.TIMER_ClearIntBitState)
    i.TIMER_Enable                           0x0800170e   Section        0  gd32f10x_timer.o(i.TIMER_Enable)
    i.TIMER_GetIntBitState                   0x08001726   Section        0  gd32f10x_timer.o(i.TIMER_GetIntBitState)
    i.TIMER_INTConfig                        0x08001746   Section        0  gd32f10x_timer.o(i.TIMER_INTConfig)
    i.USBD_CDC_AsynchXferHandle              0x08001758   Section        0  usbd_cdc_core.o(i.USBD_CDC_AsynchXferHandle)
    USBD_CDC_AsynchXferHandle                0x08001759   Thumb Code   158  usbd_cdc_core.o(i.USBD_CDC_AsynchXferHandle)
    i.USBD_CDC_ClassReqHandle                0x08001810   Section        0  usbd_cdc_core.o(i.USBD_CDC_ClassReqHandle)
    USBD_CDC_ClassReqHandle                  0x08001811   Thumb Code    50  usbd_cdc_core.o(i.USBD_CDC_ClassReqHandle)
    i.USBD_CDC_DataIn                        0x0800184c   Section        0  usbd_cdc_core.o(i.USBD_CDC_DataIn)
    USBD_CDC_DataIn                          0x0800184d   Thumb Code   130  usbd_cdc_core.o(i.USBD_CDC_DataIn)
    i.USBD_CDC_DataOut                       0x080018e4   Section        0  usbd_cdc_core.o(i.USBD_CDC_DataOut)
    USBD_CDC_DataOut                         0x080018e5   Thumb Code    38  usbd_cdc_core.o(i.USBD_CDC_DataOut)
    i.USBD_CDC_DeInit                        0x08001910   Section        0  usbd_cdc_core.o(i.USBD_CDC_DeInit)
    USBD_CDC_DeInit                          0x08001911   Thumb Code    34  usbd_cdc_core.o(i.USBD_CDC_DeInit)
    i.USBD_CDC_EP0_RxReady                   0x08001934   Section        0  usbd_cdc_core.o(i.USBD_CDC_EP0_RxReady)
    USBD_CDC_EP0_RxReady                     0x08001935   Thumb Code    20  usbd_cdc_core.o(i.USBD_CDC_EP0_RxReady)
    i.USBD_CDC_GetCfgDesc                    0x0800194c   Section        0  usbd_cdc_core.o(i.USBD_CDC_GetCfgDesc)
    USBD_CDC_GetCfgDesc                      0x0800194d   Thumb Code    10  usbd_cdc_core.o(i.USBD_CDC_GetCfgDesc)
    i.USBD_CDC_GetClassDescriptor            0x0800195c   Section        0  usbd_cdc_core.o(i.USBD_CDC_GetClassDescriptor)
    USBD_CDC_GetClassDescriptor              0x0800195d   Thumb Code    56  usbd_cdc_core.o(i.USBD_CDC_GetClassDescriptor)
    i.USBD_CDC_GetInterface                  0x08001998   Section        0  usbd_cdc_core.o(i.USBD_CDC_GetInterface)
    USBD_CDC_GetInterface                    0x08001999   Thumb Code    20  usbd_cdc_core.o(i.USBD_CDC_GetInterface)
    i.USBD_CDC_Init                          0x080019b0   Section        0  usbd_cdc_core.o(i.USBD_CDC_Init)
    USBD_CDC_Init                            0x080019b1   Thumb Code    58  usbd_cdc_core.o(i.USBD_CDC_Init)
    i.USBD_CDC_SOF                           0x080019f0   Section        0  usbd_cdc_core.o(i.USBD_CDC_SOF)
    USBD_CDC_SOF                             0x080019f1   Thumb Code    36  usbd_cdc_core.o(i.USBD_CDC_SOF)
    i.USBD_CDC_SetInterface                  0x08001a18   Section        0  usbd_cdc_core.o(i.USBD_CDC_SetInterface)
    USBD_CDC_SetInterface                    0x08001a19   Thumb Code    32  usbd_cdc_core.o(i.USBD_CDC_SetInterface)
    i.USBD_ClrCfg                            0x08001a3c   Section        0  usbd_core.o(i.USBD_ClrCfg)
    i.USBD_ClrFeature                        0x08001a52   Section        0  usbd_enum.o(i.USBD_ClrFeature)
    USBD_ClrFeature                          0x08001a53   Thumb Code   248  usbd_enum.o(i.USBD_ClrFeature)
    i.USBD_CtlContinueRx                     0x08001b4a   Section        0  usbd_ctlx.o(i.USBD_CtlContinueRx)
    i.USBD_CtlContinueTx                     0x08001b68   Section        0  usbd_ctlx.o(i.USBD_CtlContinueTx)
    i.USBD_CtlError                          0x08001b86   Section        0  usbd_enum.o(i.USBD_CtlError)
    i.USBD_CtlReceiveStatus                  0x08001ba4   Section        0  usbd_ctlx.o(i.USBD_CtlReceiveStatus)
    i.USBD_CtlRx                             0x08001bc4   Section        0  usbd_ctlx.o(i.USBD_CtlRx)
    i.USBD_CtlTransmitStatus                 0x08001bee   Section        0  usbd_ctlx.o(i.USBD_CtlTransmitStatus)
    i.USBD_CtlTx                             0x08001c0e   Section        0  usbd_ctlx.o(i.USBD_CtlTx)
    i.USBD_DataInStage                       0x08001c34   Section        0  usbd_core.o(i.USBD_DataInStage)
    USBD_DataInStage                         0x08001c35   Thumb Code   174  usbd_core.o(i.USBD_DataInStage)
    i.USBD_DataOutStage                      0x08001ce2   Section        0  usbd_core.o(i.USBD_DataOutStage)
    USBD_DataOutStage                        0x08001ce3   Thumb Code   122  usbd_core.o(i.USBD_DataOutStage)
    i.USBD_DeInit                            0x08001d5c   Section        0  usbd_core.o(i.USBD_DeInit)
    i.USBD_DevClsReq                         0x08001d62   Section        0  usbd_enum.o(i.USBD_DevClsReq)
    i.USBD_DevConnected                      0x08001db4   Section        0  usbd_core.o(i.USBD_DevConnected)
    USBD_DevConnected                        0x08001db5   Thumb Code    10  usbd_core.o(i.USBD_DevConnected)
    i.USBD_DevDisconnected                   0x08001dbe   Section        0  usbd_core.o(i.USBD_DevDisconnected)
    USBD_DevDisconnected                     0x08001dbf   Thumb Code    24  usbd_core.o(i.USBD_DevDisconnected)
    i.USBD_GetConfig                         0x08001dd6   Section        0  usbd_enum.o(i.USBD_GetConfig)
    USBD_GetConfig                           0x08001dd7   Thumb Code    78  usbd_enum.o(i.USBD_GetConfig)
    i.USBD_GetDescriptor                     0x08001e24   Section        0  usbd_enum.o(i.USBD_GetDescriptor)
    USBD_GetDescriptor                       0x08001e25   Thumb Code   324  usbd_enum.o(i.USBD_GetDescriptor)
    i.USBD_GetInterface                      0x08001f68   Section        0  usbd_enum.o(i.USBD_GetInterface)
    USBD_GetInterface                        0x08001f69   Thumb Code    72  usbd_enum.o(i.USBD_GetInterface)
    i.USBD_GetStatus                         0x08001fb0   Section        0  usbd_enum.o(i.USBD_GetStatus)
    USBD_GetStatus                           0x08001fb1   Thumb Code   260  usbd_enum.o(i.USBD_GetStatus)
    i.USBD_GetUnicodeString                  0x080020b4   Section        0  usbd_enum.o(i.USBD_GetUnicodeString)
    i.USBD_Init                              0x080020ec   Section        0  usbd_core.o(i.USBD_Init)
    i.USBD_IsoINIncomplete                   0x0800211e   Section        0  usbd_core.o(i.USBD_IsoINIncomplete)
    USBD_IsoINIncomplete                     0x0800211f   Thumb Code    18  usbd_core.o(i.USBD_IsoINIncomplete)
    i.USBD_IsoOUTIncomplete                  0x08002130   Section        0  usbd_core.o(i.USBD_IsoOUTIncomplete)
    USBD_IsoOUTIncomplete                    0x08002131   Thumb Code    18  usbd_core.o(i.USBD_IsoOUTIncomplete)
    i.USBD_OTG_ISR_Handler                   0x08002142   Section        0  usb_dcd_int.o(i.USBD_OTG_ISR_Handler)
    i.USBD_ParseSetupRequest                 0x08002232   Section        0  usbd_enum.o(i.USBD_ParseSetupRequest)
    i.USBD_Reserved                          0x08002272   Section        0  usbd_enum.o(i.USBD_Reserved)
    USBD_Reserved                            0x08002273   Thumb Code     2  usbd_enum.o(i.USBD_Reserved)
    i.USBD_Reset                             0x08002274   Section        0  usbd_core.o(i.USBD_Reset)
    USBD_Reset                               0x08002275   Thumb Code    36  usbd_core.o(i.USBD_Reset)
    i.USBD_Resume                            0x08002298   Section        0  usbd_core.o(i.USBD_Resume)
    USBD_Resume                              0x08002299   Thumb Code    14  usbd_core.o(i.USBD_Resume)
    i.USBD_RunTestMode                       0x080022a6   Section        0  usbd_core.o(i.USBD_RunTestMode)
    USBD_RunTestMode                         0x080022a7   Thumb Code     6  usbd_core.o(i.USBD_RunTestMode)
    i.USBD_SOF                               0x080022ac   Section        0  usbd_core.o(i.USBD_SOF)
    USBD_SOF                                 0x080022ad   Thumb Code    26  usbd_core.o(i.USBD_SOF)
    i.USBD_SetAddress                        0x080022c6   Section        0  usbd_enum.o(i.USBD_SetAddress)
    USBD_SetAddress                          0x080022c7   Thumb Code    76  usbd_enum.o(i.USBD_SetAddress)
    i.USBD_SetCfg                            0x08002312   Section        0  usbd_core.o(i.USBD_SetCfg)
    i.USBD_SetConfig                         0x08002328   Section        0  usbd_enum.o(i.USBD_SetConfig)
    USBD_SetConfig                           0x08002329   Thumb Code   182  usbd_enum.o(i.USBD_SetConfig)
    i.USBD_SetDescriptor                     0x080023e4   Section        0  usbd_enum.o(i.USBD_SetDescriptor)
    USBD_SetDescriptor                       0x080023e5   Thumb Code     2  usbd_enum.o(i.USBD_SetDescriptor)
    i.USBD_SetFeature                        0x080023e8   Section        0  usbd_enum.o(i.USBD_SetFeature)
    USBD_SetFeature                          0x080023e9   Thumb Code   284  usbd_enum.o(i.USBD_SetFeature)
    i.USBD_SetInterface                      0x08002508   Section        0  usbd_enum.o(i.USBD_SetInterface)
    USBD_SetInterface                        0x08002509   Thumb Code    72  usbd_enum.o(i.USBD_SetInterface)
    i.USBD_SetupStage                        0x08002550   Section        0  usbd_core.o(i.USBD_SetupStage)
    USBD_SetupStage                          0x08002551   Thumb Code    84  usbd_core.o(i.USBD_SetupStage)
    i.USBD_StdDevReq                         0x080025a4   Section        0  usbd_enum.o(i.USBD_StdDevReq)
    i.USBD_Suspend                           0x080025c0   Section        0  usbd_core.o(i.USBD_Suspend)
    USBD_Suspend                             0x080025c1   Thumb Code    14  usbd_core.o(i.USBD_Suspend)
    i.USBD_SynchFrame                        0x080025ce   Section        0  usbd_enum.o(i.USBD_SynchFrame)
    USBD_SynchFrame                          0x080025cf   Thumb Code     2  usbd_enum.o(i.USBD_SynchFrame)
    i.USBD_USER_ConfigStrDesc                0x080025d0   Section        0  usbd_desc.o(i.USBD_USER_ConfigStrDesc)
    i.USBD_USER_DevDesc                      0x08002608   Section        0  usbd_desc.o(i.USBD_USER_DevDesc)
    i.USBD_USER_ItfStrDesc                   0x08002618   Section        0  usbd_desc.o(i.USBD_USER_ItfStrDesc)
    i.USBD_USER_LANGIDStrDesc                0x08002654   Section        0  usbd_desc.o(i.USBD_USER_LANGIDStrDesc)
    i.USBD_USER_MFCStrDesc                   0x08002664   Section        0  usbd_desc.o(i.USBD_USER_MFCStrDesc)
    i.USBD_USER_ProdStrDesc                  0x08002694   Section        0  usbd_desc.o(i.USBD_USER_ProdStrDesc)
    i.USBD_USER_SerialStrDesc                0x080026d4   Section        0  usbd_desc.o(i.USBD_USER_SerialStrDesc)
    i.USBD_VdrDefReq                         0x08002704   Section        0  usbd_enum.o(i.USBD_VdrDefReq)
    i.USB_OTG_CoreInit                       0x0800270a   Section        0  usb_core.o(i.USB_OTG_CoreInit)
    i.USB_OTG_CoreInitDev                    0x0800275c   Section        0  usb_core.o(i.USB_OTG_CoreInitDev)
    i.USB_OTG_CoreReset                      0x08002984   Section        0  usb_core.o(i.USB_OTG_CoreReset)
    USB_OTG_CoreReset                        0x08002985   Thumb Code    98  usb_core.o(i.USB_OTG_CoreReset)
    i.USB_OTG_EP0Activate                    0x080029ec   Section        0  usb_core.o(i.USB_OTG_EP0Activate)
    i.USB_OTG_EP0StartXfer                   0x08002a48   Section        0  usb_core.o(i.USB_OTG_EP0StartXfer)
    i.USB_OTG_EP0_StartOut                   0x08002b7c   Section        0  usb_core.o(i.USB_OTG_EP0_StartOut)
    i.USB_OTG_EPActivate                     0x08002bc0   Section        0  usb_core.o(i.USB_OTG_EPActivate)
    i.USB_OTG_EPClrStall                     0x08002ca0   Section        0  usb_core.o(i.USB_OTG_EPClrStall)
    i.USB_OTG_EPDeactivate                   0x08002d24   Section        0  usb_core.o(i.USB_OTG_EPDeactivate)
    i.USB_OTG_EPSetStall                     0x08002d94   Section        0  usb_core.o(i.USB_OTG_EPSetStall)
    i.USB_OTG_EPStartXfer                    0x08002e00   Section        0  usb_core.o(i.USB_OTG_EPStartXfer)
    i.USB_OTG_EnableCommonInt                0x08002fd4   Section        0  usb_core.o(i.USB_OTG_EnableCommonInt)
    USB_OTG_EnableCommonInt                  0x08002fd5   Thumb Code    22  usb_core.o(i.USB_OTG_EnableCommonInt)
    i.USB_OTG_EnableDevInt                   0x08002ff0   Section        0  usb_core.o(i.USB_OTG_EnableDevInt)
    i.USB_OTG_FlushRxFifo                    0x08003038   Section        0  usb_core.o(i.USB_OTG_FlushRxFifo)
    i.USB_OTG_FlushTxFifo                    0x0800307c   Section        0  usb_core.o(i.USB_OTG_FlushTxFifo)
    i.USB_OTG_GetCurrentMode                 0x080030d4   Section        0  usb_core.o(i.USB_OTG_GetCurrentMode)
    i.USB_OTG_GetDevSpeed                    0x080030e4   Section        0  usb_core.o(i.USB_OTG_GetDevSpeed)
    i.USB_OTG_HWP_EnableInterrupt            0x08003118   Section        0  usb_hwp.o(i.USB_OTG_HWP_EnableInterrupt)
    i.USB_OTG_HWP_Init                       0x08003144   Section        0  usb_hwp.o(i.USB_OTG_HWP_Init)
    i.USB_OTG_HWP_TimeInit                   0x080031dc   Section        0  usb_hwp.o(i.USB_OTG_HWP_TimeInit)
    USB_OTG_HWP_TimeInit                     0x080031dd   Thumb Code    56  usb_hwp.o(i.USB_OTG_HWP_TimeInit)
    i.USB_OTG_HWP_TimerIRQ                   0x08003214   Section        0  usb_hwp.o(i.USB_OTG_HWP_TimerIRQ)
    i.USB_OTG_HWP_mDelay                     0x0800324c   Section        0  usb_hwp.o(i.USB_OTG_HWP_mDelay)
    i.USB_OTG_HWP_uDelay                     0x0800325a   Section        0  usb_hwp.o(i.USB_OTG_HWP_uDelay)
    i.USB_OTG_IsDeviceMode                   0x08003268   Section        0  usb_core.o(i.USB_OTG_IsDeviceMode)
    i.USB_OTG_ReadDevAllInEPIntr             0x08003280   Section        0  usb_core.o(i.USB_OTG_ReadDevAllInEPIntr)
    i.USB_OTG_ReadDevAllOutEpIntr            0x08003298   Section        0  usb_core.o(i.USB_OTG_ReadDevAllOutEpIntr)
    i.USB_OTG_ReadDevInEPIntr                0x080032b0   Section        0  usb_core.o(i.USB_OTG_ReadDevInEPIntr)
    i.USB_OTG_ReadDevOutEPIntr               0x080032e0   Section        0  usb_core.o(i.USB_OTG_ReadDevOutEPIntr)
    i.USB_OTG_ReadPacket                     0x080032fc   Section        0  usb_core.o(i.USB_OTG_ReadPacket)
    i.USB_OTG_SelectCore                     0x08003328   Section        0  usb_core.o(i.USB_OTG_SelectCore)
    i.USB_OTG_SetCurrentMode                 0x08003350   Section        0  usb_core.o(i.USB_OTG_SetCurrentMode)
    i.USB_OTG_UngateClock                    0x08003394   Section        0  usb_core.o(i.USB_OTG_UngateClock)
    i.USB_OTG_WritePacket                    0x080033cc   Section        0  usb_core.o(i.USB_OTG_WritePacket)
    i.UsageFault_Handler                     0x08003408   Section        0  gd32f10x_it.o(i.UsageFault_Handler)
    i.__scatterload_copy                     0x0800340c   Section       14  handlers.o(i.__scatterload_copy)
    i.__scatterload_null                     0x0800341a   Section        2  handlers.o(i.__scatterload_null)
    i.__scatterload_zeroinit                 0x0800341c   Section       14  handlers.o(i.__scatterload_zeroinit)
    i.init_CAN                               0x0800342c   Section        0  can_init.o(i.init_CAN)
    i.main                                   0x0800353c   Section        0  app.o(i.main)
    .data                                    0x20000000   Section       60  usbd_desc.o(.data)
    .data                                    0x2000003c   Section       12  usb_hwp.o(.data)
    .data                                    0x20000048   Section       48  usbd_core.o(.data)
    .data                                    0x20000078   Section       53  usbd_enum.o(.data)
    StandardDeviceRequest                    0x20000078   Data          52  usbd_enum.o(.data)
    cfgidx                                   0x200000ac   Data           1  usbd_enum.o(.data)
    .data                                    0x200000b0   Section      172  usbd_cdc_core.o(.data)
    USBD_CDC_AltSet                          0x200000b0   Data           4  usbd_cdc_core.o(.data)
    CDCCmd                                   0x200000c8   Data           4  usbd_cdc_core.o(.data)
    FrameCount                               0x20000150   Data           4  usbd_cdc_core.o(.data)
    .data                                    0x2000015c   Section       24  gd32f10x_rcc.o(.data)
    AHBPrescTable                            0x2000015c   Data          16  gd32f10x_rcc.o(.data)
    APBPrescTable                            0x2000016c   Data           8  gd32f10x_rcc.o(.data)
    .data                                    0x20000174   Section        8  can_init.o(.data)
    .bss                                     0x2000017c   Section     1160  app.o(.bss)
    .bss                                     0x20000604   Section      255  usbd_enum.o(.bss)
    .bss                                     0x20000703   Section      576  usbd_cdc_core.o(.bss)
    .bss                                     0x20000944   Section       60  can_init.o(.bss)
    STACK                                    0x20000980   Section     2048  startup_gd32f10x_cl.o(STACK)

    Global Symbols

    Symbol Name                              Value     Ov Type        Size  Object(Section)

    BuildAttributes$$THM_ISAv4$P$D$K$B$S$PE$A:L22UL41UL21$X:L11$S22US41US21$IEEE1$IW$USESV6$~STKCKD$USESV7$~SHL$OSPACE$EBA8$MICROLIB$REQ8$PRES8$EABIv2 0x00000000   Number         0  anon$$obj.o ABSOLUTE
    __ARM_use_no_argv                        0x00000000   Number         0  app.o ABSOLUTE
    __cpp_initialize__aeabi_                  - Undefined Weak Reference
    __cxa_finalize                            - Undefined Weak Reference
    _clock_init                               - Undefined Weak Reference
    _microlib_exit                            - Undefined Weak Reference
    __Vectors_Size                           0x00000150   Number         0  startup_gd32f10x_cl.o ABSOLUTE
    __Vectors                                0x08000000   Data           4  startup_gd32f10x_cl.o(RESET)
    __Vectors_End                            0x08000150   Data           0  startup_gd32f10x_cl.o(RESET)
    __main                                   0x08000151   Thumb Code     0  entry.o(.ARM.Collect$$$$00000000)
    _main_stk                                0x08000151   Thumb Code     0  entry2.o(.ARM.Collect$$$$00000001)
    _main_scatterload                        0x08000155   Thumb Code     0  entry5.o(.ARM.Collect$$$$00000004)
    __main_after_scatterload                 0x08000159   Thumb Code     0  entry5.o(.ARM.Collect$$$$00000004)
    _main_clock                              0x08000159   Thumb Code     0  entry7b.o(.ARM.Collect$$$$00000008)
    _main_cpp_init                           0x08000159   Thumb Code     0  entry8b.o(.ARM.Collect$$$$0000000A)
    _main_init                               0x08000159   Thumb Code     0  entry9a.o(.ARM.Collect$$$$0000000B)
    __rt_final_cpp                           0x08000161   Thumb Code     0  entry10a.o(.ARM.Collect$$$$0000000D)
    __rt_final_exit                          0x08000161   Thumb Code     0  entry11a.o(.ARM.Collect$$$$0000000F)
    Reset_Handler                            0x08000165   Thumb Code     8  startup_gd32f10x_cl.o(.text)
    ADC1_2_IRQHandler                        0x0800017f   Thumb Code     0  startup_gd32f10x_cl.o(.text)
    CAN1_RX1_IRQHandler                      0x0800017f   Thumb Code     0  startup_gd32f10x_cl.o(.text)
    CAN1_SCE_IRQHandler                      0x0800017f   Thumb Code     0  startup_gd32f10x_cl.o(.text)
    CAN1_TX_IRQHandler                       0x0800017f   Thumb Code     0  startup_gd32f10x_cl.o(.text)
    CAN2_RX0_IRQHandler                      0x0800017f   Thumb Code     0  startup_gd32f10x_cl.o(.text)
    CAN2_RX1_IRQHandler                      0x0800017f   Thumb Code     0  startup_gd32f10x_cl.o(.text)
    CAN2_SCE_IRQHandler                      0x0800017f   Thumb Code     0  startup_gd32f10x_cl.o(.text)
    CAN2_TX_IRQHandler                       0x0800017f   Thumb Code     0  startup_gd32f10x_cl.o(.text)
    DMA1_Channel1_IRQHandler                 0x0800017f   Thumb Code     0  startup_gd32f10x_cl.o(.text)
    DMA1_Channel2_IRQHandler                 0x0800017f   Thumb Code     0  startup_gd32f10x_cl.o(.text)
    DMA1_Channel3_IRQHandler                 0x0800017f   Thumb Code     0  startup_gd32f10x_cl.o(.text)
    DMA1_Channel4_IRQHandler                 0x0800017f   Thumb Code     0  startup_gd32f10x_cl.o(.text)
    DMA1_Channel5_IRQHandler                 0x0800017f   Thumb Code     0  startup_gd32f10x_cl.o(.text)
    DMA1_Channel6_IRQHandler                 0x0800017f   Thumb Code     0  startup_gd32f10x_cl.o(.text)
    DMA1_Channel7_IRQHandler                 0x0800017f   Thumb Code     0  startup_gd32f10x_cl.o(.text)
    DMA2_Channel1_IRQHandler                 0x0800017f   Thumb Code     0  startup_gd32f10x_cl.o(.text)
    DMA2_Channel2_IRQHandler                 0x0800017f   Thumb Code     0  startup_gd32f10x_cl.o(.text)
    DMA2_Channel3_IRQHandler                 0x0800017f   Thumb Code     0  startup_gd32f10x_cl.o(.text)
    DMA2_Channel4_IRQHandler                 0x0800017f   Thumb Code     0  startup_gd32f10x_cl.o(.text)
    DMA2_Channel5_IRQHandler                 0x0800017f   Thumb Code     0  startup_gd32f10x_cl.o(.text)
    ETH_IRQHandler                           0x0800017f   Thumb Code     0  startup_gd32f10x_cl.o(.text)
    ETH_WKUP_IRQHandler                      0x0800017f   Thumb Code     0  startup_gd32f10x_cl.o(.text)
    EXMC_IRQHandler                          0x0800017f   Thumb Code     0  startup_gd32f10x_cl.o(.text)
    EXTI0_IRQHandler                         0x0800017f   Thumb Code     0  startup_gd32f10x_cl.o(.text)
    EXTI15_10_IRQHandler                     0x0800017f   Thumb Code     0  startup_gd32f10x_cl.o(.text)
    EXTI1_IRQHandler                         0x0800017f   Thumb Code     0  startup_gd32f10x_cl.o(.text)
    EXTI2_IRQHandler                         0x0800017f   Thumb Code     0  startup_gd32f10x_cl.o(.text)
    EXTI3_IRQHandler                         0x0800017f   Thumb Code     0  startup_gd32f10x_cl.o(.text)
    EXTI4_IRQHandler                         0x0800017f   Thumb Code     0  startup_gd32f10x_cl.o(.text)
    EXTI9_5_IRQHandler                       0x0800017f   Thumb Code     0  startup_gd32f10x_cl.o(.text)
    FMC_IRQHandler                           0x0800017f   Thumb Code     0  startup_gd32f10x_cl.o(.text)
    I2C1_ER_IRQHandler                       0x0800017f   Thumb Code     0  startup_gd32f10x_cl.o(.text)
    I2C1_EV_IRQHandler                       0x0800017f   Thumb Code     0  startup_gd32f10x_cl.o(.text)
    I2C2_ER_IRQHandler                       0x0800017f   Thumb Code     0  startup_gd32f10x_cl.o(.text)
    I2C2_EV_IRQHandler                       0x0800017f   Thumb Code     0  startup_gd32f10x_cl.o(.text)
    LVD_IRQHandler                           0x0800017f   Thumb Code     0  startup_gd32f10x_cl.o(.text)
    RCC_IRQHandler                           0x0800017f   Thumb Code     0  startup_gd32f10x_cl.o(.text)
    RTCAlarm_IRQHandler                      0x0800017f   Thumb Code     0  startup_gd32f10x_cl.o(.text)
    RTC_IRQHandler                           0x0800017f   Thumb Code     0  startup_gd32f10x_cl.o(.text)
    SPI1_IRQHandler                          0x0800017f   Thumb Code     0  startup_gd32f10x_cl.o(.text)
    SPI2_IRQHandler                          0x0800017f   Thumb Code     0  startup_gd32f10x_cl.o(.text)
    SPI3_IRQHandler                          0x0800017f   Thumb Code     0  startup_gd32f10x_cl.o(.text)
    TAMPER_IRQHandler                        0x0800017f   Thumb Code     0  startup_gd32f10x_cl.o(.text)
    TIMER1_BRK_IRQHandler                    0x0800017f   Thumb Code     0  startup_gd32f10x_cl.o(.text)
    TIMER1_CC_IRQHandler                     0x0800017f   Thumb Code     0  startup_gd32f10x_cl.o(.text)
    TIMER1_TRG_COM_IRQHandler                0x0800017f   Thumb Code     0  startup_gd32f10x_cl.o(.text)
    TIMER1_UP_IRQHandler                     0x0800017f   Thumb Code     0  startup_gd32f10x_cl.o(.text)
    TIMER3_IRQHandler                        0x0800017f   Thumb Code     0  startup_gd32f10x_cl.o(.text)
    TIMER4_IRQHandler                        0x0800017f   Thumb Code     0  startup_gd32f10x_cl.o(.text)
    TIMER5_IRQHandler                        0x0800017f   Thumb Code     0  startup_gd32f10x_cl.o(.text)
    TIMER6_IRQHandler                        0x0800017f   Thumb Code     0  startup_gd32f10x_cl.o(.text)
    TIMER7_IRQHandler                        0x0800017f   Thumb Code     0  startup_gd32f10x_cl.o(.text)
    TIMER8_BRK_TIMER12_IRQHandler            0x0800017f   Thumb Code     0  startup_gd32f10x_cl.o(.text)
    TIMER8_CC_IRQHandler                     0x0800017f   Thumb Code     0  startup_gd32f10x_cl.o(.text)
    TIMER8_TRG_COM_TIMER14_IRQHandler        0x0800017f   Thumb Code     0  startup_gd32f10x_cl.o(.text)
    TIMER8_UP_TIMER13_IRQHandler             0x0800017f   Thumb Code     0  startup_gd32f10x_cl.o(.text)
    UART4_IRQHandler                         0x0800017f   Thumb Code     0  startup_gd32f10x_cl.o(.text)
    UART5_IRQHandler                         0x0800017f   Thumb Code     0  startup_gd32f10x_cl.o(.text)
    USART1_IRQHandler                        0x0800017f   Thumb Code     0  startup_gd32f10x_cl.o(.text)
    USART2_IRQHandler                        0x0800017f   Thumb Code     0  startup_gd32f10x_cl.o(.text)
    USART3_IRQHandler                        0x0800017f   Thumb Code     0  startup_gd32f10x_cl.o(.text)
    WWDG_IRQHandler                          0x0800017f   Thumb Code     0  startup_gd32f10x_cl.o(.text)
    __scatterload                            0x08000189   Thumb Code    28  init.o(.text)
    __scatterload_rt2                        0x08000189   Thumb Code     0  init.o(.text)
    __decompress                             0x080001ad   Thumb Code     0  __dczerorl2.o(.text)
    __decompress1                            0x080001ad   Thumb Code    92  __dczerorl2.o(.text)
    BusFault_Handler                         0x08000209   Thumb Code     4  gd32f10x_it.o(i.BusFault_Handler)
    CAN1_RX0_IRQHandler                      0x0800020d   Thumb Code    92  can_init.o(i.CAN1_RX0_IRQHandler)
    CAN_DeInit                               0x08000279   Thumb Code    50  gd32f10x_can.o(i.CAN_DeInit)
    CAN_FilterInit                           0x080002b1   Thumb Code   258  gd32f10x_can.o(i.CAN_FilterInit)
    CAN_GetIntBitState                       0x080003b9   Thumb Code   282  gd32f10x_can.o(i.CAN_GetIntBitState)
    CAN_INTConfig                            0x080004d9   Thumb Code    18  gd32f10x_can.o(i.CAN_INTConfig)
    CAN_Init                                 0x080004eb   Thumb Code   274  gd32f10x_can.o(i.CAN_Init)
    CAN_Receive                              0x080005fd   Thumb Code   240  gd32f10x_can.o(i.CAN_Receive)
    CAN_StructInit                           0x080006ed   Thumb Code    36  gd32f10x_can.o(i.CAN_StructInit)
    DCD_EP_ClrStall                          0x0800071f   Thumb Code    56  usb_dcd.o(i.DCD_EP_ClrStall)
    DCD_EP_DeInit                            0x08000757   Thumb Code    52  usb_dcd.o(i.DCD_EP_DeInit)
    DCD_EP_Init                              0x0800078b   Thumb Code    78  usb_dcd.o(i.DCD_EP_Init)
    DCD_EP_Rx                                0x080007d9   Thumb Code    66  usb_dcd.o(i.DCD_EP_Rx)
    DCD_EP_SetAddress                        0x0800081d   Thumb Code    14  usb_dcd.o(i.DCD_EP_SetAddress)
    DCD_EP_SetStall                          0x08000831   Thumb Code    56  usb_dcd.o(i.DCD_EP_SetStall)
    DCD_EP_Tx                                0x08000869   Thumb Code    66  usb_dcd.o(i.DCD_EP_Tx)
    DCD_Init                                 0x080009dd   Thumb Code   170  usb_dcd.o(i.DCD_Init)
    DebugMon_Handler                         0x08000e5d   Thumb Code     2  gd32f10x_it.o(i.DebugMon_Handler)
    Delay                                    0x08000e5f   Thumb Code    44  shell.o(i.Delay)
    EXTI_ClearIntBitState                    0x08000e8d   Thumb Code     6  gd32f10x_exti.o(i.EXTI_ClearIntBitState)
    GPIO_Init                                0x08000e99   Thumb Code   274  gd32f10x_gpio.o(i.GPIO_Init)
    GPIO_PinRemapConfig                      0x08000fad   Thumb Code   138  gd32f10x_gpio.o(i.GPIO_PinRemapConfig)
    HardFault_Handler                        0x080010dd   Thumb Code     4  gd32f10x_it.o(i.HardFault_Handler)
    LEDs_init                                0x080010e1   Thumb Code    56  hw_conf.o(i.LEDs_init)
    MemManage_Handler                        0x08001121   Thumb Code     4  gd32f10x_it.o(i.MemManage_Handler)
    NMI_Handler                              0x08001125   Thumb Code     2  gd32f10x_it.o(i.NMI_Handler)
    NVIC_Init                                0x08001129   Thumb Code   194  gd32f10x_misc.o(i.NVIC_Init)
    NVIC_PRIGroup_Enable                     0x080011f9   Thumb Code    10  gd32f10x_misc.o(i.NVIC_PRIGroup_Enable)
    NVIC_VectTableSet                        0x0800120d   Thumb Code    12  gd32f10x_misc.o(i.NVIC_VectTableSet)
    OTG_FS_IRQHandler                        0x08001221   Thumb Code    10  gd32f10x_it.o(i.OTG_FS_IRQHandler)
    OTG_FS_WKUP_IRQHandler                   0x08001231   Thumb Code    56  gd32f10x_it.o(i.OTG_FS_WKUP_IRQHandler)
    PWR_DEEPSLEEPMode_Entry                  0x08001275   Thumb Code    58  gd32f10x_pwr.o(i.PWR_DEEPSLEEPMode_Entry)
    PendSV_Handler                           0x080012b9   Thumb Code     2  gd32f10x_it.o(i.PendSV_Handler)
    RCC_AHBPeriphClock_Enable                0x080012bd   Thumb Code    26  gd32f10x_rcc.o(i.RCC_AHBPeriphClock_Enable)
    RCC_APB1PeriphClock_Enable               0x080012dd   Thumb Code    26  gd32f10x_rcc.o(i.RCC_APB1PeriphClock_Enable)
    RCC_APB1PeriphReset_Enable               0x080012fd   Thumb Code    26  gd32f10x_rcc.o(i.RCC_APB1PeriphReset_Enable)
    RCC_APB2PeriphClock_Enable               0x0800131d   Thumb Code    26  gd32f10x_rcc.o(i.RCC_APB2PeriphClock_Enable)
    RCC_GetClocksFreq                        0x0800133d   Thumb Code   382  gd32f10x_rcc.o(i.RCC_GetClocksFreq)
    RCC_OTGFSCLKConfig                       0x080014d5   Thumb Code    22  gd32f10x_rcc.o(i.RCC_OTGFSCLKConfig)
    SVC_Handler                              0x080014f1   Thumb Code     2  gd32f10x_it.o(i.SVC_Handler)
    SysTick_Handler                          0x080015bd   Thumb Code     2  gd32f10x_it.o(i.SysTick_Handler)
    SystemInit                               0x080015c1   Thumb Code    86  system_gd32f10x.o(i.SystemInit)
    TIMER2_IRQHandler                        0x08001629   Thumb Code     8  gd32f10x_it.o(i.TIMER2_IRQHandler)
    TIMER_BaseInit                           0x08001631   Thumb Code   140  gd32f10x_timer.o(i.TIMER_BaseInit)
    TIMER_CARLPreloadConfig                  0x080016f1   Thumb Code    24  gd32f10x_timer.o(i.TIMER_CARLPreloadConfig)
    TIMER_ClearIntBitState                   0x08001709   Thumb Code     6  gd32f10x_timer.o(i.TIMER_ClearIntBitState)
    TIMER_Enable                             0x0800170f   Thumb Code    24  gd32f10x_timer.o(i.TIMER_Enable)
    TIMER_GetIntBitState                     0x08001727   Thumb Code    32  gd32f10x_timer.o(i.TIMER_GetIntBitState)
    TIMER_INTConfig                          0x08001747   Thumb Code    18  gd32f10x_timer.o(i.TIMER_INTConfig)
    USBD_ClrCfg                              0x08001a3d   Thumb Code    22  usbd_core.o(i.USBD_ClrCfg)
    USBD_CtlContinueRx                       0x08001b4b   Thumb Code    30  usbd_ctlx.o(i.USBD_CtlContinueRx)
    USBD_CtlContinueTx                       0x08001b69   Thumb Code    30  usbd_ctlx.o(i.USBD_CtlContinueTx)
    USBD_CtlError                            0x08001b87   Thumb Code    30  usbd_enum.o(i.USBD_CtlError)
    USBD_CtlReceiveStatus                    0x08001ba5   Thumb Code    32  usbd_ctlx.o(i.USBD_CtlReceiveStatus)
    USBD_CtlRx                               0x08001bc5   Thumb Code    42  usbd_ctlx.o(i.USBD_CtlRx)
    USBD_CtlTransmitStatus                   0x08001bef   Thumb Code    32  usbd_ctlx.o(i.USBD_CtlTransmitStatus)
    USBD_CtlTx                               0x08001c0f   Thumb Code    38  usbd_ctlx.o(i.USBD_CtlTx)
    USBD_DeInit                              0x08001d5d   Thumb Code     6  usbd_core.o(i.USBD_DeInit)
    USBD_DevClsReq                           0x08001d63   Thumb Code    82  usbd_enum.o(i.USBD_DevClsReq)
    USBD_GetUnicodeString                    0x080020b5   Thumb Code    56  usbd_enum.o(i.USBD_GetUnicodeString)
    USBD_Init                                0x080020ed   Thumb Code    50  usbd_core.o(i.USBD_Init)
    USBD_OTG_ISR_Handler                     0x08002143   Thumb Code   240  usb_dcd_int.o(i.USBD_OTG_ISR_Handler)
    USBD_ParseSetupRequest                   0x08002233   Thumb Code    64  usbd_enum.o(i.USBD_ParseSetupRequest)
    USBD_SetCfg                              0x08002313   Thumb Code    22  usbd_core.o(i.USBD_SetCfg)
    USBD_StdDevReq                           0x080025a5   Thumb Code    24  usbd_enum.o(i.USBD_StdDevReq)
    USBD_USER_ConfigStrDesc                  0x080025d1   Thumb Code    26  usbd_desc.o(i.USBD_USER_ConfigStrDesc)
    USBD_USER_DevDesc                        0x08002609   Thumb Code    10  usbd_desc.o(i.USBD_USER_DevDesc)
    USBD_USER_ItfStrDesc                     0x08002619   Thumb Code    26  usbd_desc.o(i.USBD_USER_ItfStrDesc)
    USBD_USER_LANGIDStrDesc                  0x08002655   Thumb Code    10  usbd_desc.o(i.USBD_USER_LANGIDStrDesc)
    USBD_USER_MFCStrDesc                     0x08002665   Thumb Code    20  usbd_desc.o(i.USBD_USER_MFCStrDesc)
    USBD_USER_ProdStrDesc                    0x08002695   Thumb Code    26  usbd_desc.o(i.USBD_USER_ProdStrDesc)
    USBD_USER_SerialStrDesc                  0x080026d5   Thumb Code    26  usbd_desc.o(i.USBD_USER_SerialStrDesc)
    USBD_VdrDefReq                           0x08002705   Thumb Code     6  usbd_enum.o(i.USBD_VdrDefReq)
    USB_OTG_CoreInit                         0x0800270b   Thumb Code    82  usb_core.o(i.USB_OTG_CoreInit)
    USB_OTG_CoreInitDev                      0x0800275d   Thumb Code   524  usb_core.o(i.USB_OTG_CoreInitDev)
    USB_OTG_EP0Activate                      0x080029ed   Thumb Code    88  usb_core.o(i.USB_OTG_EP0Activate)
    USB_OTG_EP0StartXfer                     0x08002a49   Thumb Code   298  usb_core.o(i.USB_OTG_EP0StartXfer)
    USB_OTG_EP0_StartOut                     0x08002b7d   Thumb Code    62  usb_core.o(i.USB_OTG_EP0_StartOut)
    USB_OTG_EPActivate                       0x08002bc1   Thumb Code   214  usb_core.o(i.USB_OTG_EPActivate)
    USB_OTG_EPClrStall                       0x08002ca1   Thumb Code   124  usb_core.o(i.USB_OTG_EPClrStall)
    USB_OTG_EPDeactivate                     0x08002d25   Thumb Code   102  usb_core.o(i.USB_OTG_EPDeactivate)
    USB_OTG_EPSetStall                       0x08002d95   Thumb Code   100  usb_core.o(i.USB_OTG_EPSetStall)
    USB_OTG_EPStartXfer                      0x08002e01   Thumb Code   454  usb_core.o(i.USB_OTG_EPStartXfer)
    USB_OTG_EnableDevInt                     0x08002ff1   Thumb Code    64  usb_core.o(i.USB_OTG_EnableDevInt)
    USB_OTG_FlushRxFifo                      0x08003039   Thumb Code    62  usb_core.o(i.USB_OTG_FlushRxFifo)
    USB_OTG_FlushTxFifo                      0x0800307d   Thumb Code    82  usb_core.o(i.USB_OTG_FlushTxFifo)
    USB_OTG_GetCurrentMode                   0x080030d5   Thumb Code    14  usb_core.o(i.USB_OTG_GetCurrentMode)
    USB_OTG_GetDevSpeed                      0x080030e5   Thumb Code    46  usb_core.o(i.USB_OTG_GetDevSpeed)
    USB_OTG_HWP_EnableInterrupt              0x08003119   Thumb Code    44  usb_hwp.o(i.USB_OTG_HWP_EnableInterrupt)
    USB_OTG_HWP_Init                         0x08003145   Thumb Code   128  usb_hwp.o(i.USB_OTG_HWP_Init)
    USB_OTG_HWP_TimerIRQ                     0x08003215   Thumb Code    50  usb_hwp.o(i.USB_OTG_HWP_TimerIRQ)
    USB_OTG_HWP_mDelay                       0x0800324d   Thumb Code    14  usb_hwp.o(i.USB_OTG_HWP_mDelay)
    USB_OTG_HWP_uDelay                       0x0800325b   Thumb Code    14  usb_hwp.o(i.USB_OTG_HWP_uDelay)
    USB_OTG_IsDeviceMode                     0x08003269   Thumb Code    22  usb_core.o(i.USB_OTG_IsDeviceMode)
    USB_OTG_ReadDevAllInEPIntr               0x08003281   Thumb Code    18  usb_core.o(i.USB_OTG_ReadDevAllInEPIntr)
    USB_OTG_ReadDevAllOutEpIntr              0x08003299   Thumb Code    18  usb_core.o(i.USB_OTG_ReadDevAllOutEpIntr)
    USB_OTG_ReadDevInEPIntr                  0x080032b1   Thumb Code    44  usb_core.o(i.USB_OTG_ReadDevInEPIntr)
    USB_OTG_ReadDevOutEPIntr                 0x080032e1   Thumb Code    18  usb_core.o(i.USB_OTG_ReadDevOutEPIntr)
    USB_OTG_ReadPacket                       0x080032fd   Thumb Code    38  usb_core.o(i.USB_OTG_ReadPacket)
    USB_OTG_SelectCore                       0x08003329   Thumb Code    40  usb_core.o(i.USB_OTG_SelectCore)
    USB_OTG_SetCurrentMode                   0x08003351   Thumb Code    66  usb_core.o(i.USB_OTG_SetCurrentMode)
    USB_OTG_UngateClock                      0x08003395   Thumb Code    48  usb_core.o(i.USB_OTG_UngateClock)
    USB_OTG_WritePacket                      0x080033cd   Thumb Code    56  usb_core.o(i.USB_OTG_WritePacket)
    UsageFault_Handler                       0x08003409   Thumb Code     4  gd32f10x_it.o(i.UsageFault_Handler)
    __scatterload_copy                       0x0800340d   Thumb Code    14  handlers.o(i.__scatterload_copy)
    __scatterload_null                       0x0800341b   Thumb Code     2  handlers.o(i.__scatterload_null)
    __scatterload_zeroinit                   0x0800341d   Thumb Code    14  handlers.o(i.__scatterload_zeroinit)
    init_CAN                                 0x0800342d   Thumb Code   264  can_init.o(i.init_CAN)
    main                                     0x0800353d   Thumb Code    82  app.o(i.main)
    Region$$Table$$Base                      0x080035a4   Number         0  anon$$obj.o(Region$$Table)
    Region$$Table$$Limit                     0x080035c4   Number         0  anon$$obj.o(Region$$Table)
    USER_desc                                0x20000000   Data          28  usbd_desc.o(.data)
    USBD_DeviceDesc                          0x2000001c   Data          18  usbd_desc.o(.data)
    USBD_DeviceQualifierDesc                 0x2000002e   Data          10  usbd_desc.o(.data)
    USBD_LANGIDDesc                          0x20000038   Data           4  usbd_desc.o(.data)
    HWP_delay                                0x2000003c   Data           4  usb_hwp.o(.data)
    USBOTG_Prescaler                         0x20000040   Data           4  usb_hwp.o(.data)
    Timer_Prescaler                          0x20000044   Data           4  usb_hwp.o(.data)
    USBD_DCD_INT_cb                          0x20000048   Data          44  usbd_core.o(.data)
    USBD_DCD_INT_fops                        0x20000074   Data           4  usbd_core.o(.data)
    end_packet                               0x200000b4   Data           4  usbd_cdc_core.o(.data)
    AppBufInPtr                              0x200000b8   Data           4  usbd_cdc_core.o(.data)
    AppBufOutPtr                             0x200000bc   Data           4  usbd_cdc_core.o(.data)
    AppRxLength                              0x200000c0   Data           4  usbd_cdc_core.o(.data)
    USB_Tx_State                             0x200000c4   Data           1  usbd_cdc_core.o(.data)
    USBD_CDC_cb                              0x200000cc   Data          64  usbd_cdc_core.o(.data)
    USBD_CDC_CfgDesc                         0x2000010c   Data          67  usbd_cdc_core.o(.data)
    USB_CMD_Buffer                           0x20000154   Data           8  usbd_cdc_core.o(.data)
    can1_resive0                             0x20000174   Data           4  can_init.o(.data)
    can1_resive1                             0x20000178   Data           4  can_init.o(.data)
    USB_OTG_dev                              0x2000017c   Data        1140  app.o(.bss)
    RCC_Clocks                               0x200005f0   Data          20  app.o(.bss)
    USBD_StrDesc                             0x20000604   Data         255  usbd_enum.o(.bss)
    USB_DATA_Buffer                          0x20000703   Data          64  usbd_cdc_core.o(.bss)
    APP_DATA_Buffer                          0x20000743   Data         512  usbd_cdc_core.o(.bss)
    msg_buf_can                              0x20000944   Data          20  can_init.o(.bss)
    TxMessage                                0x20000958   Data          20  can_init.o(.bss)
    RxMessage                                0x2000096c   Data          20  can_init.o(.bss)
    __initial_sp                             0x20001180   Data           0  startup_gd32f10x_cl.o(STACK)



==============================================================================

Memory Map of the image

  Image Entry point : 0x08000151

  Load Region LR_IROM1 (Base: 0x08000000, Size: 0x00003740, Max: 0x00100000, ABSOLUTE, COMPRESSED[0x000036bc])

    Execution Region ER_IROM1 (Base: 0x08000000, Size: 0x000035c4, Max: 0x00100000, ABSOLUTE)

    Base Addr    Size         Type   Attr      Idx    E Section Name        Object

    0x08000000   0x00000150   Data   RO         1290    RESET               startup_gd32f10x_cl.o
    0x08000150   0x00000000   Code   RO         3004  * .ARM.Collect$$$$00000000  mc_w.l(entry.o)
    0x08000150   0x00000004   Code   RO         3007    .ARM.Collect$$$$00000001  mc_w.l(entry2.o)
    0x08000154   0x00000004   Code   RO         3010    .ARM.Collect$$$$00000004  mc_w.l(entry5.o)
    0x08000158   0x00000000   Code   RO         3012    .ARM.Collect$$$$00000008  mc_w.l(entry7b.o)
    0x08000158   0x00000000   Code   RO         3014    .ARM.Collect$$$$0000000A  mc_w.l(entry8b.o)
    0x08000158   0x00000008   Code   RO         3015    .ARM.Collect$$$$0000000B  mc_w.l(entry9a.o)
    0x08000160   0x00000000   Code   RO         3017    .ARM.Collect$$$$0000000D  mc_w.l(entry10a.o)
    0x08000160   0x00000000   Code   RO         3019    .ARM.Collect$$$$0000000F  mc_w.l(entry11a.o)
    0x08000160   0x00000004   Code   RO         3008    .ARM.Collect$$$$00002712  mc_w.l(entry2.o)
    0x08000164   0x00000024   Code   RO         1291    .text               startup_gd32f10x_cl.o
    0x08000188   0x00000024   Code   RO         3021    .text               mc_w.l(init.o)
    0x080001ac   0x0000005c   Code   RO         3031    .text               mc_w.l(__dczerorl2.o)
    0x08000208   0x00000004   Code   RO          363    i.BusFault_Handler  gd32f10x_it.o
    0x0800020c   0x0000006c   Code   RO         2878    i.CAN1_RX0_IRQHandler  can_init.o
    0x08000278   0x00000038   Code   RO         2717    i.CAN_DeInit        gd32f10x_can.o
    0x080002b0   0x00000108   Code   RO         2721    i.CAN_FilterInit    gd32f10x_can.o
    0x080003b8   0x00000120   Code   RO         2724    i.CAN_GetIntBitState  gd32f10x_can.o
    0x080004d8   0x00000012   Code   RO         2728    i.CAN_INTConfig     gd32f10x_can.o
    0x080004ea   0x00000112   Code   RO         2729    i.CAN_Init          gd32f10x_can.o
    0x080005fc   0x000000f0   Code   RO         2731    i.CAN_Receive       gd32f10x_can.o
    0x080006ec   0x00000024   Code   RO         2733    i.CAN_StructInit    gd32f10x_can.o
    0x08000710   0x0000000e   Code   RO         2739    i.CheckINTState     gd32f10x_can.o
    0x0800071e   0x00000038   Code   RO          701    i.DCD_EP_ClrStall   usb_dcd.o
    0x08000756   0x00000034   Code   RO          702    i.DCD_EP_DeInit     usb_dcd.o
    0x0800078a   0x0000004e   Code   RO          705    i.DCD_EP_Init       usb_dcd.o
    0x080007d8   0x00000042   Code   RO          706    i.DCD_EP_Rx         usb_dcd.o
    0x0800081a   0x00000002   PAD
    0x0800081c   0x00000014   Code   RO          707    i.DCD_EP_SetAddress  usb_dcd.o
    0x08000830   0x00000038   Code   RO          708    i.DCD_EP_SetStall   usb_dcd.o
    0x08000868   0x00000042   Code   RO          710    i.DCD_EP_Tx         usb_dcd.o
    0x080008aa   0x0000001c   Code   RO          791    i.DCD_EarlySuspend_ISR  usb_dcd_int.o
    0x080008c6   0x00000040   Code   RO          792    i.DCD_EnumFinish_ISR  usb_dcd_int.o
    0x08000906   0x00000002   PAD
    0x08000908   0x000000d4   Code   RO          793    i.DCD_InEP_ISR      usb_dcd_int.o
    0x080009dc   0x000000aa   Code   RO          711    i.DCD_Init          usb_dcd.o
    0x08000a86   0x00000002   PAD
    0x08000a88   0x00000020   Code   RO          794    i.DCD_IsoINIncomplete_ISR  usb_dcd_int.o
    0x08000aa8   0x00000020   Code   RO          795    i.DCD_IsoOUTIncomplete_ISR  usb_dcd_int.o
    0x08000ac8   0x00000034   Code   RO          796    i.DCD_OTG_ISR       usb_dcd_int.o
    0x08000afc   0x000000ac   Code   RO          797    i.DCD_OutEP_ISR     usb_dcd_int.o
    0x08000ba8   0x000000b0   Code   RO          798    i.DCD_RxFifoStatus_ISR  usb_dcd_int.o
    0x08000c58   0x00000020   Code   RO          799    i.DCD_SOF_ISR       usb_dcd_int.o
    0x08000c78   0x00000020   Code   RO          800    i.DCD_SessionRequest_ISR  usb_dcd_int.o
    0x08000c98   0x000000b0   Code   RO          801    i.DCD_UsbReset_ISR  usb_dcd_int.o
    0x08000d48   0x00000020   Code   RO          802    i.DCD_UsbResume_ISR  usb_dcd_int.o
    0x08000d68   0x00000068   Code   RO          803    i.DCD_UsbSuspend_ISR  usb_dcd_int.o
    0x08000dd0   0x0000008c   Code   RO          804    i.DCD_WriteEmptyTxFifo  usb_dcd_int.o
    0x08000e5c   0x00000002   Code   RO          364    i.DebugMon_Handler  gd32f10x_it.o
    0x08000e5e   0x0000002c   Code   RO         2947    i.Delay             shell.o
    0x08000e8a   0x00000002   PAD
    0x08000e8c   0x0000000c   Code   RO         1426    i.EXTI_ClearIntBitState  gd32f10x_exti.o
    0x08000e98   0x00000112   Code   RO         1487    i.GPIO_Init         gd32f10x_gpio.o
    0x08000faa   0x00000002   PAD
    0x08000fac   0x00000090   Code   RO         1490    i.GPIO_PinRemapConfig  gd32f10x_gpio.o
    0x0800103c   0x0000002c   Code   RO          298    i.HWP_Delay         usb_hwp.o
    0x08001068   0x00000074   Code   RO          299    i.HWP_SetTime       usb_hwp.o
    0x080010dc   0x00000004   Code   RO          365    i.HardFault_Handler  gd32f10x_it.o
    0x080010e0   0x00000040   Code   RO         2924    i.LEDs_init         hw_conf.o
    0x08001120   0x00000004   Code   RO          366    i.MemManage_Handler  gd32f10x_it.o
    0x08001124   0x00000002   Code   RO          367    i.NMI_Handler       gd32f10x_it.o
    0x08001126   0x00000002   PAD
    0x08001128   0x000000d0   Code   RO         1603    i.NVIC_Init         gd32f10x_misc.o
    0x080011f8   0x00000014   Code   RO         1604    i.NVIC_PRIGroup_Enable  gd32f10x_misc.o
    0x0800120c   0x00000014   Code   RO         1606    i.NVIC_VectTableSet  gd32f10x_misc.o
    0x08001220   0x00000010   Code   RO          368    i.OTG_FS_IRQHandler  gd32f10x_it.o
    0x08001230   0x00000044   Code   RO          369    i.OTG_FS_WKUP_IRQHandler  gd32f10x_it.o
    0x08001274   0x00000044   Code   RO         2649    i.PWR_DEEPSLEEPMode_Entry  gd32f10x_pwr.o
    0x080012b8   0x00000002   Code   RO          370    i.PendSV_Handler    gd32f10x_it.o
    0x080012ba   0x00000002   PAD
    0x080012bc   0x00000020   Code   RO         1649    i.RCC_AHBPeriphClock_Enable  gd32f10x_rcc.o
    0x080012dc   0x00000020   Code   RO         1652    i.RCC_APB1PeriphClock_Enable  gd32f10x_rcc.o
    0x080012fc   0x00000020   Code   RO         1653    i.RCC_APB1PeriphReset_Enable  gd32f10x_rcc.o
    0x0800131c   0x00000020   Code   RO         1655    i.RCC_APB2PeriphClock_Enable  gd32f10x_rcc.o
    0x0800133c   0x00000198   Code   RO         1666    i.RCC_GetClocksFreq  gd32f10x_rcc.o
    0x080014d4   0x0000001c   Code   RO         1677    i.RCC_OTGFSCLKConfig  gd32f10x_rcc.o
    0x080014f0   0x00000002   Code   RO          371    i.SVC_Handler       gd32f10x_it.o
    0x080014f2   0x00000008   Code   RO         1248    i.SetSysClock       system_gd32f10x.o
    0x080014fa   0x00000002   PAD
    0x080014fc   0x000000c0   Code   RO         1249    i.SetSysClockTo48   system_gd32f10x.o
    0x080015bc   0x00000002   Code   RO          372    i.SysTick_Handler   gd32f10x_it.o
    0x080015be   0x00000002   PAD
    0x080015c0   0x00000068   Code   RO         1251    i.SystemInit        system_gd32f10x.o
    0x08001628   0x00000008   Code   RO          373    i.TIMER2_IRQHandler  gd32f10x_it.o
    0x08001630   0x000000c0   Code   RO         2097    i.TIMER_BaseInit    gd32f10x_timer.o
    0x080016f0   0x00000018   Code   RO         2099    i.TIMER_CARLPreloadConfig  gd32f10x_timer.o
    0x08001708   0x00000006   Code   RO         2105    i.TIMER_ClearIntBitState  gd32f10x_timer.o
    0x0800170e   0x00000018   Code   RO         2118    i.TIMER_Enable      gd32f10x_timer.o
    0x08001726   0x00000020   Code   RO         2131    i.TIMER_GetIntBitState  gd32f10x_timer.o
    0x08001746   0x00000012   Code   RO         2135    i.TIMER_INTConfig   gd32f10x_timer.o
    0x08001758   0x000000b8   Code   RO         1163    i.USBD_CDC_AsynchXferHandle  usbd_cdc_core.o
    0x08001810   0x0000003c   Code   RO         1164    i.USBD_CDC_ClassReqHandle  usbd_cdc_core.o
    0x0800184c   0x00000098   Code   RO         1165    i.USBD_CDC_DataIn   usbd_cdc_core.o
    0x080018e4   0x0000002c   Code   RO         1166    i.USBD_CDC_DataOut  usbd_cdc_core.o
    0x08001910   0x00000022   Code   RO         1167    i.USBD_CDC_DeInit   usbd_cdc_core.o
    0x08001932   0x00000002   PAD
    0x08001934   0x00000018   Code   RO         1168    i.USBD_CDC_EP0_RxReady  usbd_cdc_core.o
    0x0800194c   0x00000010   Code   RO         1169    i.USBD_CDC_GetCfgDesc  usbd_cdc_core.o
    0x0800195c   0x0000003c   Code   RO         1170    i.USBD_CDC_GetClassDescriptor  usbd_cdc_core.o
    0x08001998   0x00000018   Code   RO         1171    i.USBD_CDC_GetInterface  usbd_cdc_core.o
    0x080019b0   0x00000040   Code   RO         1172    i.USBD_CDC_Init     usbd_cdc_core.o
    0x080019f0   0x00000028   Code   RO         1173    i.USBD_CDC_SOF      usbd_cdc_core.o
    0x08001a18   0x00000024   Code   RO         1174    i.USBD_CDC_SetInterface  usbd_cdc_core.o
    0x08001a3c   0x00000016   Code   RO          885    i.USBD_ClrCfg       usbd_core.o
    0x08001a52   0x000000f8   Code   RO         1045    i.USBD_ClrFeature   usbd_enum.o
    0x08001b4a   0x0000001e   Code   RO          989    i.USBD_CtlContinueRx  usbd_ctlx.o
    0x08001b68   0x0000001e   Code   RO          990    i.USBD_CtlContinueTx  usbd_ctlx.o
    0x08001b86   0x0000001e   Code   RO         1046    i.USBD_CtlError     usbd_enum.o
    0x08001ba4   0x00000020   Code   RO          991    i.USBD_CtlReceiveStatus  usbd_ctlx.o
    0x08001bc4   0x0000002a   Code   RO          992    i.USBD_CtlRx        usbd_ctlx.o
    0x08001bee   0x00000020   Code   RO          993    i.USBD_CtlTransmitStatus  usbd_ctlx.o
    0x08001c0e   0x00000026   Code   RO          994    i.USBD_CtlTx        usbd_ctlx.o
    0x08001c34   0x000000ae   Code   RO          886    i.USBD_DataInStage  usbd_core.o
    0x08001ce2   0x0000007a   Code   RO          887    i.USBD_DataOutStage  usbd_core.o
    0x08001d5c   0x00000006   Code   RO          888    i.USBD_DeInit       usbd_core.o
    0x08001d62   0x00000052   Code   RO         1047    i.USBD_DevClsReq    usbd_enum.o
    0x08001db4   0x0000000a   Code   RO          889    i.USBD_DevConnected  usbd_core.o
    0x08001dbe   0x00000018   Code   RO          890    i.USBD_DevDisconnected  usbd_core.o
    0x08001dd6   0x0000004e   Code   RO         1048    i.USBD_GetConfig    usbd_enum.o
    0x08001e24   0x00000144   Code   RO         1049    i.USBD_GetDescriptor  usbd_enum.o
    0x08001f68   0x00000048   Code   RO         1050    i.USBD_GetInterface  usbd_enum.o
    0x08001fb0   0x00000104   Code   RO         1051    i.USBD_GetStatus    usbd_enum.o
    0x080020b4   0x00000038   Code   RO         1052    i.USBD_GetUnicodeString  usbd_enum.o
    0x080020ec   0x00000032   Code   RO          891    i.USBD_Init         usbd_core.o
    0x0800211e   0x00000012   Code   RO          892    i.USBD_IsoINIncomplete  usbd_core.o
    0x08002130   0x00000012   Code   RO          893    i.USBD_IsoOUTIncomplete  usbd_core.o
    0x08002142   0x000000f0   Code   RO          805    i.USBD_OTG_ISR_Handler  usb_dcd_int.o
    0x08002232   0x00000040   Code   RO         1053    i.USBD_ParseSetupRequest  usbd_enum.o
    0x08002272   0x00000002   Code   RO         1054    i.USBD_Reserved     usbd_enum.o
    0x08002274   0x00000024   Code   RO          894    i.USBD_Reset        usbd_core.o
    0x08002298   0x0000000e   Code   RO          895    i.USBD_Resume       usbd_core.o
    0x080022a6   0x00000006   Code   RO          896    i.USBD_RunTestMode  usbd_core.o
    0x080022ac   0x0000001a   Code   RO          897    i.USBD_SOF          usbd_core.o
    0x080022c6   0x0000004c   Code   RO         1055    i.USBD_SetAddress   usbd_enum.o
    0x08002312   0x00000016   Code   RO          898    i.USBD_SetCfg       usbd_core.o
    0x08002328   0x000000bc   Code   RO         1056    i.USBD_SetConfig    usbd_enum.o
    0x080023e4   0x00000002   Code   RO         1057    i.USBD_SetDescriptor  usbd_enum.o
    0x080023e6   0x00000002   PAD
    0x080023e8   0x00000120   Code   RO         1058    i.USBD_SetFeature   usbd_enum.o
    0x08002508   0x00000048   Code   RO         1059    i.USBD_SetInterface  usbd_enum.o
    0x08002550   0x00000054   Code   RO          899    i.USBD_SetupStage   usbd_core.o
    0x080025a4   0x0000001c   Code   RO         1060    i.USBD_StdDevReq    usbd_enum.o
    0x080025c0   0x0000000e   Code   RO          900    i.USBD_Suspend      usbd_core.o
    0x080025ce   0x00000002   Code   RO         1061    i.USBD_SynchFrame   usbd_enum.o
    0x080025d0   0x00000038   Code   RO          232    i.USBD_USER_ConfigStrDesc  usbd_desc.o
    0x08002608   0x00000010   Code   RO          233    i.USBD_USER_DevDesc  usbd_desc.o
    0x08002618   0x0000003c   Code   RO          234    i.USBD_USER_ItfStrDesc  usbd_desc.o
    0x08002654   0x00000010   Code   RO          235    i.USBD_USER_LANGIDStrDesc  usbd_desc.o
    0x08002664   0x00000030   Code   RO          236    i.USBD_USER_MFCStrDesc  usbd_desc.o
    0x08002694   0x00000040   Code   RO          237    i.USBD_USER_ProdStrDesc  usbd_desc.o
    0x080026d4   0x00000030   Code   RO          238    i.USBD_USER_SerialStrDesc  usbd_desc.o
    0x08002704   0x00000006   Code   RO         1062    i.USBD_VdrDefReq    usbd_enum.o
    0x0800270a   0x00000052   Code   RO          454    i.USB_OTG_CoreInit  usb_core.o
    0x0800275c   0x00000228   Code   RO          455    i.USB_OTG_CoreInitDev  usb_core.o
    0x08002984   0x00000068   Code   RO          456    i.USB_OTG_CoreReset  usb_core.o
    0x080029ec   0x0000005c   Code   RO          458    i.USB_OTG_EP0Activate  usb_core.o
    0x08002a48   0x00000134   Code   RO          459    i.USB_OTG_EP0StartXfer  usb_core.o
    0x08002b7c   0x00000044   Code   RO          460    i.USB_OTG_EP0_StartOut  usb_core.o
    0x08002bc0   0x000000e0   Code   RO          461    i.USB_OTG_EPActivate  usb_core.o
    0x08002ca0   0x00000084   Code   RO          462    i.USB_OTG_EPClrStall  usb_core.o
    0x08002d24   0x00000070   Code   RO          463    i.USB_OTG_EPDeactivate  usb_core.o
    0x08002d94   0x0000006c   Code   RO          464    i.USB_OTG_EPSetStall  usb_core.o
    0x08002e00   0x000001d4   Code   RO          465    i.USB_OTG_EPStartXfer  usb_core.o
    0x08002fd4   0x0000001c   Code   RO          466    i.USB_OTG_EnableCommonInt  usb_core.o
    0x08002ff0   0x00000048   Code   RO          467    i.USB_OTG_EnableDevInt  usb_core.o
    0x08003038   0x00000044   Code   RO          469    i.USB_OTG_FlushRxFifo  usb_core.o
    0x0800307c   0x00000058   Code   RO          470    i.USB_OTG_FlushTxFifo  usb_core.o
    0x080030d4   0x0000000e   Code   RO          471    i.USB_OTG_GetCurrentMode  usb_core.o
    0x080030e2   0x00000002   PAD
    0x080030e4   0x00000034   Code   RO          472    i.USB_OTG_GetDevSpeed  usb_core.o
    0x08003118   0x0000002c   Code   RO          300    i.USB_OTG_HWP_EnableInterrupt  usb_hwp.o
    0x08003144   0x00000098   Code   RO          301    i.USB_OTG_HWP_Init  usb_hwp.o
    0x080031dc   0x00000038   Code   RO          302    i.USB_OTG_HWP_TimeInit  usb_hwp.o
    0x08003214   0x00000038   Code   RO          303    i.USB_OTG_HWP_TimerIRQ  usb_hwp.o
    0x0800324c   0x0000000e   Code   RO          304    i.USB_OTG_HWP_mDelay  usb_hwp.o
    0x0800325a   0x0000000e   Code   RO          305    i.USB_OTG_HWP_uDelay  usb_hwp.o
    0x08003268   0x00000016   Code   RO          475    i.USB_OTG_IsDeviceMode  usb_core.o
    0x0800327e   0x00000002   PAD
    0x08003280   0x00000018   Code   RO          478    i.USB_OTG_ReadDevAllInEPIntr  usb_core.o
    0x08003298   0x00000018   Code   RO          479    i.USB_OTG_ReadDevAllOutEpIntr  usb_core.o
    0x080032b0   0x00000030   Code   RO          480    i.USB_OTG_ReadDevInEPIntr  usb_core.o
    0x080032e0   0x0000001c   Code   RO          481    i.USB_OTG_ReadDevOutEPIntr  usb_core.o
    0x080032fc   0x0000002c   Code   RO          483    i.USB_OTG_ReadPacket  usb_core.o
    0x08003328   0x00000028   Code   RO          485    i.USB_OTG_SelectCore  usb_core.o
    0x08003350   0x00000042   Code   RO          486    i.USB_OTG_SetCurrentMode  usb_core.o
    0x08003392   0x00000002   PAD
    0x08003394   0x00000038   Code   RO          490    i.USB_OTG_UngateClock  usb_core.o
    0x080033cc   0x0000003c   Code   RO          491    i.USB_OTG_WritePacket  usb_core.o
    0x08003408   0x00000004   Code   RO          374    i.UsageFault_Handler  gd32f10x_it.o
    0x0800340c   0x0000000e   Code   RO         3025    i.__scatterload_copy  mc_w.l(handlers.o)
    0x0800341a   0x00000002   Code   RO         3026    i.__scatterload_null  mc_w.l(handlers.o)
    0x0800341c   0x0000000e   Code   RO         3027    i.__scatterload_zeroinit  mc_w.l(handlers.o)
    0x0800342a   0x00000002   PAD
    0x0800342c   0x00000110   Code   RO         2881    i.init_CAN          can_init.o
    0x0800353c   0x00000068   Code   RO            4    i.main              app.o
    0x080035a4   0x00000020   Data   RO         3023    Region$$Table       anon$$obj.o


    Execution Region RW_IRAM1 (Base: 0x20000000, Size: 0x00001180, Max: 0x00018000, ABSOLUTE, COMPRESSED[0x000000f8])

    Base Addr    Size         Type   Attr      Idx    E Section Name        Object

    0x20000000   0x0000003c   Data   RW          239    .data               usbd_desc.o
    0x2000003c   0x0000000c   Data   RW          306    .data               usb_hwp.o
    0x20000048   0x00000030   Data   RW          901    .data               usbd_core.o
    0x20000078   0x00000035   Data   RW         1064    .data               usbd_enum.o
    0x200000ad   0x00000003   PAD
    0x200000b0   0x000000ac   Data   RW         1176    .data               usbd_cdc_core.o
    0x2000015c   0x00000018   Data   RW         1689    .data               gd32f10x_rcc.o
    0x20000174   0x00000008   Data   RW         2883    .data               can_init.o
    0x2000017c   0x00000488   Zero   RW            5    .bss                app.o
    0x20000604   0x000000ff   Zero   RW         1063    .bss                usbd_enum.o
    0x20000703   0x00000240   Zero   RW         1175    .bss                usbd_cdc_core.o
    0x20000943   0x00000001   PAD
    0x20000944   0x0000003c   Zero   RW         2882    .bss                can_init.o
    0x20000980   0x00000800   Zero   RW         1288    STACK               startup_gd32f10x_cl.o


==============================================================================

Image component sizes


      Code (inc. data)   RO Data    RW Data    ZI Data      Debug   Object Name

       104         22          0          0       1160     286516   app.o
       380         24          0          8         60       1517   can_init.o
      1190         18          0          0          0       6329   gd32f10x_can.o
        12          6          0          0          0        540   gd32f10x_exti.o
       418          6          0          0          0       2878   gd32f10x_gpio.o
       118         18          0          0          0       4779   gd32f10x_it.o
       248         32          0          0          0       2303   gd32f10x_misc.o
        68         10          0          0          0        662   gd32f10x_pwr.o
       564         64          0         24          0       5432   gd32f10x_rcc.o
       296         52          0          0          0       4388   gd32f10x_timer.o
        64          8          0          0          0        372   hw_conf.o
        44          0          0          0          0       1102   shell.o
        36          8        336          0       2048        796   startup_gd32f10x_cl.o
       304         26          0          0          0       2641   system_gd32f10x.o
      2984        180          0          0          0      18109   usb_core.o
       564          6          0          0          0       5637   usb_dcd.o
      1524         90          0          0          0       9531   usb_dcd_int.o
       496         42          0         12          0       4471   usb_hwp.o
       738         96          0        172        576       8863   usbd_cdc_core.o
       646          0          0         48          0      10838   usbd_core.o
       204          0          0          0          0       4277   usbd_ctlx.o
       308        164          0         60          0       4793   usbd_desc.o
      1878         34          0         53        255      12335   usbd_enum.o

    ----------------------------------------------------------------------
     13216        906        368        380       4100     399109   Object Totals
         0          0         32          0          0          0   (incl. Generated)
        28          0          0          3          1          0   (incl. Padding)

    ----------------------------------------------------------------------

      Code (inc. data)   RO Data    RW Data    ZI Data      Debug   Library Member Name

        92          0          0          0          0          0   __dczerorl2.o
         0          0          0          0          0          0   entry.o
         0          0          0          0          0          0   entry10a.o
         0          0          0          0          0          0   entry11a.o
         8          4          0          0          0          0   entry2.o
         4          0          0          0          0          0   entry5.o
         0          0          0          0          0          0   entry7b.o
         0          0          0          0          0          0   entry8b.o
         8          4          0          0          0          0   entry9a.o
        30          0          0          0          0          0   handlers.o
        36          8          0          0          0         68   init.o

    ----------------------------------------------------------------------
       180         16          0          0          0         68   Library Totals
         2          0          0          0          0          0   (incl. Padding)

    ----------------------------------------------------------------------

      Code (inc. data)   RO Data    RW Data    ZI Data      Debug   Library Name

       178         16          0          0          0         68   mc_w.l

    ----------------------------------------------------------------------
       180         16          0          0          0         68   Library Totals

    ----------------------------------------------------------------------

==============================================================================


      Code (inc. data)   RO Data    RW Data    ZI Data      Debug   

     13396        922        368        380       4100     390805   Grand Totals
     13396        922        368        248       4100     390805   ELF Image Totals (compressed)
     13396        922        368        248          0          0   ROM Totals

==============================================================================

    Total RO  Size (Code + RO Data)                13764 (  13.44kB)
    Total RW  Size (RW Data + ZI Data)              4480 (   4.38kB)
    Total ROM Size (Code + RO Data + RW Data)      14012 (  13.68kB)

==============================================================================

